Archive member included to satisfy reference by file (symbol)

/mnt/d/Proyectos/GBA_devkitPro/tonc/lab/bigmap/../../tonclib/lib/libtonc.a(tonc_input.o)
                              bigmap.o (key_poll)
/mnt/d/Proyectos/GBA_devkitPro/tonc/lab/bigmap/../../tonclib/lib/libtonc.a(tonc_irq.o)
                              bigmap.o (irq_init)
/mnt/d/Proyectos/GBA_devkitPro/tonc/lab/bigmap/../../tonclib/lib/libtonc.a(tonc_oam.o)
                              bigmap.o (oam_init)
/mnt/d/Proyectos/GBA_devkitPro/tonc/lab/bigmap/../../tonclib/lib/libtonc.a(chr4c_drawg_b4cts.o)
                              bigmap.o (chr4c_drawg_b4cts)
/mnt/d/Proyectos/GBA_devkitPro/tonc/lab/bigmap/../../tonclib/lib/libtonc.a(tte_init_chr4c.o)
                              bigmap.o (tte_init_chr4c)
/mnt/d/Proyectos/GBA_devkitPro/tonc/lab/bigmap/../../tonclib/lib/libtonc.a(tte_iohook.o)
                              bigmap.o (tte_init_con)
/mnt/d/Proyectos/GBA_devkitPro/tonc/lab/bigmap/../../tonclib/lib/libtonc.a(tte_main.o)
                              /mnt/d/Proyectos/GBA_devkitPro/tonc/lab/bigmap/../../tonclib/lib/libtonc.a(tte_init_chr4c.o) (tte_init_base)
/mnt/d/Proyectos/GBA_devkitPro/tonc/lab/bigmap/../../tonclib/lib/libtonc.a(tonc_bios.o)
                              bigmap.o (VBlankIntrWait)
/mnt/d/Proyectos/GBA_devkitPro/tonc/lab/bigmap/../../tonclib/lib/libtonc.a(tonc_bios_ex.o)
                              /mnt/d/Proyectos/GBA_devkitPro/tonc/lab/bigmap/../../tonclib/lib/libtonc.a(tte_main.o) (VBlankIntrDelay)
/mnt/d/Proyectos/GBA_devkitPro/tonc/lab/bigmap/../../tonclib/lib/libtonc.a(tonc_isr_master.o)
                              /mnt/d/Proyectos/GBA_devkitPro/tonc/lab/bigmap/../../tonclib/lib/libtonc.a(tonc_irq.o) (isr_master)
/mnt/d/Proyectos/GBA_devkitPro/tonc/lab/bigmap/../../tonclib/lib/libtonc.a(tonc_memcpy.o)
                              link.o (memcpy32)
/mnt/d/Proyectos/GBA_devkitPro/tonc/lab/bigmap/../../tonclib/lib/libtonc.a(tonc_memset.o)
                              /mnt/d/Proyectos/GBA_devkitPro/tonc/lab/bigmap/../../tonclib/lib/libtonc.a(tonc_irq.o) (memset32)
/mnt/d/Proyectos/GBA_devkitPro/tonc/lab/bigmap/../../tonclib/lib/libtonc.a(tonc_nocash.o)
                              /mnt/d/Proyectos/GBA_devkitPro/tonc/lab/bigmap/../../tonclib/lib/libtonc.a(tte_iohook.o) (nocash_message)
/mnt/d/Proyectos/GBA_devkitPro/tonc/lab/bigmap/../../tonclib/lib/libtonc.a(sys8.o)
                              /mnt/d/Proyectos/GBA_devkitPro/tonc/lab/bigmap/../../tonclib/lib/libtonc.a(tte_main.o) (sys8Font)
/mnt/d/Proyectos/GBA_devkitPro/tonc/lab/bigmap/../../tonclib/lib/libtonc.a(verdana9.o)
                              /mnt/d/Proyectos/GBA_devkitPro/tonc/lab/bigmap/../../tonclib/lib/libtonc.a(tte_init_chr4c.o) (verdana9Font)
/mnt/d/Proyectos/GBA_devkitPro/tonc/lab/bigmap/../../tonclib/lib/libtonc.a(verdana9_b4.o)
                              bigmap.o (verdana9_b4Font)
/mnt/d/Proyectos/GBA_devkitPro/tonc/lab/bigmap/../../tonclib/lib/libtonc.a(chr4c_drawg_b4cts_fast.o)
                              bigmap.o (chr4c_drawg_b4cts_fast)
/mnt/d/Proyectos/GBA_devkitPro/tonc/lab/bigmap/../../tonclib/lib/libtonc.a(tonc_schr4c.o)
                              /mnt/d/Proyectos/GBA_devkitPro/tonc/lab/bigmap/../../tonclib/lib/libtonc.a(tte_init_chr4c.o) (schr4c_rect)
/mnt/d/Proyectos/GBA_devkitPro/tonc/lab/bigmap/../../tonclib/lib/libtonc.a(tonc_surface.o)
                              /mnt/d/Proyectos/GBA_devkitPro/tonc/lab/bigmap/../../tonclib/lib/libtonc.a(tte_init_chr4c.o) (srf_init)
/mnt/d/Proyectos/GBA_devkitPro/tonc/lab/bigmap/../../tonclib/lib/libtonc.a(chr4c_drawg_b1cts.o)
                              /mnt/d/Proyectos/GBA_devkitPro/tonc/lab/bigmap/../../tonclib/lib/libtonc.a(tte_init_chr4c.o) (chr4c_drawg_b1cts)
/opt/devkitpro/devkitARM/bin/../lib/gcc/arm-none-eabi/11.1.0/thumb/libgcc.a(_divsi3.o)
                              /mnt/d/Proyectos/GBA_devkitPro/tonc/lab/bigmap/../../tonclib/lib/libtonc.a(tte_iohook.o) (__aeabi_idiv)
/opt/devkitpro/devkitARM/bin/../lib/gcc/arm-none-eabi/11.1.0/thumb/libgcc.a(_dvmd_tls.o)
                              /opt/devkitpro/devkitARM/bin/../lib/gcc/arm-none-eabi/11.1.0/thumb/libgcc.a(_divsi3.o) (__aeabi_idiv0)
/opt/devkitpro/devkitARM/bin/../lib/gcc/arm-none-eabi/11.1.0/../../../../arm-none-eabi/lib/thumb/libc.a(lib_a-impure.o)
                              /mnt/d/Proyectos/GBA_devkitPro/tonc/lab/bigmap/../../tonclib/lib/libtonc.a(tte_iohook.o) (_impure_ptr)
/opt/devkitpro/devkitARM/bin/../lib/gcc/arm-none-eabi/11.1.0/../../../../arm-none-eabi/lib/thumb/libc.a(lib_a-init.o)
                              /opt/devkitpro/devkitARM/bin/../lib/gcc/arm-none-eabi/11.1.0/../../../../arm-none-eabi/lib/thumb/gba_crt0.o (__libc_init_array)
/opt/devkitpro/devkitARM/bin/../lib/gcc/arm-none-eabi/11.1.0/../../../../arm-none-eabi/lib/thumb/libc.a(lib_a-iprintf.o)
                              bigmap.o (iprintf)
[...]
Memory Configuration

Name             Origin             Length             Attributes
rom              0x0000000008000000 0x0000000002000000
iwram            0x0000000003000000 0x0000000000008000
ewram            0x0000000002000000 0x0000000000040000
*default*        0x0000000000000000 0xffffffffffffffff

Linker script and memory map

                0x0000000008000000                __text_start = ORIGIN (rom)
                0x0000000002040000                __eheap_end = (ORIGIN (ewram) + LENGTH (ewram))
                0x0000000003000000                __iwram_start = ORIGIN (iwram)
                0x0000000003008000                __iwram_top = (ORIGIN (iwram) + LENGTH (iwram))
                0x0000000003007fa0                __sp_irq = (__iwram_top - 0x60)
                0x0000000003007f00                __sp_usr = (__sp_irq - 0xa0)
                0x0000000003007ff8                __irq_flags = 0x3007ff8
                0x0000000008000000                . = __text_start

.crt0           0x0000000008000000      0x210
 *(.crt0)
 .crt0          0x0000000008000000      0x210 /opt/devkitpro/devkitARM/bin/../lib/gcc/arm-none-eabi/11.1.0/../../../../arm-none-eabi/lib/thumb/gba_crt0.o
                0x0000000008000000                _start
                0x00000000080000c4                __boot_method
                0x00000000080000c5                __slave_number
                0x00000000080000e0                start_vector
                0x0000000008000210                . = ALIGN (0x4)

.init           0x0000000008000210        0xc
 *(SORT_NONE(.init))
 .init          0x0000000008000210        0x4 /opt/devkitpro/devkitARM/bin/../lib/gcc/arm-none-eabi/11.1.0/thumb/crti.o
                0x0000000008000210                _init
 .init          0x0000000008000214        0x8 /opt/devkitpro/devkitARM/bin/../lib/gcc/arm-none-eabi/11.1.0/thumb/crtn.o

.plt            0x000000000800021c        0x0
 *(.plt)
                0x000000000800021c                . = ALIGN (0x4)

.text           0x0000000008000220     0x98a0
 *(EXCLUDE_FILE(*.iwram*) .text*)
 .text.__do_global_dtors_aux
                0x0000000008000220       0x2c /opt/devkitpro/devkitARM/bin/../lib/gcc/arm-none-eabi/11.1.0/thumb/crtbegin.o
 .text.frame_dummy
                0x000000000800024c       0x24 /opt/devkitpro/devkitARM/bin/../lib/gcc/arm-none-eabi/11.1.0/thumb/crtbegin.o
 .text          0x0000000008000270      0x354 link.o
                0x0000000008000270                link_init
                0x00000000080002ac                link_set_state
                0x00000000080002b4                link_input
                0x0000000008000330                link_move
                0x0000000008000344                link_animate
 .text          0x00000000080005c4      0x3ec bigmap.o
                0x00000000080005c4                vp_set_pos
                0x000000000800060c                bgt_init
                0x00000000080006a0                bgt_colcpy
                0x0000000008000710                bgt_rowcpy
                0x0000000008000770                bgt_update
                0x00000000080007f0                init_textbox
                0x000000000800086c                init_main
 .text.startup  0x00000000080009b0       0xf4 bigmap.o
                0x00000000080009b0                main
 .text          0x0000000008000aa4       0xac /mnt/d/Proyectos/GBA_devkitPro/tonc/lab/bigmap/../../tonclib/lib/libtonc.a(tonc_input.o)
                0x0000000008000aa4                key_poll
                0x0000000008000afc                key_wait_till_hit
                0x0000000008000b20                key_repeat
                0x0000000008000b2c                key_repeat_mask
                0x0000000008000b3c                key_repeat_limits
 .text          0x0000000008000b50      0x35c /mnt/d/Proyectos/GBA_devkitPro/tonc/lab/bigmap/../../tonclib/lib/libtonc.a(tonc_irq.o)
                0x0000000008000b50                irq_init
                0x0000000008000b94                irq_set_master
                0x0000000008000bc4                irq_set
                0x0000000008000cf0                irq_add
                0x0000000008000d68                irq_delete
                0x0000000008000e20                irq_enable
                0x0000000008000e68                irq_disable
 .text          0x0000000008000eac       0xcc /mnt/d/Proyectos/GBA_devkitPro/tonc/lab/bigmap/../../tonclib/lib/libtonc.a(tonc_oam.o)
                0x0000000008000eac                oam_init
                0x0000000008000ef8                obj_copy
                0x0000000008000f24                obj_hide_multi
                0x0000000008000f4c                obj_unhide_multi
 .text          0x0000000008000f78      0x120 /mnt/d/Proyectos/GBA_devkitPro/tonc/lab/bigmap/../../tonclib/lib/libtonc.a(chr4c_drawg_b4cts.o)
                0x0000000008000f78                chr4c_drawg_b4cts
 .text          0x0000000008001098       0xfc /mnt/d/Proyectos/GBA_devkitPro/tonc/lab/bigmap/../../tonclib/lib/libtonc.a(tte_init_chr4c.o)
                0x0000000008001098                chr4c_erase
                0x00000000080010c4                tte_init_chr4c
 .text          0x0000000008001194      0x34c /mnt/d/Proyectos/GBA_devkitPro/tonc/lab/bigmap/../../tonclib/lib/libtonc.a(tte_iohook.o)
                0x0000000008001194                tte_con_nocash
                0x00000000080011fc                tte_init_con
                0x0000000008001244                tte_cmd_vt100
                0x00000000080013a4                tte_con_write
 .text          0x00000000080014e0      0x9e0 /mnt/d/Proyectos/GBA_devkitPro/tonc/lab/bigmap/../../tonclib/lib/libtonc.a(tte_main.o)
                0x00000000080014e0                dummy_drawg
                0x00000000080014e4                dummy_erase
                0x00000000080014e8                tte_set_context
                0x0000000008001504                tte_set_color_attr
                0x0000000008001514                tte_set_color_attrs
                0x0000000008001530                tte_set_color
                0x0000000008001554                tte_set_colors
                0x0000000008001590                tte_init_base
                0x0000000008001624                utf8_decode_char
                0x00000000080016d4                tte_cmd_skip
                0x00000000080016e8                tte_cmd_next
                0x0000000008001724                tte_putc
                0x0000000008001774                tte_erase_rect
                0x0000000008001790                tte_erase_screen
                0x00000000080017b4                tte_erase_line
                0x00000000080017dc                tte_cmd_default
                0x0000000008001c98                tte_write
                0x0000000008001d84                tte_write_ex
                0x0000000008001db4                tte_get_text_size
                0x0000000008001ea0                tte_set_margins
 .text          0x0000000008001ec0       0x8c /mnt/d/Proyectos/GBA_devkitPro/tonc/lab/bigmap/../../tonclib/lib/libtonc.a(tonc_bios.o)
                0x0000000008001ec0                SoftReset
                0x0000000008001ec4                RegisterRamReset
                0x0000000008001ec8                Halt
                0x0000000008001ecc                Stop
                0x0000000008001ed0                IntrWait
                0x0000000008001ed4                VBlankIntrWait
                0x0000000008001ed8                Div
                0x0000000008001edc                DivArm
                0x0000000008001ee0                Sqrt
                0x0000000008001ee4                ArcTan
                0x0000000008001ee8                ArcTan2
                0x0000000008001eec                CpuSet
                0x0000000008001ef0                CpuFastSet
                0x0000000008001ef4                BiosCheckSum
                0x0000000008001ef8                BgAffineSet
                0x0000000008001efc                ObjAffineSet
                0x0000000008001f00                BitUnPack
                0x0000000008001f04                LZ77UnCompWram
                0x0000000008001f08                LZ77UnCompVram
                0x0000000008001f0c                HuffUnComp
                0x0000000008001f10                RLUnCompWram
                0x0000000008001f14                RLUnCompVram
                0x0000000008001f18                Diff8bitUnFilterWram
                0x0000000008001f1c                Diff8bitUnFilterVram
                0x0000000008001f20                Diff16bitUnFilter
                0x0000000008001f24                SoundBias
                0x0000000008001f28                SoundDriverInit
                0x0000000008001f2c                SoundDriverMode
                0x0000000008001f30                SoundDriverMain
                0x0000000008001f34                SoundDriverVSync
                0x0000000008001f38                SoundChannelClear
                0x0000000008001f3c                MidiKey2Freq
                0x0000000008001f40                MultiBoot
                0x0000000008001f44                SoundDriverVSyncOff
                0x0000000008001f48                SoundDriverVSyncOn
 .text          0x0000000008001f4c       0x54 /mnt/d/Proyectos/GBA_devkitPro/tonc/lab/bigmap/../../tonclib/lib/libtonc.a(tonc_bios_ex.o)
                0x0000000008001f4c                VBlankIntrDelay
                0x0000000008001f5c                DivSafe
                0x0000000008001f70                Mod
                0x0000000008001f78                DivAbs
                0x0000000008001f80                DivArmMod
                0x0000000008001f88                DivArmAbs
                0x0000000008001f90                CpuFastFill
 .text          0x0000000008001fa0       0x44 /mnt/d/Proyectos/GBA_devkitPro/tonc/lab/bigmap/../../tonclib/lib/libtonc.a(tonc_memcpy.o)
                0x0000000008001fa0                memcpy16
 .text          0x0000000008001fe4      0x9ec /mnt/d/Proyectos/GBA_devkitPro/tonc/lab/bigmap/../../tonclib/lib/libtonc.a(tonc_schr4c.o)
                0x0000000008001fe4                schr4c_get_pixel
                0x0000000008002008                schr4c_plot
                0x0000000008002038                schr4c_hline
                0x00000000080020f8                schr4c_vline
                0x0000000008002140                schr4c_line
                0x00000000080022bc                schr4c_blit
                0x0000000008002600                schr4c_frame
                0x0000000008002690                schr4c_rect
                0x00000000080027b4                schr4c_prep_map
                0x0000000008002808                schr4c_get_ptr
                0x0000000008002818                schr4c_floodfill_internal
                0x0000000008002998                schr4c_floodfill
 .text          0x00000000080029d0      0x138 /mnt/d/Proyectos/GBA_devkitPro/tonc/lab/bigmap/../../tonclib/lib/libtonc.a(tonc_surface.o)
                0x00000000080029d0                srf_init
                0x0000000008002a88                srf_pal_copy
                0x0000000008002aa8                srf_get_ptr
 .text          0x0000000008002b08      0x120 /mnt/d/Proyectos/GBA_devkitPro/tonc/lab/bigmap/../../tonclib/lib/libtonc.a(chr4c_drawg_b1cts.o)
                0x0000000008002b08                chr4c_drawg_b1cts
 .text          0x0000000008002c28      0x150 /opt/devkitpro/devkitARM/bin/../lib/gcc/arm-none-eabi/11.1.0/thumb/libgcc.a(_divsi3.o)
                0x0000000008002c28                __aeabi_idiv
                0x0000000008002c28                __divsi3
                0x0000000008002d58                __aeabi_idivmod
 .text          0x0000000008002d78        0x4 /opt/devkitpro/devkitARM/bin/../lib/gcc/arm-none-eabi/11.1.0/thumb/libgcc.a(_dvmd_tls.o)
                0x0000000008002d78                __aeabi_ldiv0
                0x0000000008002d78                __aeabi_idiv0
 .text.__libc_init_array
                0x0000000008002d7c       0x50 /opt/devkitpro/devkitARM/bin/../lib/gcc/arm-none-eabi/11.1.0/../../../../arm-none-eabi/lib/thumb/libc.a(lib_a-init.o)
                0x0000000008002d7c                __libc_init_array
 .text.iprintf  0x0000000008002dcc       0x24 /opt/devkitpro/devkitARM/bin/../lib/gcc/arm-none-eabi/11.1.0/../../../../arm-none-eabi/lib/thumb/libc.a(lib_a-iprintf.o)
                0x0000000008002dcc                iprintf
 .text.memset   0x0000000008002df0       0xb0 /opt/devkitpro/devkitARM/bin/../lib/gcc/arm-none-eabi/11.1.0/../../../../arm-none-eabi/lib/thumb/libc.a(lib_a-memset.o)
                0x0000000008002df0                memset
 .text.setvbuf  0x0000000008002ea0      0x1ac /opt/devkitpro/devkitARM/bin/../lib/gcc/arm-none-eabi/11.1.0/../../../../arm-none-eabi/lib/thumb/libc.a(lib_a-setvbuf.o)
                0x0000000008002ea0                setvbuf
 .text.siscanf  0x000000000800304c       0x4c /opt/devkitpro/devkitARM/bin/../lib/gcc/arm-none-eabi/11.1.0/../../../../arm-none-eabi/lib/thumb/libc.a(lib_a-siscanf.o)
                0x000000000800304c                siscanf
 .text.__sread  0x0000000008003098       0x34 /opt/devkitpro/devkitARM/bin/../lib/gcc/arm-none-eabi/11.1.0/../../../../arm-none-eabi/lib/thumb/libc.a(lib_a-stdio.o)
                0x0000000008003098                __sread
 .text.__seofread
                0x00000000080030cc        0x4 /opt/devkitpro/devkitARM/bin/../lib/gcc/arm-none-eabi/11.1.0/../../../../arm-none-eabi/lib/thumb/libc.a(lib_a-stdio.o)
                0x00000000080030cc                __seofread
 .text.__swrite
                0x00000000080030d0       0x4c /opt/devkitpro/devkitARM/bin/../lib/gcc/arm-none-eabi/11.1.0/../../../../arm-none-eabi/lib/thumb/libc.a(lib_a-stdio.o)
                0x00000000080030d0                __swrite
 .text.__sseek  0x000000000800311c       0x40 /opt/devkitpro/devkitARM/bin/../lib/gcc/arm-none-eabi/11.1.0/../../../../arm-none-eabi/lib/thumb/libc.a(lib_a-stdio.o)
                0x000000000800311c                __sseek
 .text.__sclose
                0x000000000800315c       0x10 /opt/devkitpro/devkitARM/bin/../lib/gcc/arm-none-eabi/11.1.0/../../../../arm-none-eabi/lib/thumb/libc.a(lib_a-stdio.o)
                0x000000000800315c                __sclose
 .text.strlen   0x000000000800316c       0x60 /opt/devkitpro/devkitARM/bin/../lib/gcc/arm-none-eabi/11.1.0/../../../../arm-none-eabi/lib/thumb/libc.a(lib_a-strlen-stub.o)
                0x000000000800316c                strlen
 .text.strncpy  0x00000000080031cc       0x74 /opt/devkitpro/devkitARM/bin/../lib/gcc/arm-none-eabi/11.1.0/../../../../arm-none-eabi/lib/thumb/libc.a(lib_a-strncpy.o)
                0x00000000080031cc                strncpy
 .text._strtol_l.part.0
                0x0000000008003240      0x144 /opt/devkitpro/devkitARM/bin/../lib/gcc/arm-none-eabi/11.1.0/../../../../arm-none-eabi/lib/thumb/libc.a(lib_a-strtol.o)
 .text._strtol_r
                0x0000000008003384       0x20 /opt/devkitpro/devkitARM/bin/../lib/gcc/arm-none-eabi/11.1.0/../../../../arm-none-eabi/lib/thumb/libc.a(lib_a-strtol.o)
                0x0000000008003384                _strtol_r
 .text.strtol   0x00000000080033a4       0x30 /opt/devkitpro/devkitARM/bin/../lib/gcc/arm-none-eabi/11.1.0/../../../../arm-none-eabi/lib/thumb/libc.a(lib_a-strtol.o)
                0x00000000080033a4                strtol
 .text.get_arg  0x00000000080033d4       0x32 /opt/devkitpro/devkitARM/bin/../lib/gcc/arm-none-eabi/11.1.0/../../../../arm-none-eabi/lib/thumb/libc.a(lib_a-svfiscanf.o)
 .text._sungetc_r
                0x0000000008003406       0x7e /opt/devkitpro/devkitARM/bin/../lib/gcc/arm-none-eabi/11.1.0/../../../../arm-none-eabi/lib/thumb/libc.a(lib_a-svfiscanf.o)
                0x0000000008003406                _sungetc_r
 .text.__ssrefill_r
                0x0000000008003484       0x42 /opt/devkitpro/devkitARM/bin/../lib/gcc/arm-none-eabi/11.1.0/../../../../arm-none-eabi/lib/thumb/libc.a(lib_a-svfiscanf.o)
                0x0000000008003484                __ssrefill_r
 .text._sfread_r
                0x00000000080034c6       0x88 /opt/devkitpro/devkitARM/bin/../lib/gcc/arm-none-eabi/11.1.0/../../../../arm-none-eabi/lib/thumb/libc.a(lib_a-svfiscanf.o)
                0x00000000080034c6                _sfread_r
 *fill*         0x000000000800354e        0x2 ff
 .text.__ssvfiscanf_r
                0x0000000008003550     0x1a04 /opt/devkitpro/devkitARM/bin/../lib/gcc/arm-none-eabi/11.1.0/../../../../arm-none-eabi/lib/thumb/libc.a(lib_a-svfiscanf.o)
                0x0000000008003550                __ssvfiscanf_r
 .text.__submore
                0x0000000008004f54       0x88 /opt/devkitpro/devkitARM/bin/../lib/gcc/arm-none-eabi/11.1.0/../../../../arm-none-eabi/lib/thumb/libc.a(lib_a-ungetc.o)
                0x0000000008004f54                __submore
 .text.get_arg  0x0000000008004fdc      0x400 /opt/devkitpro/devkitARM/bin/../lib/gcc/arm-none-eabi/11.1.0/../../../../arm-none-eabi/lib/thumb/libc.a(lib_a-vfiprintf.o)
 .text.__sprint_r
                0x00000000080053dc       0x24 /opt/devkitpro/devkitARM/bin/../lib/gcc/arm-none-eabi/11.1.0/../../../../arm-none-eabi/lib/thumb/libc.a(lib_a-vfiprintf.o)
                0x00000000080053dc                __sprint_r
 .text._vfiprintf_r
                0x0000000008005400     0x1710 /opt/devkitpro/devkitARM/bin/../lib/gcc/arm-none-eabi/11.1.0/../../../../arm-none-eabi/lib/thumb/libc.a(lib_a-vfiprintf.o)
                0x0000000008005400                _vfiprintf_r
 .text.__sbprintf
                0x0000000008006b10       0x8c /opt/devkitpro/devkitARM/bin/../lib/gcc/arm-none-eabi/11.1.0/../../../../arm-none-eabi/lib/thumb/libc.a(lib_a-vfiprintf.o)
 .text._wcrtomb_r
                0x0000000008006b9c       0x5c /opt/devkitpro/devkitARM/bin/../lib/gcc/arm-none-eabi/11.1.0/../../../../arm-none-eabi/lib/thumb/libc.a(lib_a-wcrtomb.o)
                0x0000000008006b9c                _wcrtomb_r
 .text._wcsrtombs_r
                0x0000000008006bf8       0x1c /opt/devkitpro/devkitARM/bin/../lib/gcc/arm-none-eabi/11.1.0/../../../../arm-none-eabi/lib/thumb/libc.a(lib_a-wcsrtombs.o)
                0x0000000008006bf8                _wcsrtombs_r
 .text.__swsetup_r
                0x0000000008006c14       0xe4 /opt/devkitpro/devkitARM/bin/../lib/gcc/arm-none-eabi/11.1.0/../../../../arm-none-eabi/lib/thumb/libc.a(lib_a-wsetup.o)
                0x0000000008006c14                __swsetup_r
 .text.__errno  0x0000000008006cf8        0xc /opt/devkitpro/devkitARM/bin/../lib/gcc/arm-none-eabi/11.1.0/../../../../arm-none-eabi/lib/thumb/libc.a(lib_a-errno.o)
                0x0000000008006cf8                __errno
 .text.__sflush_r
                0x0000000008006d04      0x1c0 /opt/devkitpro/devkitARM/bin/../lib/gcc/arm-none-eabi/11.1.0/../../../../arm-none-eabi/lib/thumb/libc.a(lib_a-fflush.o)
                0x0000000008006d04                __sflush_r
 .text._fflush_r
                0x0000000008006ec4       0x70 /opt/devkitpro/devkitARM/bin/../lib/gcc/arm-none-eabi/11.1.0/../../../../arm-none-eabi/lib/thumb/libc.a(lib_a-fflush.o)
                0x0000000008006ec4                _fflush_r
 .text._cleanup_r
                0x0000000008006f34       0x14 /opt/devkitpro/devkitARM/bin/../lib/gcc/arm-none-eabi/11.1.0/../../../../arm-none-eabi/lib/thumb/libc.a(lib_a-findfp.o)
                0x0000000008006f34                _cleanup_r
 .text.__sinit  0x0000000008006f48      0x124 /opt/devkitpro/devkitARM/bin/../lib/gcc/arm-none-eabi/11.1.0/../../../../arm-none-eabi/lib/thumb/libc.a(lib_a-findfp.o)
                0x0000000008006f48                __sinit
 .text.__sfp_lock_acquire
                0x000000000800706c       0x14 /opt/devkitpro/devkitARM/bin/../lib/gcc/arm-none-eabi/11.1.0/../../../../arm-none-eabi/lib/thumb/libc.a(lib_a-findfp.o)
                0x000000000800706c                __sfp_lock_acquire
 .text.__sfp_lock_release
                0x0000000008007080       0x14 /opt/devkitpro/devkitARM/bin/../lib/gcc/arm-none-eabi/11.1.0/../../../../arm-none-eabi/lib/thumb/libc.a(lib_a-findfp.o)
                0x0000000008007080                __sfp_lock_release
 .text._malloc_trim_r
                0x0000000008007094       0xa0 /opt/devkitpro/devkitARM/bin/../lib/gcc/arm-none-eabi/11.1.0/../../../../arm-none-eabi/lib/thumb/libc.a(lib_a-freer.o)
                0x0000000008007094                _malloc_trim_r
 .text._free_r  0x0000000008007134      0x1d8 /opt/devkitpro/devkitARM/bin/../lib/gcc/arm-none-eabi/11.1.0/../../../../arm-none-eabi/lib/thumb/libc.a(lib_a-freer.o)
                0x0000000008007134                _free_r
 .text.__sfvwrite_r
                0x000000000800730c      0x34c /opt/devkitpro/devkitARM/bin/../lib/gcc/arm-none-eabi/11.1.0/../../../../arm-none-eabi/lib/thumb/libc.a(lib_a-fvwrite.o)
                0x000000000800730c                __sfvwrite_r
 .text._fwalk_reent
                0x0000000008007658       0x50 /opt/devkitpro/devkitARM/bin/../lib/gcc/arm-none-eabi/11.1.0/../../../../arm-none-eabi/lib/thumb/libc.a(lib_a-fwalk.o)
                0x0000000008007658                _fwalk_reent
 .text.iswspace
                0x00000000080076a8       0x10 /opt/devkitpro/devkitARM/bin/../lib/gcc/arm-none-eabi/11.1.0/../../../../arm-none-eabi/lib/thumb/libc.a(lib_a-iswspace.o)
                0x00000000080076a8                iswspace
 .text._localeconv_r
                0x00000000080076b8        0x8 /opt/devkitpro/devkitARM/bin/../lib/gcc/arm-none-eabi/11.1.0/../../../../arm-none-eabi/lib/thumb/libc.a(lib_a-localeconv.o)
                0x00000000080076b8                _localeconv_r
 .text.__locale_mb_cur_max
                0x00000000080076c0       0x10 /opt/devkitpro/devkitARM/bin/../lib/gcc/arm-none-eabi/11.1.0/../../../../arm-none-eabi/lib/thumb/libc.a(lib_a-locale.o)
                0x00000000080076c0                __locale_mb_cur_max
 .text.__smakebuf_r
                0x00000000080076d0       0xec /opt/devkitpro/devkitARM/bin/../lib/gcc/arm-none-eabi/11.1.0/../../../../arm-none-eabi/lib/thumb/libc.a(lib_a-makebuf.o)
                0x00000000080076d0                __smakebuf_r
 .text.__swhatbuf_r
                0x00000000080077bc       0x5c /opt/devkitpro/devkitARM/bin/../lib/gcc/arm-none-eabi/11.1.0/../../../../arm-none-eabi/lib/thumb/libc.a(lib_a-makebuf.o)
                0x00000000080077bc                __swhatbuf_r
 .text.malloc   0x0000000008007818       0x14 /opt/devkitpro/devkitARM/bin/../lib/gcc/arm-none-eabi/11.1.0/../../../../arm-none-eabi/lib/thumb/libc.a(lib_a-malloc.o)
                0x0000000008007818                malloc
 .text.free     0x000000000800782c       0x14 /opt/devkitpro/devkitARM/bin/../lib/gcc/arm-none-eabi/11.1.0/../../../../arm-none-eabi/lib/thumb/libc.a(lib_a-malloc.o)
                0x000000000800782c                free
 .text._malloc_r
                0x0000000008007840      0x58c /opt/devkitpro/devkitARM/bin/../lib/gcc/arm-none-eabi/11.1.0/../../../../arm-none-eabi/lib/thumb/libc.a(lib_a-mallocr.o)
                0x0000000008007840                _malloc_r
 .text._mbrtowc_r
                0x0000000008007dcc       0x60 /opt/devkitpro/devkitARM/bin/../lib/gcc/arm-none-eabi/11.1.0/../../../../arm-none-eabi/lib/thumb/libc.a(lib_a-mbrtowc.o)
                0x0000000008007dcc                _mbrtowc_r
 .text.__utf8_mbtowc
                0x0000000008007e2c      0x294 /opt/devkitpro/devkitARM/bin/../lib/gcc/arm-none-eabi/11.1.0/../../../../arm-none-eabi/lib/thumb/libc.a(lib_a-mbtowc_r.o)
                0x0000000008007e2c                __utf8_mbtowc
 .text.memchr   0x00000000080080c0       0x78 /opt/devkitpro/devkitARM/bin/../lib/gcc/arm-none-eabi/11.1.0/../../../../arm-none-eabi/lib/thumb/libc.a(lib_a-memchr-stub.o)
                0x00000000080080c0                memchr
 .text.memcpy   0x0000000008008138       0xa8 /opt/devkitpro/devkitARM/bin/../lib/gcc/arm-none-eabi/11.1.0/../../../../arm-none-eabi/lib/thumb/libc.a(lib_a-memcpy-stub.o)
                0x0000000008008138                memcpy
 .text.memmove  0x00000000080081e0       0xbc /opt/devkitpro/devkitARM/bin/../lib/gcc/arm-none-eabi/11.1.0/../../../../arm-none-eabi/lib/thumb/libc.a(lib_a-memmove.o)
                0x00000000080081e0                memmove
 .text.__malloc_lock
                0x000000000800829c       0x14 /opt/devkitpro/devkitARM/bin/../lib/gcc/arm-none-eabi/11.1.0/../../../../arm-none-eabi/lib/thumb/libc.a(lib_a-mlock.o)
                0x000000000800829c                __malloc_lock
 .text.__malloc_unlock
                0x00000000080082b0       0x14 /opt/devkitpro/devkitARM/bin/../lib/gcc/arm-none-eabi/11.1.0/../../../../arm-none-eabi/lib/thumb/libc.a(lib_a-mlock.o)
                0x00000000080082b0                __malloc_unlock
 .text.realloc  0x00000000080082c4       0x18 /opt/devkitpro/devkitARM/bin/../lib/gcc/arm-none-eabi/11.1.0/../../../../arm-none-eabi/lib/thumb/libc.a(lib_a-realloc.o)
                0x00000000080082c4                realloc
 .text._realloc_r
                0x00000000080082dc      0x380 /opt/devkitpro/devkitARM/bin/../lib/gcc/arm-none-eabi/11.1.0/../../../../arm-none-eabi/lib/thumb/libc.a(lib_a-reallocr.o)
                0x00000000080082dc                _realloc_r
 .text.__sccl   0x000000000800865c       0x90 /opt/devkitpro/devkitARM/bin/../lib/gcc/arm-none-eabi/11.1.0/../../../../arm-none-eabi/lib/thumb/libc.a(lib_a-sccl.o)
                0x000000000800865c                __sccl
 .text          0x00000000080086ec      0x224 /opt/devkitpro/devkitARM/bin/../lib/gcc/arm-none-eabi/11.1.0/../../../../arm-none-eabi/lib/thumb/libc.a(lib_a-strcmp.o)
                0x00000000080086ec                strcmp
 .text._strtoll_l.constprop.0
                0x0000000008008910      0x1a4 /opt/devkitpro/devkitARM/bin/../lib/gcc/arm-none-eabi/11.1.0/../../../../arm-none-eabi/lib/thumb/libc.a(lib_a-strtoll.o)
 .text._strtoll_r
                0x0000000008008ab4        0xc /opt/devkitpro/devkitARM/bin/../lib/gcc/arm-none-eabi/11.1.0/../../../../arm-none-eabi/lib/thumb/libc.a(lib_a-strtoll.o)
                0x0000000008008ab4                _strtoll_r
 .text._strtoull_l.constprop.0
                0x0000000008008ac0      0x1c0 /opt/devkitpro/devkitARM/bin/../lib/gcc/arm-none-eabi/11.1.0/../../../../arm-none-eabi/lib/thumb/libc.a(lib_a-strtoull.o)
 .text._strtoull_r
                0x0000000008008c80        0xc /opt/devkitpro/devkitARM/bin/../lib/gcc/arm-none-eabi/11.1.0/../../../../arm-none-eabi/lib/thumb/libc.a(lib_a-strtoull.o)
                0x0000000008008c80                _strtoull_r
 .text._strtoul_l.constprop.0
                0x0000000008008c8c      0x148 /opt/devkitpro/devkitARM/bin/../lib/gcc/arm-none-eabi/11.1.0/../../../../arm-none-eabi/lib/thumb/libc.a(lib_a-strtoul.o)
 .text._strtoul_r
                0x0000000008008dd4        0xc /opt/devkitpro/devkitARM/bin/../lib/gcc/arm-none-eabi/11.1.0/../../../../arm-none-eabi/lib/thumb/libc.a(lib_a-strtoul.o)
                0x0000000008008dd4                _strtoul_r
 .text._wcsnrtombs_l
                0x0000000008008de0      0x110 /opt/devkitpro/devkitARM/bin/../lib/gcc/arm-none-eabi/11.1.0/../../../../arm-none-eabi/lib/thumb/libc.a(lib_a-wcsnrtombs.o)
                0x0000000008008de0                _wcsnrtombs_l
 .text._wcsnrtombs_r
                0x0000000008008ef0       0x30 /opt/devkitpro/devkitARM/bin/../lib/gcc/arm-none-eabi/11.1.0/../../../../arm-none-eabi/lib/thumb/libc.a(lib_a-wcsnrtombs.o)
                0x0000000008008ef0                _wcsnrtombs_r
 .text.__utf8_wctomb
                0x0000000008008f20       0xb4 /opt/devkitpro/devkitARM/bin/../lib/gcc/arm-none-eabi/11.1.0/../../../../arm-none-eabi/lib/thumb/libc.a(lib_a-wctomb_r.o)
                0x0000000008008f20                __utf8_wctomb
 .text._fclose_r
                0x0000000008008fd4       0xe8 /opt/devkitpro/devkitARM/bin/../lib/gcc/arm-none-eabi/11.1.0/../../../../arm-none-eabi/lib/thumb/libc.a(lib_a-fclose.o)
                0x0000000008008fd4                _fclose_r
 .text.iswspace_l
                0x00000000080090bc       0x2c /opt/devkitpro/devkitARM/bin/../lib/gcc/arm-none-eabi/11.1.0/../../../../arm-none-eabi/lib/thumb/libc.a(lib_a-iswspace_l.o)
                0x00000000080090bc                iswspace_l
 .text.__jp2uc  0x00000000080090e8      0x154 /opt/devkitpro/devkitARM/bin/../lib/gcc/arm-none-eabi/11.1.0/../../../../arm-none-eabi/lib/thumb/libc.a(lib_a-jp2uc.o)
 .text._jp2uc_l
                0x000000000800923c       0x6c /opt/devkitpro/devkitARM/bin/../lib/gcc/arm-none-eabi/11.1.0/../../../../arm-none-eabi/lib/thumb/libc.a(lib_a-jp2uc.o)
                0x000000000800923c                _jp2uc_l
 .text.category
                0x00000000080092a8       0x54 /opt/devkitpro/devkitARM/bin/../lib/gcc/arm-none-eabi/11.1.0/../../../../arm-none-eabi/lib/thumb/libc.a(lib_a-categories.o)
                0x00000000080092a8                category
 .text.null_write
                0x00000000080092fc        0x4 /opt/devkitpro/devkitARM/bin/../lib/gcc/arm-none-eabi/11.1.0/../../../../arm-none-eabi/lib/thumb/libsysbase.a(iosupport.o)
 .text._fstat_r
                0x0000000008009300       0x4c /opt/devkitpro/devkitARM/bin/../lib/gcc/arm-none-eabi/11.1.0/../../../../arm-none-eabi/lib/thumb/libsysbase.a(fstat.o)
                0x0000000008009300                _fstat_r
 .text._isatty_r
                0x000000000800934c        0x4 /opt/devkitpro/devkitARM/bin/../lib/gcc/arm-none-eabi/11.1.0/../../../../arm-none-eabi/lib/thumb/libsysbase.a(isatty.o)
                0x000000000800934c                _isatty_r
 .text._lseek_r
                0x0000000008009350       0x5c /opt/devkitpro/devkitARM/bin/../lib/gcc/arm-none-eabi/11.1.0/../../../../arm-none-eabi/lib/thumb/libsysbase.a(lseek.o)
                0x0000000008009350                _lseek_r
 .text._read_r  0x00000000080093ac       0x50 /opt/devkitpro/devkitARM/bin/../lib/gcc/arm-none-eabi/11.1.0/../../../../arm-none-eabi/lib/thumb/libsysbase.a(read.o)
                0x00000000080093ac                _read_r
 .text._sbrk_r  0x00000000080093fc       0x54 /opt/devkitpro/devkitARM/bin/../lib/gcc/arm-none-eabi/11.1.0/../../../../arm-none-eabi/lib/thumb/libsysbase.a(sbrk.o)
                0x00000000080093fc                _sbrk_r
 .text._write_r
                0x0000000008009450       0x50 /opt/devkitpro/devkitARM/bin/../lib/gcc/arm-none-eabi/11.1.0/../../../../arm-none-eabi/lib/thumb/libsysbase.a(write.o)
                0x0000000008009450                _write_r
 .text.__flockfile
                0x00000000080094a0       0x10 /opt/devkitpro/devkitARM/bin/../lib/gcc/arm-none-eabi/11.1.0/../../../../arm-none-eabi/lib/thumb/libsysbase.a(flock.o)
                0x00000000080094a0                __flockfile
 .text.__funlockfile
                0x00000000080094b0       0x10 /opt/devkitpro/devkitARM/bin/../lib/gcc/arm-none-eabi/11.1.0/../../../../arm-none-eabi/lib/thumb/libsysbase.a(flock.o)
                0x00000000080094b0                __funlockfile
 .text.__libc_lock_acquire
                0x00000000080094c0       0x1c /opt/devkitpro/devkitARM/bin/../lib/gcc/arm-none-eabi/11.1.0/../../../../arm-none-eabi/lib/thumb/libsysbase.a(syscall_support.o)
                0x00000000080094c0                __libc_lock_acquire
 .text.__libc_lock_release
                0x00000000080094dc       0x1c /opt/devkitpro/devkitARM/bin/../lib/gcc/arm-none-eabi/11.1.0/../../../../arm-none-eabi/lib/thumb/libsysbase.a(syscall_support.o)
                0x00000000080094dc                __libc_lock_release
 .text.__libc_lock_init_recursive
                0x00000000080094f8       0x1c /opt/devkitpro/devkitARM/bin/../lib/gcc/arm-none-eabi/11.1.0/../../../../arm-none-eabi/lib/thumb/libsysbase.a(syscall_support.o)
                0x00000000080094f8                __libc_lock_init_recursive
 .text.__libc_lock_acquire_recursive
                0x0000000008009514       0x1c /opt/devkitpro/devkitARM/bin/../lib/gcc/arm-none-eabi/11.1.0/../../../../arm-none-eabi/lib/thumb/libsysbase.a(syscall_support.o)
                0x0000000008009514                __libc_lock_acquire_recursive
 .text.__libc_lock_release_recursive
                0x0000000008009530       0x1c /opt/devkitpro/devkitARM/bin/../lib/gcc/arm-none-eabi/11.1.0/../../../../arm-none-eabi/lib/thumb/libsysbase.a(syscall_support.o)
                0x0000000008009530                __libc_lock_release_recursive
 .text.__libc_lock_close_recursive
                0x000000000800954c       0x1c /opt/devkitpro/devkitARM/bin/../lib/gcc/arm-none-eabi/11.1.0/../../../../arm-none-eabi/lib/thumb/libsysbase.a(syscall_support.o)
                0x000000000800954c                __libc_lock_close_recursive
 .text.__get_handle
                0x0000000008009568       0x34 /opt/devkitpro/devkitARM/bin/../lib/gcc/arm-none-eabi/11.1.0/../../../../arm-none-eabi/lib/thumb/libsysbase.a(handle_manager.o)
                0x0000000008009568                __get_handle
 .text._close_r
                0x000000000800959c       0xb8 /opt/devkitpro/devkitARM/bin/../lib/gcc/arm-none-eabi/11.1.0/../../../../arm-none-eabi/lib/thumb/libsysbase.a(handle_manager.o)
                0x000000000800959c                _close_r
 .text.__getreent
                0x0000000008009654       0x28 /opt/devkitpro/devkitARM/bin/../lib/gcc/arm-none-eabi/11.1.0/../../../../arm-none-eabi/lib/thumb/libsysbase.a(getreent.o)
                0x0000000008009654                __getreent
 .text          0x000000000800967c       0x14 /opt/devkitpro/devkitARM/bin/../lib/gcc/arm-none-eabi/11.1.0/thumb/libgcc.a(_thumb1_case_uqi.o)
                0x000000000800967c                __gnu_thumb1_case_uqi
 .text          0x0000000008009690       0x14 /opt/devkitpro/devkitARM/bin/../lib/gcc/arm-none-eabi/11.1.0/thumb/libgcc.a(_thumb1_case_uhi.o)
                0x0000000008009690                __gnu_thumb1_case_uhi
 .text          0x00000000080096a4      0x11c /opt/devkitpro/devkitARM/bin/../lib/gcc/arm-none-eabi/11.1.0/thumb/libgcc.a(_udivsi3.o)
                0x00000000080096a4                __udivsi3
                0x00000000080096a4                __aeabi_uidiv
                0x00000000080097a0                __aeabi_uidivmod
 .text          0x00000000080097c0       0x3c /opt/devkitpro/devkitARM/bin/../lib/gcc/arm-none-eabi/11.1.0/thumb/libgcc.a(_aeabi_uldivmod.o)
                0x00000000080097c0                __aeabi_uldivmod
 .text.__muldi3
                0x00000000080097fc       0x54 /opt/devkitpro/devkitARM/bin/../lib/gcc/arm-none-eabi/11.1.0/thumb/libgcc.a(_muldi3.o)
                0x00000000080097fc                __aeabi_lmul
                0x00000000080097fc                __muldi3
 .text.__udivmoddi4
                0x0000000008009850      0x19c /opt/devkitpro/devkitARM/bin/../lib/gcc/arm-none-eabi/11.1.0/thumb/libgcc.a(_udivmoddi4.o)
                0x0000000008009850                __udivmoddi4
 .text          0x00000000080099ec       0x28 /opt/devkitpro/devkitARM/bin/../lib/gcc/arm-none-eabi/11.1.0/thumb/libgcc.a(_clzdi2.o)
                0x00000000080099ec                __clzdi2
 .text          0x0000000008009a14       0x48 /opt/devkitpro/devkitARM/bin/../lib/gcc/arm-none-eabi/11.1.0/thumb/libgcc.a(_clzsi2.o)
                0x0000000008009a14                __clzsi2
 *fill*         0x0000000008009a5c        0x4 ff
 .text.__stub   0x0000000008009a60       0x54 linker stubs
 *(.gnu.linkonce.t.*)
 *(.text.*personality*)
 *(.gnu.warning)
 *(.glue_7t)
 .glue_7t       0x0000000008009ac0        0x0 linker stubs
 *(.glue_7)
 .glue_7        0x0000000008009ac0        0x0 linker stubs
 *(.vfp11_veneer)
 .vfp11_veneer  0x0000000008009ac0        0x0 linker stubs
                0x0000000008009ac0                . = ALIGN (0x4)
                0x0000000008009ac0                __text_end = .

.v4_bx          0x0000000008009ac0        0x0
 .v4_bx         0x0000000008009ac0        0x0 linker stubs

.iplt           0x0000000008009ac0        0x0
 .iplt          0x0000000008009ac0        0x0 /opt/devkitpro/devkitARM/bin/../lib/gcc/arm-none-eabi/11.1.0/../../../../arm-none-eabi/lib/thumb/gba_crt0.o

.fini           0x0000000008009ac0        0xc
 *(.fini)
 .fini          0x0000000008009ac0        0x4 /opt/devkitpro/devkitARM/bin/../lib/gcc/arm-none-eabi/11.1.0/thumb/crti.o
                0x0000000008009ac0                _fini
 .fini          0x0000000008009ac4        0x8 /opt/devkitpro/devkitARM/bin/../lib/gcc/arm-none-eabi/11.1.0/thumb/crtn.o
                0x0000000008009acc                . = ALIGN (0x4)

.rodata         0x0000000008009acc    0x16004
 *(.rodata)
 .rodata        0x0000000008009acc       0x70 link.o
                0x0000000008009acc                cLinkObjs
                0x0000000008009ae4                cLookDirs
                0x0000000008009ae8                cLinkStand
                0x0000000008009aec                cLinkShadow
                0x0000000008009af4                cLinkHeadYs
                0x0000000008009b0c                cLinkHeadIds
                0x0000000008009b24                cLinkBodyIds
 .rodata        0x0000000008009b3c      0xc20 link_gfx.o
                0x0000000008009b3c                link_gfxPal
                0x0000000008009b5c                link_gfxTiles
 .rodata        0x000000000800a75c     0x9930 kakariko.o
                0x000000000800a75c                kakarikoPal
                0x000000000800a95c                kakarikoTiles
                0x000000000800c08c                kakarikoMap
 .rodata        0x000000000801408c       0x38 /mnt/d/Proyectos/GBA_devkitPro/tonc/lab/bigmap/../../tonclib/lib/libtonc.a(tonc_irq.o)
 .rodata        0x00000000080140c4      0x19c /mnt/d/Proyectos/GBA_devkitPro/tonc/lab/bigmap/../../tonclib/lib/libtonc.a(tte_iohook.o)
                0x0000000008014198                tte_dotab_stdout
                0x00000000080141fc                tte_dotab_nocash
 .rodata        0x0000000008014260      0x1f0 /mnt/d/Proyectos/GBA_devkitPro/tonc/lab/bigmap/../../tonclib/lib/libtonc.a(tte_main.o)
 .rodata        0x0000000008014450      0x318 /mnt/d/Proyectos/GBA_devkitPro/tonc/lab/bigmap/../../tonclib/lib/libtonc.a(sys8.o)
                0x0000000008014450                sys8Font
                0x0000000008014468                sys8Glyphs
 .rodata        0x0000000008014768      0xef8 /mnt/d/Proyectos/GBA_devkitPro/tonc/lab/bigmap/../../tonclib/lib/libtonc.a(verdana9.o)
                0x0000000008014768                verdana9Font
                0x0000000008014780                verdana9Glyphs
                0x0000000008015580                verdana9Widths
 .rodata        0x0000000008015660     0x38f8 /mnt/d/Proyectos/GBA_devkitPro/tonc/lab/bigmap/../../tonclib/lib/libtonc.a(verdana9_b4.o)
                0x0000000008015660                verdana9_b4Font
                0x0000000008015678                verdana9_b4Glyphs
                0x0000000008018e78                verdana9_b4Widths
 .rodata        0x0000000008018f58       0x1c /mnt/d/Proyectos/GBA_devkitPro/tonc/lab/bigmap/../../tonclib/lib/libtonc.a(tonc_surface.o)
 *all.rodata*(*)
 *(.roda)
 *(.rodata.*)
 .rodata.str1.4
                0x0000000008018f74       0x2b bigmap.o
 *fill*         0x0000000008018f9f        0x1 ff
 .rodata.str1.4
                0x0000000008018fa0       0x3b /mnt/d/Proyectos/GBA_devkitPro/tonc/lab/bigmap/../../tonclib/lib/libtonc.a(tte_iohook.o)
                                         0x3c (size before relaxing)
 *fill*         0x0000000008018fdb        0x1 ff
 .rodata.basefix.0
                0x0000000008018fdc       0x22 /opt/devkitpro/devkitARM/bin/../lib/gcc/arm-none-eabi/11.1.0/../../../../arm-none-eabi/lib/thumb/libc.a(lib_a-svfiscanf.o)
 .rodata._vfiprintf_r.str1.1
                0x0000000008018ffe       0x29 /opt/devkitpro/devkitARM/bin/../lib/gcc/arm-none-eabi/11.1.0/../../../../arm-none-eabi/lib/thumb/libc.a(lib_a-vfiprintf.o)
 *fill*         0x0000000008019027        0x1 ff
 .rodata.blanks.1
                0x0000000008019028       0x10 /opt/devkitpro/devkitARM/bin/../lib/gcc/arm-none-eabi/11.1.0/../../../../arm-none-eabi/lib/thumb/libc.a(lib_a-vfiprintf.o)
 .rodata.zeroes.0
                0x0000000008019038       0x10 /opt/devkitpro/devkitARM/bin/../lib/gcc/arm-none-eabi/11.1.0/../../../../arm-none-eabi/lib/thumb/libc.a(lib_a-vfiprintf.o)
 .rodata._ctype_
                0x0000000008019048      0x101 /opt/devkitpro/devkitARM/bin/../lib/gcc/arm-none-eabi/11.1.0/../../../../arm-none-eabi/lib/thumb/libc.a(lib_a-ctype_.o)
                0x0000000008019048                _ctype_
 *fill*         0x0000000008019149        0x3 ff
 .rodata.str1.4
                0x000000000801914c       0x48 /opt/devkitpro/devkitARM/bin/../lib/gcc/arm-none-eabi/11.1.0/../../../../arm-none-eabi/lib/thumb/libc.a(lib_a-locale.o)
                                         0x4c (size before relaxing)
 .rodata._mbrtowc_r.str1.4
                0x0000000008019194        0x1 /opt/devkitpro/devkitARM/bin/../lib/gcc/arm-none-eabi/11.1.0/../../../../arm-none-eabi/lib/thumb/libc.a(lib_a-mbrtowc.o)
 .rodata.__action_table
                0x0000000008019194       0x6c /opt/devkitpro/devkitARM/bin/../lib/gcc/arm-none-eabi/11.1.0/../../../../arm-none-eabi/lib/thumb/libc.a(lib_a-svfiprintf.o)
                0x0000000008019194                __action_table
 .rodata.__chclass
                0x0000000008019200      0x100 /opt/devkitpro/devkitARM/bin/../lib/gcc/arm-none-eabi/11.1.0/../../../../arm-none-eabi/lib/thumb/libc.a(lib_a-svfiprintf.o)
                0x0000000008019200                __chclass
 .rodata.__state_table
                0x0000000008019300       0x6c /opt/devkitpro/devkitARM/bin/../lib/gcc/arm-none-eabi/11.1.0/../../../../arm-none-eabi/lib/thumb/libc.a(lib_a-svfiprintf.o)
                0x0000000008019300                __state_table
 .rodata.__jp2uc
                0x000000000801936c       0x20 /opt/devkitpro/devkitARM/bin/../lib/gcc/arm-none-eabi/11.1.0/../../../../arm-none-eabi/lib/thumb/libc.a(lib_a-jp2uc.o)
 .rodata._jp2uc_l.str1.4
                0x000000000801938c       0x12 /opt/devkitpro/devkitARM/bin/../lib/gcc/arm-none-eabi/11.1.0/../../../../arm-none-eabi/lib/thumb/libc.a(lib_a-jp2uc.o)
 *fill*         0x000000000801939e        0x2 ff
 .rodata.a1     0x00000000080193a0       0xbc /opt/devkitpro/devkitARM/bin/../lib/gcc/arm-none-eabi/11.1.0/../../../../arm-none-eabi/lib/thumb/libc.a(lib_a-jp2uc.o)
 .rodata.a2     0x000000000801945c       0xbc /opt/devkitpro/devkitARM/bin/../lib/gcc/arm-none-eabi/11.1.0/../../../../arm-none-eabi/lib/thumb/libc.a(lib_a-jp2uc.o)
 .rodata.a3     0x0000000008019518       0x5b /opt/devkitpro/devkitARM/bin/../lib/gcc/arm-none-eabi/11.1.0/../../../../arm-none-eabi/lib/thumb/libc.a(lib_a-jp2uc.o)
 *fill*         0x0000000008019573        0x1 ff
 .rodata.a6     0x0000000008019574       0x70 /opt/devkitpro/devkitARM/bin/../lib/gcc/arm-none-eabi/11.1.0/../../../../arm-none-eabi/lib/thumb/libc.a(lib_a-jp2uc.o)
 .rodata.a7     0x00000000080195e4       0xa2 /opt/devkitpro/devkitARM/bin/../lib/gcc/arm-none-eabi/11.1.0/../../../../arm-none-eabi/lib/thumb/libc.a(lib_a-jp2uc.o)
 *fill*         0x0000000008019686        0x2 ff
 .rodata.a8     0x0000000008019688       0x40 /opt/devkitpro/devkitARM/bin/../lib/gcc/arm-none-eabi/11.1.0/../../../../arm-none-eabi/lib/thumb/libc.a(lib_a-jp2uc.o)
 .rodata.b02cf  0x00000000080196c8     0x172a /opt/devkitpro/devkitARM/bin/../lib/gcc/arm-none-eabi/11.1.0/../../../../arm-none-eabi/lib/thumb/libc.a(lib_a-jp2uc.o)
 *fill*         0x000000000801adf2        0x2 ff
 .rodata.d02f4  0x000000000801adf4     0x1a7c /opt/devkitpro/devkitARM/bin/../lib/gcc/arm-none-eabi/11.1.0/../../../../arm-none-eabi/lib/thumb/libc.a(lib_a-jp2uc.o)
 .rodata.categories
                0x000000000801c870     0x31e6 /opt/devkitpro/devkitARM/bin/../lib/gcc/arm-none-eabi/11.1.0/../../../../arm-none-eabi/lib/thumb/libc.a(lib_a-categories.o)
 *fill*         0x000000000801fa56        0x2 ff
 .rodata.AddDevice.str1.4
                0x000000000801fa58        0x8 /opt/devkitpro/devkitARM/bin/../lib/gcc/arm-none-eabi/11.1.0/../../../../arm-none-eabi/lib/thumb/libsysbase.a(iosupport.o)
 .rodata.dotab_stdnull
                0x000000000801fa60       0x70 /opt/devkitpro/devkitARM/bin/../lib/gcc/arm-none-eabi/11.1.0/../../../../arm-none-eabi/lib/thumb/libsysbase.a(iosupport.o)
                0x000000000801fa60                dotab_stdnull
 *(.gnu.linkonce.r*)
                0x000000000801fad0                . = ALIGN (0x4)

.ARM.extab
 *(.ARM.extab* .gnu.linkonce.armextab.*)
                0x000000000801fad0                __exidx_start = .

.ARM.exidx
 *(.ARM.exidx* .gnu.linkonce.armexidx.*)
                0x000000000801fad0                __exidx_end = .

.ctors          0x000000000801fad0        0x0
 *crtbegin.o(.ctors)
 *(EXCLUDE_FILE(*crtend.o) .ctors)
 *(SORT_BY_NAME(.ctors.*))
 *(.ctors)
                0x000000000801fad0                . = ALIGN (0x4)

.dtors          0x000000000801fad0        0x0
 *crtbegin.o(.dtors)
 *(EXCLUDE_FILE(*crtend.o) .dtors)
 *(SORT_BY_NAME(.dtors.*))
 *(.dtors)
                0x000000000801fad0                . = ALIGN (0x4)

.eh_frame       0x000000000801fad0        0x4
 *(.eh_frame)
 .eh_frame      0x000000000801fad0        0x0 /opt/devkitpro/devkitARM/bin/../lib/gcc/arm-none-eabi/11.1.0/thumb/crtbegin.o
 .eh_frame      0x000000000801fad0        0x4 /opt/devkitpro/devkitARM/bin/../lib/gcc/arm-none-eabi/11.1.0/thumb/crtend.o
                0x000000000801fad4                . = ALIGN (0x4)

.gcc_except_table
                0x000000000801fad4        0x0
 *(.gcc_except_table)
                0x000000000801fad4                . = ALIGN (0x4)
                0x000000000801fad4                __iwram_lma = .

.iwram          0x0000000003000000      0x228 load address 0x000000000801fad4
                0x0000000003000000                __iwram_start__ = ABSOLUTE (.)
 *(.iwram .iwram*)
 .iwram         0x0000000003000000       0xa4 /mnt/d/Proyectos/GBA_devkitPro/tonc/lab/bigmap/../../tonclib/lib/libtonc.a(tonc_isr_master.o)
                0x0000000003000000                isr_master
 .iwram         0x00000000030000a4       0x38 /mnt/d/Proyectos/GBA_devkitPro/tonc/lab/bigmap/../../tonclib/lib/libtonc.a(tonc_memcpy.o)
                0x00000000030000a4                memcpy32
 .iwram         0x00000000030000dc       0x4c /mnt/d/Proyectos/GBA_devkitPro/tonc/lab/bigmap/../../tonclib/lib/libtonc.a(tonc_memset.o)
                0x00000000030000dc                memset32
 .iwram         0x0000000003000128      0x100 /mnt/d/Proyectos/GBA_devkitPro/tonc/lab/bigmap/../../tonclib/lib/libtonc.a(chr4c_drawg_b4cts_fast.o)
                0x0000000003000128                chr4c_drawg_b4cts_fast
 *iwram.*(.text* .data*)
                0x0000000003000228                . = ALIGN (0x4)
                0x0000000003000228                __iwram_end__ = ABSOLUTE (.)
                0x000000000801fcfc                __data_lma = (__iwram_lma + SIZEOF (.iwram))

.bss            0x0000000003000228      0x5a0
                0x0000000003000228                __bss_start = ABSOLUTE (.)
                0x0000000003000228                __bss_start__ = ABSOLUTE (.)
 *(.dynbss)
 *(.gnu.linkonce.b*)
 *(.bss*)
 .bss.completed.1
                0x0000000003000228        0x1 /opt/devkitpro/devkitARM/bin/../lib/gcc/arm-none-eabi/11.1.0/thumb/crtbegin.o
 *fill*         0x0000000003000229        0x3 
 .bss.object.0  0x000000000300022c       0x18 /opt/devkitpro/devkitARM/bin/../lib/gcc/arm-none-eabi/11.1.0/thumb/crtbegin.o
 .bss           0x0000000003000244      0x434 bigmap.o
                0x0000000003000244                g_bg
                0x0000000003000260                g_link
                0x0000000003000278                obj_buffer
 .bss           0x0000000003000678        0x4 /mnt/d/Proyectos/GBA_devkitPro/tonc/lab/bigmap/../../tonclib/lib/libtonc.a(tonc_input.o)
                0x0000000003000678                __key_curr
                0x000000000300067a                __key_prev
 .bss           0x000000000300067c        0x4 /mnt/d/Proyectos/GBA_devkitPro/tonc/lab/bigmap/../../tonclib/lib/libtonc.a(tte_iohook.o)
 .bss.__malloc_current_mallinfo
                0x0000000003000680       0x28 /opt/devkitpro/devkitARM/bin/../lib/gcc/arm-none-eabi/11.1.0/../../../../arm-none-eabi/lib/thumb/libc.a(lib_a-mallocr.o)
                0x0000000003000680                __malloc_current_mallinfo
 .bss.__malloc_max_sbrked_mem
                0x00000000030006a8        0x4 /opt/devkitpro/devkitARM/bin/../lib/gcc/arm-none-eabi/11.1.0/../../../../arm-none-eabi/lib/thumb/libc.a(lib_a-mallocr.o)
                0x00000000030006a8                __malloc_max_sbrked_mem
 .bss.__malloc_max_total_mem
                0x00000000030006ac        0x4 /opt/devkitpro/devkitARM/bin/../lib/gcc/arm-none-eabi/11.1.0/../../../../arm-none-eabi/lib/thumb/libc.a(lib_a-mallocr.o)
                0x00000000030006ac                __malloc_max_total_mem
 .bss.__malloc_top_pad
                0x00000000030006b0        0x4 /opt/devkitpro/devkitARM/bin/../lib/gcc/arm-none-eabi/11.1.0/../../../../arm-none-eabi/lib/thumb/libc.a(lib_a-mallocr.o)
                0x00000000030006b0                __malloc_top_pad
 .bss.heap_start.0
                0x00000000030006b4        0x4 /opt/devkitpro/devkitARM/bin/../lib/gcc/arm-none-eabi/11.1.0/../../../../arm-none-eabi/lib/thumb/libsysbase.a(sbrk.o)
 .bss.fake_heap_end
                0x00000000030006b8        0x4 /opt/devkitpro/devkitARM/bin/../lib/gcc/arm-none-eabi/11.1.0/../../../../arm-none-eabi/lib/thumb/libsysbase.a(malloc_vars.o)
                0x00000000030006b8                fake_heap_end
 .bss.fake_heap_start
                0x00000000030006bc        0x4 /opt/devkitpro/devkitARM/bin/../lib/gcc/arm-none-eabi/11.1.0/../../../../arm-none-eabi/lib/thumb/libsysbase.a(malloc_vars.o)
                0x00000000030006bc                fake_heap_start
 .bss.__syscalls
                0x00000000030006c0       0x48 /opt/devkitpro/devkitARM/bin/../lib/gcc/arm-none-eabi/11.1.0/../../../../arm-none-eabi/lib/thumb/libsysbase.a(syscall_support.o)
                0x00000000030006c0                __syscalls
 *(COMMON)
 COMMON         0x0000000003000708       0x78 /mnt/d/Proyectos/GBA_devkitPro/tonc/lab/bigmap/../../tonclib/lib/libtonc.a(tonc_irq.o)
                0x0000000003000708                __isr_table
 COMMON         0x0000000003000780       0x48 /mnt/d/Proyectos/GBA_devkitPro/tonc/lab/bigmap/../../tonclib/lib/libtonc.a(tte_main.o)
                0x0000000003000780                __tte_main_context
                0x00000000030007c8                . = ALIGN (0x4)
                0x00000000030007c8                __bss_end__ = ABSOLUTE (.)

.data           0x00000000030007c8     0x1ae4 load address 0x000000000801fcfc
                0x00000000030007c8                __data_start__ = ABSOLUTE (.)
 *(.data*)
 .data          0x00000000030007c8       0x20 bigmap.o
                0x00000000030007c8                g_vp
 .data          0x00000000030007e8        0x8 /mnt/d/Proyectos/GBA_devkitPro/tonc/lab/bigmap/../../tonclib/lib/libtonc.a(tonc_input.o)
                0x00000000030007e8                __key_rpt
 .data          0x00000000030007f0        0x4 /mnt/d/Proyectos/GBA_devkitPro/tonc/lab/bigmap/../../tonclib/lib/libtonc.a(tte_main.o)
                0x00000000030007f0                gp_tte_context
 .data._impure_ptr
                0x00000000030007f4        0x4 /opt/devkitpro/devkitARM/bin/../lib/gcc/arm-none-eabi/11.1.0/../../../../arm-none-eabi/lib/thumb/libc.a(lib_a-impure.o)
                0x00000000030007f4                _impure_ptr
 .data.impure_data
                0x00000000030007f8      0x460 /opt/devkitpro/devkitARM/bin/../lib/gcc/arm-none-eabi/11.1.0/../../../../arm-none-eabi/lib/thumb/libc.a(lib_a-impure.o)
 .data.__sfp_recursive_mutex
                0x0000000003000c58        0xc /opt/devkitpro/devkitARM/bin/../lib/gcc/arm-none-eabi/11.1.0/../../../../arm-none-eabi/lib/thumb/libc.a(lib_a-findfp.o)
 .data.__sinit_recursive_mutex
                0x0000000003000c64        0xc /opt/devkitpro/devkitARM/bin/../lib/gcc/arm-none-eabi/11.1.0/../../../../arm-none-eabi/lib/thumb/libc.a(lib_a-findfp.o)
 .data.__global_locale
                0x0000000003000c70      0x16c /opt/devkitpro/devkitARM/bin/../lib/gcc/arm-none-eabi/11.1.0/../../../../arm-none-eabi/lib/thumb/libc.a(lib_a-locale.o)
                0x0000000003000c70                __global_locale
 .data.__malloc_av_
                0x0000000003000ddc      0x408 /opt/devkitpro/devkitARM/bin/../lib/gcc/arm-none-eabi/11.1.0/../../../../arm-none-eabi/lib/thumb/libc.a(lib_a-mallocr.o)
                0x0000000003000ddc                __malloc_av_
 .data.__malloc_sbrk_base
                0x00000000030011e4        0x4 /opt/devkitpro/devkitARM/bin/../lib/gcc/arm-none-eabi/11.1.0/../../../../arm-none-eabi/lib/thumb/libc.a(lib_a-mallocr.o)
                0x00000000030011e4                __malloc_sbrk_base
 .data.__malloc_trim_threshold
                0x00000000030011e8        0x4 /opt/devkitpro/devkitARM/bin/../lib/gcc/arm-none-eabi/11.1.0/../../../../arm-none-eabi/lib/thumb/libc.a(lib_a-mallocr.o)
                0x00000000030011e8                __malloc_trim_threshold
 .data.__malloc_recursive_mutex
                0x00000000030011ec        0xc /opt/devkitpro/devkitARM/bin/../lib/gcc/arm-none-eabi/11.1.0/../../../../arm-none-eabi/lib/thumb/libc.a(lib_a-mlock.o)
 .data.devoptab_list
                0x00000000030011f8       0x8c /opt/devkitpro/devkitARM/bin/../lib/gcc/arm-none-eabi/11.1.0/../../../../arm-none-eabi/lib/thumb/libsysbase.a(iosupport.o)
                0x00000000030011f8                devoptab_list
 .data.__hndl_lock
                0x0000000003001284        0x4 /opt/devkitpro/devkitARM/bin/../lib/gcc/arm-none-eabi/11.1.0/../../../../arm-none-eabi/lib/thumb/libsysbase.a(handle_manager.o)
 .data.__stderr_handle
                0x0000000003001288        0xc /opt/devkitpro/devkitARM/bin/../lib/gcc/arm-none-eabi/11.1.0/../../../../arm-none-eabi/lib/thumb/libsysbase.a(handle_manager.o)
 .data.__stdin_handle
                0x0000000003001294        0xc /opt/devkitpro/devkitARM/bin/../lib/gcc/arm-none-eabi/11.1.0/../../../../arm-none-eabi/lib/thumb/libsysbase.a(handle_manager.o)
 .data.__stdout_handle
                0x00000000030012a0        0xc /opt/devkitpro/devkitARM/bin/../lib/gcc/arm-none-eabi/11.1.0/../../../../arm-none-eabi/lib/thumb/libsysbase.a(handle_manager.o)
 .data.handles  0x00000000030012ac     0x1000 /opt/devkitpro/devkitARM/bin/../lib/gcc/arm-none-eabi/11.1.0/../../../../arm-none-eabi/lib/thumb/libsysbase.a(handle_manager.o)
 *(.gnu.linkonce.d*)
                0x00000000030022ac                . = ALIGN (0x4)
                0x00000000080217e0                __preinit_lma = (__data_lma + SIZEOF (.data))

.igot.plt       0x00000000030022ac        0x0 load address 0x00000000080217e0
 .igot.plt      0x00000000030022ac        0x0 /opt/devkitpro/devkitARM/bin/../lib/gcc/arm-none-eabi/11.1.0/../../../../arm-none-eabi/lib/thumb/gba_crt0.o

.preinit_array  0x00000000030022ac        0x0 load address 0x00000000080217e0
                0x00000000030022ac                __preinit_array_start = ABSOLUTE (.)
 *(.preinit_array)
                0x00000000030022ac                __preinit_array_end = ABSOLUTE (.)
                0x00000000080217e0                __init_lma = (__preinit_lma + SIZEOF (.preinit_array))

.init_array     0x00000000030022ac        0x4 load address 0x00000000080217e0
                0x00000000030022ac                __init_array_start = ABSOLUTE (.)
 *(SORT_BY_NAME(.init_array.*))
 *(.init_array)
 .init_array    0x00000000030022ac        0x4 /opt/devkitpro/devkitARM/bin/../lib/gcc/arm-none-eabi/11.1.0/thumb/crtbegin.o
                0x00000000030022b0                __init_array_end = ABSOLUTE (.)
                0x00000000080217e4                __fini_lma = (__init_lma + SIZEOF (.init_array))

.fini_array     0x00000000030022b0        0x4 load address 0x00000000080217e4
                0x00000000030022b0                __fini_array_start = ABSOLUTE (.)
 *(SORT_BY_NAME(.fini_array.*))
 *(.fini_array)
 .fini_array    0x00000000030022b0        0x4 /opt/devkitpro/devkitARM/bin/../lib/gcc/arm-none-eabi/11.1.0/thumb/crtbegin.o
                0x00000000030022b4                __fini_array_end = ABSOLUTE (.)
                0x00000000080217e8                __jcr_lma = (__fini_lma + SIZEOF (.fini_array))

.jcr            0x00000000030022b4        0x0 load address 0x00000000080217e8
 *(.jcr)
                0x00000000030022b4                __data_end__ = ABSOLUTE (.)
                0x00000000080217e8                __iwram_overlay_lma = (__jcr_lma + SIZEOF (.jcr))
                0x00000000030022b4                __iwram_overlay_start = .

.iwram0         0x00000000030022b4        0x0 load address 0x00000000080217e8
 *(.iwram0)
                0x00000000030022b4                . = ALIGN (0x4)
                0x00000000080217e8                PROVIDE (__load_start_iwram0 = LOADADDR (.iwram0))
                0x00000000080217e8                PROVIDE (__load_stop_iwram0 = (LOADADDR (.iwram0) + SIZEOF (.iwram0)))

.iwram1         0x00000000030022b4        0x0
 *(.iwram1)
                0x00000000030022b4                . = ALIGN (0x4)
                [!provide]                        PROVIDE (__load_start_iwram1 = LOADADDR (.iwram1))
                [!provide]                        PROVIDE (__load_stop_iwram1 = (LOADADDR (.iwram1) + SIZEOF (.iwram1)))

.iwram2         0x00000000030022b4        0x0
 *(.iwram2)
                0x00000000030022b4                . = ALIGN (0x4)
                [!provide]                        PROVIDE (__load_start_iwram2 = LOADADDR (.iwram2))
                [!provide]                        PROVIDE (__load_stop_iwram2 = (LOADADDR (.iwram2) + SIZEOF (.iwram2)))

.iwram3         0x00000000030022b4        0x0
 *(.iwram3)
                0x00000000030022b4                . = ALIGN (0x4)
                [!provide]                        PROVIDE (__load_start_iwram3 = LOADADDR (.iwram3))
                [!provide]                        PROVIDE (__load_stop_iwram3 = (LOADADDR (.iwram3) + SIZEOF (.iwram3)))

.iwram4         0x00000000030022b4        0x0
 *(.iwram4)
                0x00000000030022b4                . = ALIGN (0x4)
                [!provide]                        PROVIDE (__load_start_iwram4 = LOADADDR (.iwram4))
                [!provide]                        PROVIDE (__load_stop_iwram4 = (LOADADDR (.iwram4) + SIZEOF (.iwram4)))

.iwram5         0x00000000030022b4        0x0
 *(.iwram5)
                0x00000000030022b4                . = ALIGN (0x4)
                [!provide]                        PROVIDE (__load_start_iwram5 = LOADADDR (.iwram5))
                [!provide]                        PROVIDE (__load_stop_iwram5 = (LOADADDR (.iwram5) + SIZEOF (.iwram5)))

.iwram6         0x00000000030022b4        0x0
 *(.iwram6)
                0x00000000030022b4                . = ALIGN (0x4)
                [!provide]                        PROVIDE (__load_start_iwram6 = LOADADDR (.iwram6))
                [!provide]                        PROVIDE (__load_stop_iwram6 = (LOADADDR (.iwram6) + SIZEOF (.iwram6)))

.iwram7         0x00000000030022b4        0x0
 *(.iwram7)
                0x00000000030022b4                . = ALIGN (0x4)
                [!provide]                        PROVIDE (__load_start_iwram7 = LOADADDR (.iwram7))
                [!provide]                        PROVIDE (__load_stop_iwram7 = (LOADADDR (.iwram7) + SIZEOF (.iwram7)))

.iwram8         0x00000000030022b4        0x0
 *(.iwram8)
                0x00000000030022b4                . = ALIGN (0x4)
                [!provide]                        PROVIDE (__load_start_iwram8 = LOADADDR (.iwram8))
                [!provide]                        PROVIDE (__load_stop_iwram8 = (LOADADDR (.iwram8) + SIZEOF (.iwram8)))

.iwram9         0x00000000030022b4        0x0
 *(.iwram9)
                0x00000000030022b4                . = ALIGN (0x4)
                [!provide]                        PROVIDE (__load_start_iwram9 = LOADADDR (.iwram9))
                [!provide]                        PROVIDE (__load_stop_iwram9 = (LOADADDR (.iwram9) + SIZEOF (.iwram9)))
                0x00000000030022b4                __iwram_overlay_end = .
                0x00000000080217e8                __ewram_lma = (__iwram_overlay_lma + (__iwram_overlay_end - __iwram_overlay_start))
                0x00000000030022b4                __iheap_start = .
                0x0000000002000000                __ewram_start = ORIGIN (ewram)

.ewram          0x0000000002000000       0x5c load address 0x00000000080217e8
 *(.ewram*)
 .ewram         0x0000000002000000       0x5c /mnt/d/Proyectos/GBA_devkitPro/tonc/lab/bigmap/../../tonclib/lib/libtonc.a(tonc_nocash.o)
                0x0000000002000000                nocash_message
                0x0000000002000008                nocash_buffer
                0x000000000200005c                . = ALIGN (0x4)
                0x000000000200005c                __ewram_end = ABSOLUTE (.)
                0x0000000008021844                __pad_lma = (__ewram_lma + SIZEOF (.ewram))

.rel.dyn        0x000000000200005c        0x0 load address 0x0000000008021844
 .rel.iplt      0x000000000200005c        0x0 /opt/devkitpro/devkitARM/bin/../lib/gcc/arm-none-eabi/11.1.0/../../../../arm-none-eabi/lib/thumb/gba_crt0.o

.sbss           0x000000000200005c        0x0
                0x000000000200005c                __sbss_start__ = ABSOLUTE (.)
 *(.sbss*)
                0x000000000200005c                . = ALIGN (0x4)
                0x000000000200005c                __sbss_end__ = ABSOLUTE (.)
                0x000000000200005c                __end__ = ABSOLUTE (.)
                0x000000000200005c                __eheap_start = ABSOLUTE (.)

.pad            0x000000000200005c        0x8 load address 0x0000000008021844
                0x000000000200005c        0x4 LONG 0x52416b64
                0x0000000002000060        0x4 LONG 0x4d
                0x0000000002000064                . = ALIGN (0x4)
                0x000000000802184c                __rom_end__ = (__pad_lma + SIZEOF (.pad))

.stab
 *(.stab)

.stabstr
 *(.stabstr)

.stab.excl
 *(.stab.excl)

.stab.exclstr
 *(.stab.exclstr)

.stab.index
 *(.stab.index)

.stab.indexstr
 *(.stab.indexstr)

.comment        0x0000000000000000       0x45
 *(.comment)
 .comment       0x0000000000000000       0x23 /opt/devkitpro/devkitARM/bin/../lib/gcc/arm-none-eabi/11.1.0/thumb/crtbegin.o
                                         0x24 (size before relaxing)
 .comment       0x0000000000000023       0x24 link.o
 .comment       0x0000000000000023       0x24 bigmap.o
 .comment       0x0000000000000023       0x22 /mnt/d/Proyectos/GBA_devkitPro/tonc/lab/bigmap/../../tonclib/lib/libtonc.a(tonc_input.o)
                                         0x23 (size before relaxing)
 .comment       0x0000000000000045       0x23 /mnt/d/Proyectos/GBA_devkitPro/tonc/lab/bigmap/../../tonclib/lib/libtonc.a(tonc_irq.o)
 .comment       0x0000000000000045       0x23 /mnt/d/Proyectos/GBA_devkitPro/tonc/lab/bigmap/../../tonclib/lib/libtonc.a(tonc_oam.o)
 .comment       0x0000000000000045       0x23 /mnt/d/Proyectos/GBA_devkitPro/tonc/lab/bigmap/../../tonclib/lib/libtonc.a(chr4c_drawg_b4cts.o)
 .comment       0x0000000000000045       0x23 /mnt/d/Proyectos/GBA_devkitPro/tonc/lab/bigmap/../../tonclib/lib/libtonc.a(tte_init_chr4c.o)
 .comment       0x0000000000000045       0x23 /mnt/d/Proyectos/GBA_devkitPro/tonc/lab/bigmap/../../tonclib/lib/libtonc.a(tte_iohook.o)
 .comment       0x0000000000000045       0x23 /mnt/d/Proyectos/GBA_devkitPro/tonc/lab/bigmap/../../tonclib/lib/libtonc.a(tte_main.o)
 .comment       0x0000000000000045       0x23 /mnt/d/Proyectos/GBA_devkitPro/tonc/lab/bigmap/../../tonclib/lib/libtonc.a(tonc_schr4c.o)
 .comment       0x0000000000000045       0x23 /mnt/d/Proyectos/GBA_devkitPro/tonc/lab/bigmap/../../tonclib/lib/libtonc.a(tonc_surface.o)
 .comment       0x0000000000000045       0x23 /mnt/d/Proyectos/GBA_devkitPro/tonc/lab/bigmap/../../tonclib/lib/libtonc.a(chr4c_drawg_b1cts.o)
 .comment       0x0000000000000045       0x24 /opt/devkitpro/devkitARM/bin/../lib/gcc/arm-none-eabi/11.1.0/../../../../arm-none-eabi/lib/thumb/libc.a(lib_a-impure.o)
 .comment       0x0000000000000045       0x24 /opt/devkitpro/devkitARM/bin/../lib/gcc/arm-none-eabi/11.1.0/../../../../arm-none-eabi/lib/thumb/libc.a(lib_a-init.o)
 .comment       0x0000000000000045       0x24 /opt/devkitpro/devkitARM/bin/../lib/gcc/arm-none-eabi/11.1.0/../../../../arm-none-eabi/lib/thumb/libc.a(lib_a-iprintf.o)
 .comment       0x0000000000000045       0x24 /opt/devkitpro/devkitARM/bin/../lib/gcc/arm-none-eabi/11.1.0/../../../../arm-none-eabi/lib/thumb/libc.a(lib_a-memset.o)
 .comment       0x0000000000000045       0x24 /opt/devkitpro/devkitARM/bin/../lib/gcc/arm-none-eabi/11.1.0/../../../../arm-none-eabi/lib/thumb/libc.a(lib_a-setvbuf.o)
 .comment       0x0000000000000045       0x24 /opt/devkitpro/devkitARM/bin/../lib/gcc/arm-none-eabi/11.1.0/../../../../arm-none-eabi/lib/thumb/libc.a(lib_a-siscanf.o)
 .comment       0x0000000000000045       0x24 /opt/devkitpro/devkitARM/bin/../lib/gcc/arm-none-eabi/11.1.0/../../../../arm-none-eabi/lib/thumb/libc.a(lib_a-stdio.o)
 .comment       0x0000000000000045       0x24 /opt/devkitpro/devkitARM/bin/../lib/gcc/arm-none-eabi/11.1.0/../../../../arm-none-eabi/lib/thumb/libc.a(lib_a-strlen-stub.o)
 .comment       0x0000000000000045       0x24 /opt/devkitpro/devkitARM/bin/../lib/gcc/arm-none-eabi/11.1.0/../../../../arm-none-eabi/lib/thumb/libc.a(lib_a-strncpy.o)
 .comment       0x0000000000000045       0x24 /opt/devkitpro/devkitARM/bin/../lib/gcc/arm-none-eabi/11.1.0/../../../../arm-none-eabi/lib/thumb/libc.a(lib_a-strtol.o)
 .comment       0x0000000000000045       0x24 /opt/devkitpro/devkitARM/bin/../lib/gcc/arm-none-eabi/11.1.0/../../../../arm-none-eabi/lib/thumb/libc.a(lib_a-svfiscanf.o)
 .comment       0x0000000000000045       0x24 /opt/devkitpro/devkitARM/bin/../lib/gcc/arm-none-eabi/11.1.0/../../../../arm-none-eabi/lib/thumb/libc.a(lib_a-ungetc.o)
 .comment       0x0000000000000045       0x24 /opt/devkitpro/devkitARM/bin/../lib/gcc/arm-none-eabi/11.1.0/../../../../arm-none-eabi/lib/thumb/libc.a(lib_a-vfiprintf.o)
 .comment       0x0000000000000045       0x24 /opt/devkitpro/devkitARM/bin/../lib/gcc/arm-none-eabi/11.1.0/../../../../arm-none-eabi/lib/thumb/libc.a(lib_a-wcrtomb.o)
 .comment       0x0000000000000045       0x24 /opt/devkitpro/devkitARM/bin/../lib/gcc/arm-none-eabi/11.1.0/../../../../arm-none-eabi/lib/thumb/libc.a(lib_a-wcsrtombs.o)
 .comment       0x0000000000000045       0x24 /opt/devkitpro/devkitARM/bin/../lib/gcc/arm-none-eabi/11.1.0/../../../../arm-none-eabi/lib/thumb/libc.a(lib_a-wsetup.o)
 .comment       0x0000000000000045       0x24 /opt/devkitpro/devkitARM/bin/../lib/gcc/arm-none-eabi/11.1.0/../../../../arm-none-eabi/lib/thumb/libc.a(lib_a-ctype_.o)
 .comment       0x0000000000000045       0x24 /opt/devkitpro/devkitARM/bin/../lib/gcc/arm-none-eabi/11.1.0/../../../../arm-none-eabi/lib/thumb/libc.a(lib_a-errno.o)
 .comment       0x0000000000000045       0x24 /opt/devkitpro/devkitARM/bin/../lib/gcc/arm-none-eabi/11.1.0/../../../../arm-none-eabi/lib/thumb/libc.a(lib_a-fflush.o)
 .comment       0x0000000000000045       0x24 /opt/devkitpro/devkitARM/bin/../lib/gcc/arm-none-eabi/11.1.0/../../../../arm-none-eabi/lib/thumb/libc.a(lib_a-findfp.o)
 .comment       0x0000000000000045       0x24 /opt/devkitpro/devkitARM/bin/../lib/gcc/arm-none-eabi/11.1.0/../../../../arm-none-eabi/lib/thumb/libc.a(lib_a-freer.o)
 .comment       0x0000000000000045       0x24 /opt/devkitpro/devkitARM/bin/../lib/gcc/arm-none-eabi/11.1.0/../../../../arm-none-eabi/lib/thumb/libc.a(lib_a-fvwrite.o)
 .comment       0x0000000000000045       0x24 /opt/devkitpro/devkitARM/bin/../lib/gcc/arm-none-eabi/11.1.0/../../../../arm-none-eabi/lib/thumb/libc.a(lib_a-fwalk.o)
 .comment       0x0000000000000045       0x24 /opt/devkitpro/devkitARM/bin/../lib/gcc/arm-none-eabi/11.1.0/../../../../arm-none-eabi/lib/thumb/libc.a(lib_a-iswspace.o)
 .comment       0x0000000000000045       0x24 /opt/devkitpro/devkitARM/bin/../lib/gcc/arm-none-eabi/11.1.0/../../../../arm-none-eabi/lib/thumb/libc.a(lib_a-localeconv.o)
 .comment       0x0000000000000045       0x24 /opt/devkitpro/devkitARM/bin/../lib/gcc/arm-none-eabi/11.1.0/../../../../arm-none-eabi/lib/thumb/libc.a(lib_a-locale.o)
 .comment       0x0000000000000045       0x24 /opt/devkitpro/devkitARM/bin/../lib/gcc/arm-none-eabi/11.1.0/../../../../arm-none-eabi/lib/thumb/libc.a(lib_a-makebuf.o)
 .comment       0x0000000000000045       0x24 /opt/devkitpro/devkitARM/bin/../lib/gcc/arm-none-eabi/11.1.0/../../../../arm-none-eabi/lib/thumb/libc.a(lib_a-malloc.o)
 .comment       0x0000000000000045       0x24 /opt/devkitpro/devkitARM/bin/../lib/gcc/arm-none-eabi/11.1.0/../../../../arm-none-eabi/lib/thumb/libc.a(lib_a-mallocr.o)
 .comment       0x0000000000000045       0x24 /opt/devkitpro/devkitARM/bin/../lib/gcc/arm-none-eabi/11.1.0/../../../../arm-none-eabi/lib/thumb/libc.a(lib_a-mbrtowc.o)
 .comment       0x0000000000000045       0x24 /opt/devkitpro/devkitARM/bin/../lib/gcc/arm-none-eabi/11.1.0/../../../../arm-none-eabi/lib/thumb/libc.a(lib_a-mbtowc_r.o)
 .comment       0x0000000000000045       0x24 /opt/devkitpro/devkitARM/bin/../lib/gcc/arm-none-eabi/11.1.0/../../../../arm-none-eabi/lib/thumb/libc.a(lib_a-memchr-stub.o)
 .comment       0x0000000000000045       0x24 /opt/devkitpro/devkitARM/bin/../lib/gcc/arm-none-eabi/11.1.0/../../../../arm-none-eabi/lib/thumb/libc.a(lib_a-memcpy-stub.o)
 .comment       0x0000000000000045       0x24 /opt/devkitpro/devkitARM/bin/../lib/gcc/arm-none-eabi/11.1.0/../../../../arm-none-eabi/lib/thumb/libc.a(lib_a-memmove.o)
 .comment       0x0000000000000045       0x24 /opt/devkitpro/devkitARM/bin/../lib/gcc/arm-none-eabi/11.1.0/../../../../arm-none-eabi/lib/thumb/libc.a(lib_a-mlock.o)
 .comment       0x0000000000000045       0x24 /opt/devkitpro/devkitARM/bin/../lib/gcc/arm-none-eabi/11.1.0/../../../../arm-none-eabi/lib/thumb/libc.a(lib_a-realloc.o)
 .comment       0x0000000000000045       0x24 /opt/devkitpro/devkitARM/bin/../lib/gcc/arm-none-eabi/11.1.0/../../../../arm-none-eabi/lib/thumb/libc.a(lib_a-reallocr.o)
 .comment       0x0000000000000045       0x24 /opt/devkitpro/devkitARM/bin/../lib/gcc/arm-none-eabi/11.1.0/../../../../arm-none-eabi/lib/thumb/libc.a(lib_a-sccl.o)
 .comment       0x0000000000000045       0x24 /opt/devkitpro/devkitARM/bin/../lib/gcc/arm-none-eabi/11.1.0/../../../../arm-none-eabi/lib/thumb/libc.a(lib_a-strtoll.o)
 .comment       0x0000000000000045       0x24 /opt/devkitpro/devkitARM/bin/../lib/gcc/arm-none-eabi/11.1.0/../../../../arm-none-eabi/lib/thumb/libc.a(lib_a-strtoull.o)
 .comment       0x0000000000000045       0x24 /opt/devkitpro/devkitARM/bin/../lib/gcc/arm-none-eabi/11.1.0/../../../../arm-none-eabi/lib/thumb/libc.a(lib_a-strtoul.o)
 .comment       0x0000000000000045       0x24 /opt/devkitpro/devkitARM/bin/../lib/gcc/arm-none-eabi/11.1.0/../../../../arm-none-eabi/lib/thumb/libc.a(lib_a-svfiprintf.o)
 .comment       0x0000000000000045       0x24 /opt/devkitpro/devkitARM/bin/../lib/gcc/arm-none-eabi/11.1.0/../../../../arm-none-eabi/lib/thumb/libc.a(lib_a-wcsnrtombs.o)
 .comment       0x0000000000000045       0x24 /opt/devkitpro/devkitARM/bin/../lib/gcc/arm-none-eabi/11.1.0/../../../../arm-none-eabi/lib/thumb/libc.a(lib_a-wctomb_r.o)
 .comment       0x0000000000000045       0x24 /opt/devkitpro/devkitARM/bin/../lib/gcc/arm-none-eabi/11.1.0/../../../../arm-none-eabi/lib/thumb/libc.a(lib_a-fclose.o)
 .comment       0x0000000000000045       0x24 /opt/devkitpro/devkitARM/bin/../lib/gcc/arm-none-eabi/11.1.0/../../../../arm-none-eabi/lib/thumb/libc.a(lib_a-iswspace_l.o)
 .comment       0x0000000000000045       0x24 /opt/devkitpro/devkitARM/bin/../lib/gcc/arm-none-eabi/11.1.0/../../../../arm-none-eabi/lib/thumb/libc.a(lib_a-jp2uc.o)
 .comment       0x0000000000000045       0x24 /opt/devkitpro/devkitARM/bin/../lib/gcc/arm-none-eabi/11.1.0/../../../../arm-none-eabi/lib/thumb/libc.a(lib_a-categories.o)
 .comment       0x0000000000000045       0x24 /opt/devkitpro/devkitARM/bin/../lib/gcc/arm-none-eabi/11.1.0/../../../../arm-none-eabi/lib/thumb/libsysbase.a(iosupport.o)
 .comment       0x0000000000000045       0x24 /opt/devkitpro/devkitARM/bin/../lib/gcc/arm-none-eabi/11.1.0/../../../../arm-none-eabi/lib/thumb/libsysbase.a(fstat.o)
 .comment       0x0000000000000045       0x24 /opt/devkitpro/devkitARM/bin/../lib/gcc/arm-none-eabi/11.1.0/../../../../arm-none-eabi/lib/thumb/libsysbase.a(isatty.o)
 .comment       0x0000000000000045       0x24 /opt/devkitpro/devkitARM/bin/../lib/gcc/arm-none-eabi/11.1.0/../../../../arm-none-eabi/lib/thumb/libsysbase.a(lseek.o)
 .comment       0x0000000000000045       0x24 /opt/devkitpro/devkitARM/bin/../lib/gcc/arm-none-eabi/11.1.0/../../../../arm-none-eabi/lib/thumb/libsysbase.a(read.o)
 .comment       0x0000000000000045       0x24 /opt/devkitpro/devkitARM/bin/../lib/gcc/arm-none-eabi/11.1.0/../../../../arm-none-eabi/lib/thumb/libsysbase.a(sbrk.o)
 .comment       0x0000000000000045       0x24 /opt/devkitpro/devkitARM/bin/../lib/gcc/arm-none-eabi/11.1.0/../../../../arm-none-eabi/lib/thumb/libsysbase.a(write.o)
 .comment       0x0000000000000045       0x24 /opt/devkitpro/devkitARM/bin/../lib/gcc/arm-none-eabi/11.1.0/../../../../arm-none-eabi/lib/thumb/libsysbase.a(malloc_vars.o)
 .comment       0x0000000000000045       0x24 /opt/devkitpro/devkitARM/bin/../lib/gcc/arm-none-eabi/11.1.0/../../../../arm-none-eabi/lib/thumb/libsysbase.a(flock.o)
 .comment       0x0000000000000045       0x24 /opt/devkitpro/devkitARM/bin/../lib/gcc/arm-none-eabi/11.1.0/../../../../arm-none-eabi/lib/thumb/libsysbase.a(syscall_support.o)
 .comment       0x0000000000000045       0x24 /opt/devkitpro/devkitARM/bin/../lib/gcc/arm-none-eabi/11.1.0/../../../../arm-none-eabi/lib/thumb/libsysbase.a(handle_manager.o)
 .comment       0x0000000000000045       0x24 /opt/devkitpro/devkitARM/bin/../lib/gcc/arm-none-eabi/11.1.0/../../../../arm-none-eabi/lib/thumb/libsysbase.a(getreent.o)
 .comment       0x0000000000000045       0x24 /opt/devkitpro/devkitARM/bin/../lib/gcc/arm-none-eabi/11.1.0/thumb/libgcc.a(_muldi3.o)
 .comment       0x0000000000000045       0x24 /opt/devkitpro/devkitARM/bin/../lib/gcc/arm-none-eabi/11.1.0/thumb/libgcc.a(_udivmoddi4.o)
 .comment       0x0000000000000045       0x24 /opt/devkitpro/devkitARM/bin/../lib/gcc/arm-none-eabi/11.1.0/thumb/crtend.o

.debug
 *(.debug)

.line
 *(.line)

.debug_srcinfo
 *(.debug_srcinfo)

.debug_sfnames
 *(.debug_sfnames)

.debug_aranges
 *(.debug_aranges)

.debug_pubnames
 *(.debug_pubnames)

.debug_info
 *(.debug_info)

.debug_abbrev
 *(.debug_abbrev)

.debug_line
 *(.debug_line)

.debug_frame
 *(.debug_frame)

.debug_str
 *(.debug_str)

.debug_loc
 *(.debug_loc)

.debug_macinfo
 *(.debug_macinfo)

.debug_weaknames
 *(.debug_weaknames)

.debug_funcnames
 *(.debug_funcnames)

.debug_typenames
 *(.debug_typenames)

.debug_varnames
 *(.debug_varnames)

.stack          0x0000000000080000        0x0
                0x0000000000080000                _stack = .
 *(.stack)

.note.gnu.arm.ident
 *(.note.gnu.arm.ident)

.ARM.attributes
                0x0000000000000000       0x2e
 *(.ARM.attributes)
 .ARM.attributes
                0x0000000000000000       0x20 /opt/devkitpro/devkitARM/bin/../lib/gcc/arm-none-eabi/11.1.0/../../../../arm-none-eabi/lib/thumb/gba_crt0.o
 .ARM.attributes
                0x0000000000000020       0x1c /opt/devkitpro/devkitARM/bin/../lib/gcc/arm-none-eabi/11.1.0/thumb/crti.o
 .ARM.attributes
                0x000000000000003c       0x2a /opt/devkitpro/devkitARM/bin/../lib/gcc/arm-none-eabi/11.1.0/thumb/crtbegin.o
 .ARM.attributes
                0x0000000000000066       0x26 link.o
 .ARM.attributes
                0x000000000000008c       0x26 bigmap.o
 .ARM.attributes
                0x00000000000000b2       0x1a link_gfx.o
 .ARM.attributes
                0x00000000000000cc       0x1a kakariko.o
 .ARM.attributes
                0x00000000000000e6       0x32 /mnt/d/Proyectos/GBA_devkitPro/tonc/lab/bigmap/../../tonclib/lib/libtonc.a(tonc_input.o)
 .ARM.attributes
                0x0000000000000118       0x32 /mnt/d/Proyectos/GBA_devkitPro/tonc/lab/bigmap/../../tonclib/lib/libtonc.a(tonc_irq.o)
 .ARM.attributes
                0x000000000000014a       0x32 /mnt/d/Proyectos/GBA_devkitPro/tonc/lab/bigmap/../../tonclib/lib/libtonc.a(tonc_oam.o)
 .ARM.attributes
                0x000000000000017c       0x32 /mnt/d/Proyectos/GBA_devkitPro/tonc/lab/bigmap/../../tonclib/lib/libtonc.a(chr4c_drawg_b4cts.o)
 .ARM.attributes
                0x00000000000001ae       0x32 /mnt/d/Proyectos/GBA_devkitPro/tonc/lab/bigmap/../../tonclib/lib/libtonc.a(tte_init_chr4c.o)
 .ARM.attributes
                0x00000000000001e0       0x32 /mnt/d/Proyectos/GBA_devkitPro/tonc/lab/bigmap/../../tonclib/lib/libtonc.a(tte_iohook.o)
 .ARM.attributes
                0x0000000000000212       0x32 /mnt/d/Proyectos/GBA_devkitPro/tonc/lab/bigmap/../../tonclib/lib/libtonc.a(tte_main.o)
 .ARM.attributes
                0x0000000000000244       0x16 /mnt/d/Proyectos/GBA_devkitPro/tonc/lab/bigmap/../../tonclib/lib/libtonc.a(tonc_bios.o)
 .ARM.attributes
                0x000000000000025a       0x16 /mnt/d/Proyectos/GBA_devkitPro/tonc/lab/bigmap/../../tonclib/lib/libtonc.a(tonc_bios_ex.o)
 .ARM.attributes
                0x0000000000000270       0x18 /mnt/d/Proyectos/GBA_devkitPro/tonc/lab/bigmap/../../tonclib/lib/libtonc.a(tonc_isr_master.o)
 .ARM.attributes
                0x0000000000000288       0x18 /mnt/d/Proyectos/GBA_devkitPro/tonc/lab/bigmap/../../tonclib/lib/libtonc.a(tonc_memcpy.o)
 .ARM.attributes
                0x00000000000002a0       0x18 /mnt/d/Proyectos/GBA_devkitPro/tonc/lab/bigmap/../../tonclib/lib/libtonc.a(tonc_memset.o)
 .ARM.attributes
                0x00000000000002b8       0x16 /mnt/d/Proyectos/GBA_devkitPro/tonc/lab/bigmap/../../tonclib/lib/libtonc.a(tonc_nocash.o)
 .ARM.attributes
                0x00000000000002ce       0x16 /mnt/d/Proyectos/GBA_devkitPro/tonc/lab/bigmap/../../tonclib/lib/libtonc.a(sys8.o)
 .ARM.attributes
                0x00000000000002e4       0x16 /mnt/d/Proyectos/GBA_devkitPro/tonc/lab/bigmap/../../tonclib/lib/libtonc.a(verdana9.o)
 .ARM.attributes
                0x00000000000002fa       0x16 /mnt/d/Proyectos/GBA_devkitPro/tonc/lab/bigmap/../../tonclib/lib/libtonc.a(verdana9_b4.o)
 .ARM.attributes
                0x0000000000000310       0x18 /mnt/d/Proyectos/GBA_devkitPro/tonc/lab/bigmap/../../tonclib/lib/libtonc.a(chr4c_drawg_b4cts_fast.o)
 .ARM.attributes
                0x0000000000000328       0x32 /mnt/d/Proyectos/GBA_devkitPro/tonc/lab/bigmap/../../tonclib/lib/libtonc.a(tonc_schr4c.o)
 .ARM.attributes
                0x000000000000035a       0x32 /mnt/d/Proyectos/GBA_devkitPro/tonc/lab/bigmap/../../tonclib/lib/libtonc.a(tonc_surface.o)
 .ARM.attributes
                0x000000000000038c       0x32 /mnt/d/Proyectos/GBA_devkitPro/tonc/lab/bigmap/../../tonclib/lib/libtonc.a(chr4c_drawg_b1cts.o)
 .ARM.attributes
                0x00000000000003be       0x1c /opt/devkitpro/devkitARM/bin/../lib/gcc/arm-none-eabi/11.1.0/thumb/libgcc.a(_divsi3.o)
 .ARM.attributes
                0x00000000000003da       0x1c /opt/devkitpro/devkitARM/bin/../lib/gcc/arm-none-eabi/11.1.0/thumb/libgcc.a(_dvmd_tls.o)
 .ARM.attributes
                0x00000000000003f6       0x30 /opt/devkitpro/devkitARM/bin/../lib/gcc/arm-none-eabi/11.1.0/../../../../arm-none-eabi/lib/thumb/libc.a(lib_a-impure.o)
 .ARM.attributes
                0x0000000000000426       0x2a /opt/devkitpro/devkitARM/bin/../lib/gcc/arm-none-eabi/11.1.0/../../../../arm-none-eabi/lib/thumb/libc.a(lib_a-init.o)
 .ARM.attributes
                0x0000000000000450       0x2a /opt/devkitpro/devkitARM/bin/../lib/gcc/arm-none-eabi/11.1.0/../../../../arm-none-eabi/lib/thumb/libc.a(lib_a-iprintf.o)
 .ARM.attributes
                0x000000000000047a       0x2a /opt/devkitpro/devkitARM/bin/../lib/gcc/arm-none-eabi/11.1.0/../../../../arm-none-eabi/lib/thumb/libc.a(lib_a-memset.o)
 .ARM.attributes
                0x00000000000004a4       0x2a /opt/devkitpro/devkitARM/bin/../lib/gcc/arm-none-eabi/11.1.0/../../../../arm-none-eabi/lib/thumb/libc.a(lib_a-setvbuf.o)
 .ARM.attributes
                0x00000000000004ce       0x2a /opt/devkitpro/devkitARM/bin/../lib/gcc/arm-none-eabi/11.1.0/../../../../arm-none-eabi/lib/thumb/libc.a(lib_a-siscanf.o)
 .ARM.attributes
                0x00000000000004f8       0x2a /opt/devkitpro/devkitARM/bin/../lib/gcc/arm-none-eabi/11.1.0/../../../../arm-none-eabi/lib/thumb/libc.a(lib_a-stdio.o)
 .ARM.attributes
                0x0000000000000522       0x2a /opt/devkitpro/devkitARM/bin/../lib/gcc/arm-none-eabi/11.1.0/../../../../arm-none-eabi/lib/thumb/libc.a(lib_a-strlen-stub.o)
 .ARM.attributes
                0x000000000000054c       0x2a /opt/devkitpro/devkitARM/bin/../lib/gcc/arm-none-eabi/11.1.0/../../../../arm-none-eabi/lib/thumb/libc.a(lib_a-strncpy.o)
 .ARM.attributes
                0x0000000000000576       0x2a /opt/devkitpro/devkitARM/bin/../lib/gcc/arm-none-eabi/11.1.0/../../../../arm-none-eabi/lib/thumb/libc.a(lib_a-strtol.o)
 .ARM.attributes
                0x00000000000005a0       0x2a /opt/devkitpro/devkitARM/bin/../lib/gcc/arm-none-eabi/11.1.0/../../../../arm-none-eabi/lib/thumb/libc.a(lib_a-svfiscanf.o)
 .ARM.attributes
                0x00000000000005ca       0x2a /opt/devkitpro/devkitARM/bin/../lib/gcc/arm-none-eabi/11.1.0/../../../../arm-none-eabi/lib/thumb/libc.a(lib_a-ungetc.o)
 .ARM.attributes
                0x00000000000005f4       0x2a /opt/devkitpro/devkitARM/bin/../lib/gcc/arm-none-eabi/11.1.0/../../../../arm-none-eabi/lib/thumb/libc.a(lib_a-vfiprintf.o)
 .ARM.attributes
                0x000000000000061e       0x2a /opt/devkitpro/devkitARM/bin/../lib/gcc/arm-none-eabi/11.1.0/../../../../arm-none-eabi/lib/thumb/libc.a(lib_a-wcrtomb.o)
 .ARM.attributes
                0x0000000000000648       0x2a /opt/devkitpro/devkitARM/bin/../lib/gcc/arm-none-eabi/11.1.0/../../../../arm-none-eabi/lib/thumb/libc.a(lib_a-wcsrtombs.o)
 .ARM.attributes
                0x0000000000000672       0x2a /opt/devkitpro/devkitARM/bin/../lib/gcc/arm-none-eabi/11.1.0/../../../../arm-none-eabi/lib/thumb/libc.a(lib_a-wsetup.o)
 .ARM.attributes
                0x000000000000069c       0x2a /opt/devkitpro/devkitARM/bin/../lib/gcc/arm-none-eabi/11.1.0/../../../../arm-none-eabi/lib/thumb/libc.a(lib_a-ctype_.o)
 .ARM.attributes
                0x00000000000006c6       0x2a /opt/devkitpro/devkitARM/bin/../lib/gcc/arm-none-eabi/11.1.0/../../../../arm-none-eabi/lib/thumb/libc.a(lib_a-errno.o)
 .ARM.attributes
                0x00000000000006f0       0x2a /opt/devkitpro/devkitARM/bin/../lib/gcc/arm-none-eabi/11.1.0/../../../../arm-none-eabi/lib/thumb/libc.a(lib_a-fflush.o)
 .ARM.attributes
                0x000000000000071a       0x2a /opt/devkitpro/devkitARM/bin/../lib/gcc/arm-none-eabi/11.1.0/../../../../arm-none-eabi/lib/thumb/libc.a(lib_a-findfp.o)
 .ARM.attributes
                0x0000000000000744       0x2a /opt/devkitpro/devkitARM/bin/../lib/gcc/arm-none-eabi/11.1.0/../../../../arm-none-eabi/lib/thumb/libc.a(lib_a-freer.o)
 .ARM.attributes
                0x000000000000076e       0x2a /opt/devkitpro/devkitARM/bin/../lib/gcc/arm-none-eabi/11.1.0/../../../../arm-none-eabi/lib/thumb/libc.a(lib_a-fvwrite.o)
 .ARM.attributes
                0x0000000000000798       0x2a /opt/devkitpro/devkitARM/bin/../lib/gcc/arm-none-eabi/11.1.0/../../../../arm-none-eabi/lib/thumb/libc.a(lib_a-fwalk.o)
 .ARM.attributes
                0x00000000000007c2       0x2a /opt/devkitpro/devkitARM/bin/../lib/gcc/arm-none-eabi/11.1.0/../../../../arm-none-eabi/lib/thumb/libc.a(lib_a-iswspace.o)
 .ARM.attributes
                0x00000000000007ec       0x2a /opt/devkitpro/devkitARM/bin/../lib/gcc/arm-none-eabi/11.1.0/../../../../arm-none-eabi/lib/thumb/libc.a(lib_a-localeconv.o)
 .ARM.attributes
                0x0000000000000816       0x2a /opt/devkitpro/devkitARM/bin/../lib/gcc/arm-none-eabi/11.1.0/../../../../arm-none-eabi/lib/thumb/libc.a(lib_a-locale.o)
 .ARM.attributes
                0x0000000000000840       0x2a /opt/devkitpro/devkitARM/bin/../lib/gcc/arm-none-eabi/11.1.0/../../../../arm-none-eabi/lib/thumb/libc.a(lib_a-makebuf.o)
 .ARM.attributes
                0x000000000000086a       0x2a /opt/devkitpro/devkitARM/bin/../lib/gcc/arm-none-eabi/11.1.0/../../../../arm-none-eabi/lib/thumb/libc.a(lib_a-malloc.o)
 .ARM.attributes
                0x0000000000000894       0x2a /opt/devkitpro/devkitARM/bin/../lib/gcc/arm-none-eabi/11.1.0/../../../../arm-none-eabi/lib/thumb/libc.a(lib_a-mallocr.o)
 .ARM.attributes
                0x00000000000008be       0x2a /opt/devkitpro/devkitARM/bin/../lib/gcc/arm-none-eabi/11.1.0/../../../../arm-none-eabi/lib/thumb/libc.a(lib_a-mbrtowc.o)
 .ARM.attributes
                0x00000000000008e8       0x2a /opt/devkitpro/devkitARM/bin/../lib/gcc/arm-none-eabi/11.1.0/../../../../arm-none-eabi/lib/thumb/libc.a(lib_a-mbtowc_r.o)
 .ARM.attributes
                0x0000000000000912       0x2a /opt/devkitpro/devkitARM/bin/../lib/gcc/arm-none-eabi/11.1.0/../../../../arm-none-eabi/lib/thumb/libc.a(lib_a-memchr-stub.o)
 .ARM.attributes
                0x000000000000093c       0x2a /opt/devkitpro/devkitARM/bin/../lib/gcc/arm-none-eabi/11.1.0/../../../../arm-none-eabi/lib/thumb/libc.a(lib_a-memcpy-stub.o)
 .ARM.attributes
                0x0000000000000966       0x2a /opt/devkitpro/devkitARM/bin/../lib/gcc/arm-none-eabi/11.1.0/../../../../arm-none-eabi/lib/thumb/libc.a(lib_a-memmove.o)
 .ARM.attributes
                0x0000000000000990       0x2a /opt/devkitpro/devkitARM/bin/../lib/gcc/arm-none-eabi/11.1.0/../../../../arm-none-eabi/lib/thumb/libc.a(lib_a-mlock.o)
 .ARM.attributes
                0x00000000000009ba       0x2a /opt/devkitpro/devkitARM/bin/../lib/gcc/arm-none-eabi/11.1.0/../../../../arm-none-eabi/lib/thumb/libc.a(lib_a-realloc.o)
 .ARM.attributes
                0x00000000000009e4       0x2a /opt/devkitpro/devkitARM/bin/../lib/gcc/arm-none-eabi/11.1.0/../../../../arm-none-eabi/lib/thumb/libc.a(lib_a-reallocr.o)
 .ARM.attributes
                0x0000000000000a0e       0x2a /opt/devkitpro/devkitARM/bin/../lib/gcc/arm-none-eabi/11.1.0/../../../../arm-none-eabi/lib/thumb/libc.a(lib_a-sccl.o)
 .ARM.attributes
                0x0000000000000a38       0x2a /opt/devkitpro/devkitARM/bin/../lib/gcc/arm-none-eabi/11.1.0/../../../../arm-none-eabi/lib/thumb/libc.a(lib_a-strcasecmp.o)
 .ARM.attributes
                0x0000000000000a62       0x2a /opt/devkitpro/devkitARM/bin/../lib/gcc/arm-none-eabi/11.1.0/../../../../arm-none-eabi/lib/thumb/libc.a(lib_a-strcat.o)
 .ARM.attributes
                0x0000000000000a8c       0x2a /opt/devkitpro/devkitARM/bin/../lib/gcc/arm-none-eabi/11.1.0/../../../../arm-none-eabi/lib/thumb/libc.a(lib_a-strchr.o)
 .ARM.attributes
                0x0000000000000ab6       0x1a /opt/devkitpro/devkitARM/bin/../lib/gcc/arm-none-eabi/11.1.0/../../../../arm-none-eabi/lib/thumb/libc.a(lib_a-strcmp.o)
 .ARM.attributes
                0x0000000000000ad0       0x2a /opt/devkitpro/devkitARM/bin/../lib/gcc/arm-none-eabi/11.1.0/../../../../arm-none-eabi/lib/thumb/libc.a(lib_a-strcpy.o)
 .ARM.attributes
                0x0000000000000afa       0x2a /opt/devkitpro/devkitARM/bin/../lib/gcc/arm-none-eabi/11.1.0/../../../../arm-none-eabi/lib/thumb/libc.a(lib_a-strlcpy.o)
 .ARM.attributes
                0x0000000000000b24       0x2a /opt/devkitpro/devkitARM/bin/../lib/gcc/arm-none-eabi/11.1.0/../../../../arm-none-eabi/lib/thumb/libc.a(lib_a-strncasecmp.o)
 .ARM.attributes
                0x0000000000000b4e       0x2a /opt/devkitpro/devkitARM/bin/../lib/gcc/arm-none-eabi/11.1.0/../../../../arm-none-eabi/lib/thumb/libc.a(lib_a-strtoll.o)
 .ARM.attributes
                0x0000000000000b78       0x2a /opt/devkitpro/devkitARM/bin/../lib/gcc/arm-none-eabi/11.1.0/../../../../arm-none-eabi/lib/thumb/libc.a(lib_a-strtoull.o)
 .ARM.attributes
                0x0000000000000ba2       0x2a /opt/devkitpro/devkitARM/bin/../lib/gcc/arm-none-eabi/11.1.0/../../../../arm-none-eabi/lib/thumb/libc.a(lib_a-strtoul.o)
 .ARM.attributes
                0x0000000000000bcc       0x2a /opt/devkitpro/devkitARM/bin/../lib/gcc/arm-none-eabi/11.1.0/../../../../arm-none-eabi/lib/thumb/libc.a(lib_a-svfiprintf.o)
 .ARM.attributes
                0x0000000000000bf6       0x2a /opt/devkitpro/devkitARM/bin/../lib/gcc/arm-none-eabi/11.1.0/../../../../arm-none-eabi/lib/thumb/libc.a(lib_a-wcsnrtombs.o)
 .ARM.attributes
                0x0000000000000c20       0x2a /opt/devkitpro/devkitARM/bin/../lib/gcc/arm-none-eabi/11.1.0/../../../../arm-none-eabi/lib/thumb/libc.a(lib_a-wctomb_r.o)
 .ARM.attributes
                0x0000000000000c4a       0x2a /opt/devkitpro/devkitARM/bin/../lib/gcc/arm-none-eabi/11.1.0/../../../../arm-none-eabi/lib/thumb/libc.a(lib_a-fclose.o)
 .ARM.attributes
                0x0000000000000c74       0x2a /opt/devkitpro/devkitARM/bin/../lib/gcc/arm-none-eabi/11.1.0/../../../../arm-none-eabi/lib/thumb/libc.a(lib_a-getenv_r.o)
 .ARM.attributes
                0x0000000000000c9e       0x2a /opt/devkitpro/devkitARM/bin/../lib/gcc/arm-none-eabi/11.1.0/../../../../arm-none-eabi/lib/thumb/libc.a(lib_a-iswspace_l.o)
 .ARM.attributes
                0x0000000000000cc8       0x2a /opt/devkitpro/devkitARM/bin/../lib/gcc/arm-none-eabi/11.1.0/../../../../arm-none-eabi/lib/thumb/libc.a(lib_a-jp2uc.o)
 .ARM.attributes
                0x0000000000000cf2       0x2a /opt/devkitpro/devkitARM/bin/../lib/gcc/arm-none-eabi/11.1.0/../../../../arm-none-eabi/lib/thumb/libc.a(lib_a-strncmp.o)
 .ARM.attributes
                0x0000000000000d1c       0x2a /opt/devkitpro/devkitARM/bin/../lib/gcc/arm-none-eabi/11.1.0/../../../../arm-none-eabi/lib/thumb/libc.a(lib_a-categories.o)
 .ARM.attributes
                0x0000000000000d46       0x30 /opt/devkitpro/devkitARM/bin/../lib/gcc/arm-none-eabi/11.1.0/../../../../arm-none-eabi/lib/thumb/libc.a(lib_a-environ.o)
 .ARM.attributes
                0x0000000000000d76       0x2a /opt/devkitpro/devkitARM/bin/../lib/gcc/arm-none-eabi/11.1.0/../../../../arm-none-eabi/lib/thumb/libc.a(lib_a-envlock.o)
 .ARM.attributes
                0x0000000000000da0       0x2a /opt/devkitpro/devkitARM/bin/../lib/gcc/arm-none-eabi/11.1.0/../../../../arm-none-eabi/lib/thumb/libsysbase.a(iosupport.o)
 .ARM.attributes
                0x0000000000000dca       0x2a /opt/devkitpro/devkitARM/bin/../lib/gcc/arm-none-eabi/11.1.0/../../../../arm-none-eabi/lib/thumb/libsysbase.a(fstat.o)
 .ARM.attributes
                0x0000000000000df4       0x2a /opt/devkitpro/devkitARM/bin/../lib/gcc/arm-none-eabi/11.1.0/../../../../arm-none-eabi/lib/thumb/libsysbase.a(isatty.o)
 .ARM.attributes
                0x0000000000000e1e       0x2a /opt/devkitpro/devkitARM/bin/../lib/gcc/arm-none-eabi/11.1.0/../../../../arm-none-eabi/lib/thumb/libsysbase.a(lseek.o)
 .ARM.attributes
                0x0000000000000e48       0x2a /opt/devkitpro/devkitARM/bin/../lib/gcc/arm-none-eabi/11.1.0/../../../../arm-none-eabi/lib/thumb/libsysbase.a(read.o)
 .ARM.attributes
                0x0000000000000e72       0x2a /opt/devkitpro/devkitARM/bin/../lib/gcc/arm-none-eabi/11.1.0/../../../../arm-none-eabi/lib/thumb/libsysbase.a(sbrk.o)
 .ARM.attributes
                0x0000000000000e9c       0x2a /opt/devkitpro/devkitARM/bin/../lib/gcc/arm-none-eabi/11.1.0/../../../../arm-none-eabi/lib/thumb/libsysbase.a(write.o)
 .ARM.attributes
                0x0000000000000ec6       0x30 /opt/devkitpro/devkitARM/bin/../lib/gcc/arm-none-eabi/11.1.0/../../../../arm-none-eabi/lib/thumb/libsysbase.a(malloc_vars.o)
 .ARM.attributes
                0x0000000000000ef6       0x2a /opt/devkitpro/devkitARM/bin/../lib/gcc/arm-none-eabi/11.1.0/../../../../arm-none-eabi/lib/thumb/libsysbase.a(flock.o)
 .ARM.attributes
                0x0000000000000f20       0x2a /opt/devkitpro/devkitARM/bin/../lib/gcc/arm-none-eabi/11.1.0/../../../../arm-none-eabi/lib/thumb/libsysbase.a(syscall_support.o)
 .ARM.attributes
                0x0000000000000f4a       0x2a /opt/devkitpro/devkitARM/bin/../lib/gcc/arm-none-eabi/11.1.0/../../../../arm-none-eabi/lib/thumb/libsysbase.a(handle_manager.o)
 .ARM.attributes
                0x0000000000000f74       0x2a /opt/devkitpro/devkitARM/bin/../lib/gcc/arm-none-eabi/11.1.0/../../../../arm-none-eabi/lib/thumb/libsysbase.a(getreent.o)
 .ARM.attributes
                0x0000000000000f9e       0x1c /opt/devkitpro/devkitARM/bin/../lib/gcc/arm-none-eabi/11.1.0/thumb/libgcc.a(_thumb1_case_uqi.o)
 .ARM.attributes
                0x0000000000000fba       0x1c /opt/devkitpro/devkitARM/bin/../lib/gcc/arm-none-eabi/11.1.0/thumb/libgcc.a(_thumb1_case_uhi.o)
 .ARM.attributes
                0x0000000000000fd6       0x1c /opt/devkitpro/devkitARM/bin/../lib/gcc/arm-none-eabi/11.1.0/thumb/libgcc.a(_udivsi3.o)
 .ARM.attributes
                0x0000000000000ff2       0x1c /opt/devkitpro/devkitARM/bin/../lib/gcc/arm-none-eabi/11.1.0/thumb/libgcc.a(_aeabi_uldivmod.o)
 .ARM.attributes
                0x000000000000100e       0x2a /opt/devkitpro/devkitARM/bin/../lib/gcc/arm-none-eabi/11.1.0/thumb/libgcc.a(_muldi3.o)
 .ARM.attributes
                0x0000000000001038       0x2a /opt/devkitpro/devkitARM/bin/../lib/gcc/arm-none-eabi/11.1.0/thumb/libgcc.a(_udivmoddi4.o)
 .ARM.attributes
                0x0000000000001062       0x1c /opt/devkitpro/devkitARM/bin/../lib/gcc/arm-none-eabi/11.1.0/thumb/libgcc.a(_clzdi2.o)
 .ARM.attributes
                0x000000000000107e       0x1c /opt/devkitpro/devkitARM/bin/../lib/gcc/arm-none-eabi/11.1.0/thumb/libgcc.a(_clzsi2.o)
 .ARM.attributes
                0x000000000000109a       0x30 /opt/devkitpro/devkitARM/bin/../lib/gcc/arm-none-eabi/11.1.0/thumb/crtend.o
 .ARM.attributes
                0x00000000000010ca       0x1c /opt/devkitpro/devkitARM/bin/../lib/gcc/arm-none-eabi/11.1.0/thumb/crtn.o

/DISCARD/
 *(.note.GNU-stack)
LOAD /opt/devkitpro/devkitARM/bin/../lib/gcc/arm-none-eabi/11.1.0/../../../../arm-none-eabi/lib/thumb/gba_crt0.o
LOAD /opt/devkitpro/devkitARM/bin/../lib/gcc/arm-none-eabi/11.1.0/thumb/crti.o
LOAD /opt/devkitpro/devkitARM/bin/../lib/gcc/arm-none-eabi/11.1.0/thumb/crtbegin.o
LOAD link.o
LOAD bigmap.o
LOAD link_gfx.o
LOAD kakariko.o
LOAD /mnt/d/Proyectos/GBA_devkitPro/tonc/lab/bigmap/../../tonclib/lib/libtonc.a
START GROUP
LOAD /opt/devkitpro/devkitARM/bin/../lib/gcc/arm-none-eabi/11.1.0/thumb/libgcc.a