Archive member included to satisfy reference by file (symbol)

D:/compiladores/devkitPro/libtonc/lib\libtonc.a(tonc_input.o)
                              main.o (key_poll)
D:/compiladores/devkitPro/libtonc/lib\libtonc.a(tonc_bios.o)
                              D:/compiladores/devkitPro/libtonc/lib\libtonc.a(tonc_input.o) (VBlankIntrWait)
D:/compiladores/devkitPro/devkitARM/bin/../lib/gcc/arm-none-eabi/15.1.0/thumb\libgcc.a(_sync_none.o)
                              (__sync_synchronize_none)
D:/compiladores/devkitPro/devkitARM/bin/../lib/gcc/arm-none-eabi/15.1.0/../../../../arm-none-eabi/lib/thumb\libg.a(libc_a-init.o)
                              D:/compiladores/devkitPro/devkitARM/bin/../lib/gcc/arm-none-eabi/15.1.0/../../../../arm-none-eabi/lib/thumb/gba_crt0.o (__libc_init_array)
D:/compiladores/devkitPro/devkitARM/bin/../lib/gcc/arm-none-eabi/15.1.0/../../../../arm-none-eabi/lib/thumb\libg.a(libc_a-memcpy-stub.o)
                              main.o (memcpy)
D:/compiladores/devkitPro/devkitARM/bin/../lib/gcc/arm-none-eabi/15.1.0/../../../../arm-none-eabi/lib/thumb\libsysbase.a(libsysbase_libsysbase_a-malloc_vars.o)
                              D:/compiladores/devkitPro/devkitARM/bin/../lib/gcc/arm-none-eabi/15.1.0/../../../../arm-none-eabi/lib/thumb/gba_crt0.o (fake_heap_end)

Discarded input sections

 .text          0x00000000        0x0 D:/compiladores/devkitPro/devkitARM/bin/../lib/gcc/arm-none-eabi/15.1.0/../../../../arm-none-eabi/lib/thumb/gba_crt0.o
 .data          0x00000000        0x0 D:/compiladores/devkitPro/devkitARM/bin/../lib/gcc/arm-none-eabi/15.1.0/../../../../arm-none-eabi/lib/thumb/gba_crt0.o
 .bss           0x00000000        0x0 D:/compiladores/devkitPro/devkitARM/bin/../lib/gcc/arm-none-eabi/15.1.0/../../../../arm-none-eabi/lib/thumb/gba_crt0.o
 .text          0x00000000        0x0 D:/compiladores/devkitPro/devkitARM/bin/../lib/gcc/arm-none-eabi/15.1.0/thumb/crti.o
 .data          0x00000000        0x0 D:/compiladores/devkitPro/devkitARM/bin/../lib/gcc/arm-none-eabi/15.1.0/thumb/crti.o
 .bss           0x00000000        0x0 D:/compiladores/devkitPro/devkitARM/bin/../lib/gcc/arm-none-eabi/15.1.0/thumb/crti.o
 .text          0x00000000        0x0 D:/compiladores/devkitPro/devkitARM/bin/../lib/gcc/arm-none-eabi/15.1.0/thumb/crtbegin.o
 .data          0x00000000        0x0 D:/compiladores/devkitPro/devkitARM/bin/../lib/gcc/arm-none-eabi/15.1.0/thumb/crtbegin.o
 .bss           0x00000000        0x0 D:/compiladores/devkitPro/devkitARM/bin/../lib/gcc/arm-none-eabi/15.1.0/thumb/crtbegin.o
 .rodata.all_implied_fbits
                0x00000000       0x24 D:/compiladores/devkitPro/devkitARM/bin/../lib/gcc/arm-none-eabi/15.1.0/thumb/crtbegin.o
 .data.__dso_handle
                0x00000000        0x4 D:/compiladores/devkitPro/devkitARM/bin/../lib/gcc/arm-none-eabi/15.1.0/thumb/crtbegin.o
 .text          0x00000000        0x0 main.o
 .data          0x00000000        0x0 main.o
 .bss           0x00000000        0x0 main.o
 .data          0x00000000        0x0 D:/compiladores/devkitPro/libtonc/lib\libtonc.a(tonc_bios.o)
 .bss           0x00000000        0x0 D:/compiladores/devkitPro/libtonc/lib\libtonc.a(tonc_bios.o)
 .text          0x00000000        0x4 D:/compiladores/devkitPro/devkitARM/bin/../lib/gcc/arm-none-eabi/15.1.0/thumb\libgcc.a(_sync_none.o)
 .data          0x00000000        0x0 D:/compiladores/devkitPro/devkitARM/bin/../lib/gcc/arm-none-eabi/15.1.0/thumb\libgcc.a(_sync_none.o)
 .bss           0x00000000        0x0 D:/compiladores/devkitPro/devkitARM/bin/../lib/gcc/arm-none-eabi/15.1.0/thumb\libgcc.a(_sync_none.o)
 .text          0x00000000        0x0 D:/compiladores/devkitPro/devkitARM/bin/../lib/gcc/arm-none-eabi/15.1.0/../../../../arm-none-eabi/lib/thumb\libg.a(libc_a-init.o)
 .data          0x00000000        0x0 D:/compiladores/devkitPro/devkitARM/bin/../lib/gcc/arm-none-eabi/15.1.0/../../../../arm-none-eabi/lib/thumb\libg.a(libc_a-init.o)
 .bss           0x00000000        0x0 D:/compiladores/devkitPro/devkitARM/bin/../lib/gcc/arm-none-eabi/15.1.0/../../../../arm-none-eabi/lib/thumb\libg.a(libc_a-init.o)
 .text          0x00000000        0x0 D:/compiladores/devkitPro/devkitARM/bin/../lib/gcc/arm-none-eabi/15.1.0/../../../../arm-none-eabi/lib/thumb\libg.a(libc_a-memcpy-stub.o)
 .data          0x00000000        0x0 D:/compiladores/devkitPro/devkitARM/bin/../lib/gcc/arm-none-eabi/15.1.0/../../../../arm-none-eabi/lib/thumb\libg.a(libc_a-memcpy-stub.o)
 .bss           0x00000000        0x0 D:/compiladores/devkitPro/devkitARM/bin/../lib/gcc/arm-none-eabi/15.1.0/../../../../arm-none-eabi/lib/thumb\libg.a(libc_a-memcpy-stub.o)
 .text          0x00000000        0x0 D:/compiladores/devkitPro/devkitARM/bin/../lib/gcc/arm-none-eabi/15.1.0/../../../../arm-none-eabi/lib/thumb\libsysbase.a(libsysbase_libsysbase_a-malloc_vars.o)
 .data          0x00000000        0x0 D:/compiladores/devkitPro/devkitARM/bin/../lib/gcc/arm-none-eabi/15.1.0/../../../../arm-none-eabi/lib/thumb\libsysbase.a(libsysbase_libsysbase_a-malloc_vars.o)
 .bss           0x00000000        0x0 D:/compiladores/devkitPro/devkitARM/bin/../lib/gcc/arm-none-eabi/15.1.0/../../../../arm-none-eabi/lib/thumb\libsysbase.a(libsysbase_libsysbase_a-malloc_vars.o)
 .bss.fake_heap_start
                0x00000000        0x4 D:/compiladores/devkitPro/devkitARM/bin/../lib/gcc/arm-none-eabi/15.1.0/../../../../arm-none-eabi/lib/thumb\libsysbase.a(libsysbase_libsysbase_a-malloc_vars.o)
 .text          0x00000000        0x0 D:/compiladores/devkitPro/devkitARM/bin/../lib/gcc/arm-none-eabi/15.1.0/thumb/crtend.o
 .data          0x00000000        0x0 D:/compiladores/devkitPro/devkitARM/bin/../lib/gcc/arm-none-eabi/15.1.0/thumb/crtend.o
 .bss           0x00000000        0x0 D:/compiladores/devkitPro/devkitARM/bin/../lib/gcc/arm-none-eabi/15.1.0/thumb/crtend.o
 .rodata.all_implied_fbits
                0x00000000       0x24 D:/compiladores/devkitPro/devkitARM/bin/../lib/gcc/arm-none-eabi/15.1.0/thumb/crtend.o
 .text          0x00000000        0x0 D:/compiladores/devkitPro/devkitARM/bin/../lib/gcc/arm-none-eabi/15.1.0/thumb/crtn.o
 .data          0x00000000        0x0 D:/compiladores/devkitPro/devkitARM/bin/../lib/gcc/arm-none-eabi/15.1.0/thumb/crtn.o
 .bss           0x00000000        0x0 D:/compiladores/devkitPro/devkitARM/bin/../lib/gcc/arm-none-eabi/15.1.0/thumb/crtn.o

Memory Configuration

Name             Origin             Length             Attributes
rom              0x08000000         0x02000000
iwram            0x03000000         0x00008000
ewram            0x02000000         0x00040000
*default*        0x00000000         0xffffffff

Linker script and memory map

                0x00000000                        __sync_synchronize = __sync_synchronize_none
                0x08000000                        __text_start = ORIGIN (rom)
                0x02040000                        __eheap_end = (ORIGIN (ewram) + LENGTH (ewram))
                0x03000000                        __iwram_start = ORIGIN (iwram)
                0x03008000                        __iwram_top = (ORIGIN (iwram) + LENGTH (iwram))
                0x03007fa0                        __sp_irq = (__iwram_top - 0x60)
                0x03007f00                        __sp_usr = (__sp_irq - 0xa0)
                0x03007ff8                        __irq_flags = 0x3007ff8
                0x08000000                        . = __text_start

.crt0           0x08000000      0x210
 *(.crt0)
 .crt0          0x08000000      0x210 D:/compiladores/devkitPro/devkitARM/bin/../lib/gcc/arm-none-eabi/15.1.0/../../../../arm-none-eabi/lib/thumb/gba_crt0.o
                0x08000000                _start
                0x080000c4                __boot_method
                0x080000c5                __slave_number
                0x080000e0                start_vector
                0x08000210                        . = ALIGN (0x4)

.init           0x08000210        0xc
 *(SORT_NONE(.init))
 .init          0x08000210        0x4 D:/compiladores/devkitPro/devkitARM/bin/../lib/gcc/arm-none-eabi/15.1.0/thumb/crti.o
                0x08000210                _init
 .init          0x08000214        0x8 D:/compiladores/devkitPro/devkitARM/bin/../lib/gcc/arm-none-eabi/15.1.0/thumb/crtn.o

.plt            0x0800021c        0x0
 *(.plt)
                0x0800021c                        . = ALIGN (0x4)

.text           0x0800021c      0x310
 *(EXCLUDE_FILE(*.iwram*) .text*)
 .text.__do_global_dtors_aux
                0x0800021c       0x2c D:/compiladores/devkitPro/devkitARM/bin/../lib/gcc/arm-none-eabi/15.1.0/thumb/crtbegin.o
 .text.frame_dummy
                0x08000248       0x24 D:/compiladores/devkitPro/devkitARM/bin/../lib/gcc/arm-none-eabi/15.1.0/thumb/crtbegin.o
 .text.startup  0x0800026c       0x84 main.o
                0x0800026c                main
 .text          0x080002f0       0xac D:/compiladores/devkitPro/libtonc/lib\libtonc.a(tonc_input.o)
                0x080002f0                key_poll
                0x08000348                key_wait_till_hit
                0x0800036c                key_repeat
                0x08000378                key_repeat_mask
                0x08000388                key_repeat_limits
 .text          0x0800039c       0x8c D:/compiladores/devkitPro/libtonc/lib\libtonc.a(tonc_bios.o)
                0x0800039c                SoftReset
                0x080003a0                RegisterRamReset
                0x080003a4                Halt
                0x080003a8                Stop
                0x080003ac                IntrWait
                0x080003b0                VBlankIntrWait
                0x080003b4                Div
                0x080003b8                DivArm
                0x080003bc                Sqrt
                0x080003c0                ArcTan
                0x080003c4                ArcTan2
                0x080003c8                CpuSet
                0x080003cc                CpuFastSet
                0x080003d0                BiosCheckSum
                0x080003d4                BgAffineSet
                0x080003d8                ObjAffineSet
                0x080003dc                BitUnPack
                0x080003e0                LZ77UnCompWram
                0x080003e4                LZ77UnCompVram
                0x080003e8                HuffUnComp
                0x080003ec                RLUnCompWram
                0x080003f0                RLUnCompVram
                0x080003f4                Diff8bitUnFilterWram
                0x080003f8                Diff8bitUnFilterVram
                0x080003fc                Diff16bitUnFilter
                0x08000400                SoundBias
                0x08000404                SoundDriverInit
                0x08000408                SoundDriverMode
                0x0800040c                SoundDriverMain
                0x08000410                SoundDriverVSync
                0x08000414                SoundChannelClear
                0x08000418                MidiKey2Freq
                0x0800041c                MultiBoot
                0x08000420                SoundDriverVSyncOff
                0x08000424                SoundDriverVSyncOn
 .text.__libc_init_array
                0x08000428       0x54 D:/compiladores/devkitPro/devkitARM/bin/../lib/gcc/arm-none-eabi/15.1.0/../../../../arm-none-eabi/lib/thumb\libg.a(libc_a-init.o)
                0x08000428                __libc_init_array
 .text.memcpy   0x0800047c       0xb0 D:/compiladores/devkitPro/devkitARM/bin/../lib/gcc/arm-none-eabi/15.1.0/../../../../arm-none-eabi/lib/thumb\libg.a(libc_a-memcpy-stub.o)
                0x0800047c                memcpy
 *(.gnu.linkonce.t.*)
 *(.text.*personality*)
 *(.gnu.warning)
 *(.glue_7t)
 .glue_7t       0x0800052c        0x0 linker stubs
 *(.glue_7)
 .glue_7        0x0800052c        0x0 linker stubs
 *(.vfp11_veneer)
 .vfp11_veneer  0x0800052c        0x0 linker stubs
                0x0800052c                        . = ALIGN (0x4)
                0x0800052c                        __text_end = .

.v4_bx          0x0800052c        0x0
 .v4_bx         0x0800052c        0x0 linker stubs

.iplt           0x0800052c        0x0
 .iplt          0x0800052c        0x0 D:/compiladores/devkitPro/devkitARM/bin/../lib/gcc/arm-none-eabi/15.1.0/../../../../arm-none-eabi/lib/thumb/gba_crt0.o

.fini           0x0800052c        0xc
 *(.fini)
 .fini          0x0800052c        0x4 D:/compiladores/devkitPro/devkitARM/bin/../lib/gcc/arm-none-eabi/15.1.0/thumb/crti.o
                0x0800052c                _fini
 .fini          0x08000530        0x8 D:/compiladores/devkitPro/devkitARM/bin/../lib/gcc/arm-none-eabi/15.1.0/thumb/crtn.o
                0x08000538                        . = ALIGN (0x4)

.rodata         0x08000538    0x12c00
 *(.rodata)
 .rodata        0x08000538    0x12c00 main.o
                0x08000538                title_screen_data
 *all.rodata*(*)
 *(.roda)
 *(.rodata.*)
 *(.gnu.linkonce.r*)
                0x08013138                        . = ALIGN (0x4)

.ARM.extab
 *(.ARM.extab* .gnu.linkonce.armextab.*)
                0x08013138                        __exidx_start = .

.ARM.exidx
 *(.ARM.exidx* .gnu.linkonce.armexidx.*)
                0x08013138                        __exidx_end = .

.ctors          0x08013138        0x0
 *crtbegin.o(.ctors)
 *(EXCLUDE_FILE(*crtend.o) .ctors)
 *(SORT_BY_NAME(.ctors.*))
 *(.ctors)
                0x08013138                        . = ALIGN (0x4)

.dtors          0x08013138        0x0
 *crtbegin.o(.dtors)
 *(EXCLUDE_FILE(*crtend.o) .dtors)
 *(SORT_BY_NAME(.dtors.*))
 *(.dtors)
                0x08013138                        . = ALIGN (0x4)

.eh_frame       0x08013138        0x4
 *(.eh_frame)
 .eh_frame      0x08013138        0x0 D:/compiladores/devkitPro/devkitARM/bin/../lib/gcc/arm-none-eabi/15.1.0/thumb/crtbegin.o
 .eh_frame      0x08013138        0x4 D:/compiladores/devkitPro/devkitARM/bin/../lib/gcc/arm-none-eabi/15.1.0/thumb/crtend.o
                0x0801313c                        . = ALIGN (0x4)

.gcc_except_table
                0x0801313c        0x0
 *(.gcc_except_table)
                0x0801313c                        . = ALIGN (0x4)
                0x0801313c                        __iwram_lma = .

.iwram          0x03000000        0x0 load address 0x0801313c
                0x03000000                        __iwram_start__ = ABSOLUTE (.)
 *(.iwram .iwram*)
 *iwram.*(.text* .data*)
                0x03000000                        . = ALIGN (0x4)
                0x03000000                        __iwram_end__ = ABSOLUTE (.)
                0x0801313c                        __data_lma = (__iwram_lma + SIZEOF (.iwram))

.bss            0x03000000       0x24
                0x03000000                        __bss_start = ABSOLUTE (.)
                0x03000000                        __bss_start__ = ABSOLUTE (.)
 *(.dynbss)
 *(.gnu.linkonce.b*)
 *(.bss*)
 .bss.completed.1
                0x03000000        0x1 D:/compiladores/devkitPro/devkitARM/bin/../lib/gcc/arm-none-eabi/15.1.0/thumb/crtbegin.o
 *fill*         0x03000001        0x3 
 .bss.object.0  0x03000004       0x18 D:/compiladores/devkitPro/devkitARM/bin/../lib/gcc/arm-none-eabi/15.1.0/thumb/crtbegin.o
 .bss           0x0300001c        0x4 D:/compiladores/devkitPro/libtonc/lib\libtonc.a(tonc_input.o)
                0x0300001c                __key_curr
                0x0300001e                __key_prev
 .bss.fake_heap_end
                0x03000020        0x4 D:/compiladores/devkitPro/devkitARM/bin/../lib/gcc/arm-none-eabi/15.1.0/../../../../arm-none-eabi/lib/thumb\libsysbase.a(libsysbase_libsysbase_a-malloc_vars.o)
                0x03000020                fake_heap_end
 *(COMMON)
                0x03000024                        . = ALIGN (0x4)
                0x03000024                        __bss_end__ = ABSOLUTE (.)

.data           0x03000024        0x8 load address 0x0801313c
                0x03000024                        __data_start__ = ABSOLUTE (.)
 *(.data*)
 .data          0x03000024        0x8 D:/compiladores/devkitPro/libtonc/lib\libtonc.a(tonc_input.o)
                0x03000024                __key_rpt
 *(.gnu.linkonce.d*)
                0x0300002c                        . = ALIGN (0x4)
                0x08013144                        __preinit_lma = (__data_lma + SIZEOF (.data))

.igot.plt       0x0300002c        0x0 load address 0x08013144
 .igot.plt      0x0300002c        0x0 D:/compiladores/devkitPro/devkitARM/bin/../lib/gcc/arm-none-eabi/15.1.0/../../../../arm-none-eabi/lib/thumb/gba_crt0.o

.preinit_array  0x0300002c        0x0 load address 0x08013144
                0x0300002c                        __preinit_array_start = ABSOLUTE (.)
 *(.preinit_array)
                0x0300002c                        __preinit_array_end = ABSOLUTE (.)
                0x08013144                        __init_lma = (__preinit_lma + SIZEOF (.preinit_array))

.init_array     0x0300002c        0x4 load address 0x08013144
                0x0300002c                        __init_array_start = ABSOLUTE (.)
 *(SORT_BY_NAME(.init_array.*))
 *(.init_array)
 .init_array    0x0300002c        0x4 D:/compiladores/devkitPro/devkitARM/bin/../lib/gcc/arm-none-eabi/15.1.0/thumb/crtbegin.o
                0x03000030                        __init_array_end = ABSOLUTE (.)
                0x08013148                        __fini_lma = (__init_lma + SIZEOF (.init_array))

.fini_array     0x03000030        0x4 load address 0x08013148
                0x03000030                        __fini_array_start = ABSOLUTE (.)
 *(SORT_BY_NAME(.fini_array.*))
 *(.fini_array)
 .fini_array    0x03000030        0x4 D:/compiladores/devkitPro/devkitARM/bin/../lib/gcc/arm-none-eabi/15.1.0/thumb/crtbegin.o
                0x03000034                        __fini_array_end = ABSOLUTE (.)
                0x0801314c                        __jcr_lma = (__fini_lma + SIZEOF (.fini_array))

.jcr
 *(.jcr)
                0x03000034                        __data_end__ = ABSOLUTE (.)
                0x0801314c                        __iwram_overlay_lma = (__jcr_lma + SIZEOF (.jcr))
                0x03000034                        __iwram_overlay_start = .

.iwram0         0x03000034        0x0 load address 0x0801314c
 *(.iwram0)
                0x03000034                        . = ALIGN (0x4)
                0x0801314c                        PROVIDE (__load_start_iwram0 = LOADADDR (.iwram0))
                0x0801314c                        PROVIDE (__load_stop_iwram0 = (LOADADDR (.iwram0) + SIZEOF (.iwram0)))

.iwram1         0x03000034        0x0
 *(.iwram1)
                0x03000034                        . = ALIGN (0x4)
                [!provide]                        PROVIDE (__load_start_iwram1 = LOADADDR (.iwram1))
                [!provide]                        PROVIDE (__load_stop_iwram1 = (LOADADDR (.iwram1) + SIZEOF (.iwram1)))

.iwram2         0x03000034        0x0
 *(.iwram2)
                0x03000034                        . = ALIGN (0x4)
                [!provide]                        PROVIDE (__load_start_iwram2 = LOADADDR (.iwram2))
                [!provide]                        PROVIDE (__load_stop_iwram2 = (LOADADDR (.iwram2) + SIZEOF (.iwram2)))

.iwram3         0x03000034        0x0
 *(.iwram3)
                0x03000034                        . = ALIGN (0x4)
                [!provide]                        PROVIDE (__load_start_iwram3 = LOADADDR (.iwram3))
                [!provide]                        PROVIDE (__load_stop_iwram3 = (LOADADDR (.iwram3) + SIZEOF (.iwram3)))

.iwram4         0x03000034        0x0
 *(.iwram4)
                0x03000034                        . = ALIGN (0x4)
                [!provide]                        PROVIDE (__load_start_iwram4 = LOADADDR (.iwram4))
                [!provide]                        PROVIDE (__load_stop_iwram4 = (LOADADDR (.iwram4) + SIZEOF (.iwram4)))

.iwram5         0x03000034        0x0
 *(.iwram5)
                0x03000034                        . = ALIGN (0x4)
                [!provide]                        PROVIDE (__load_start_iwram5 = LOADADDR (.iwram5))
                [!provide]                        PROVIDE (__load_stop_iwram5 = (LOADADDR (.iwram5) + SIZEOF (.iwram5)))

.iwram6         0x03000034        0x0
 *(.iwram6)
                0x03000034                        . = ALIGN (0x4)
                [!provide]                        PROVIDE (__load_start_iwram6 = LOADADDR (.iwram6))
                [!provide]                        PROVIDE (__load_stop_iwram6 = (LOADADDR (.iwram6) + SIZEOF (.iwram6)))

.iwram7         0x03000034        0x0
 *(.iwram7)
                0x03000034                        . = ALIGN (0x4)
                [!provide]                        PROVIDE (__load_start_iwram7 = LOADADDR (.iwram7))
                [!provide]                        PROVIDE (__load_stop_iwram7 = (LOADADDR (.iwram7) + SIZEOF (.iwram7)))

.iwram8         0x03000034        0x0
 *(.iwram8)
                0x03000034                        . = ALIGN (0x4)
                [!provide]                        PROVIDE (__load_start_iwram8 = LOADADDR (.iwram8))
                [!provide]                        PROVIDE (__load_stop_iwram8 = (LOADADDR (.iwram8) + SIZEOF (.iwram8)))

.iwram9         0x03000034        0x0
 *(.iwram9)
                0x03000034                        . = ALIGN (0x4)
                [!provide]                        PROVIDE (__load_start_iwram9 = LOADADDR (.iwram9))
                [!provide]                        PROVIDE (__load_stop_iwram9 = (LOADADDR (.iwram9) + SIZEOF (.iwram9)))
                0x03000034                        __iwram_overlay_end = .
                0x0801314c                        __ewram_lma = (__iwram_overlay_lma + (__iwram_overlay_end - __iwram_overlay_start))
                0x03000034                        __iheap_start = .
                0x02000000                        __ewram_start = ORIGIN (ewram)

.ewram          0x02000000        0x0 load address 0x0801314c
 *(.ewram*)
                0x02000000                        . = ALIGN (0x4)
                0x02000000                        __ewram_end = ABSOLUTE (.)
                0x0801314c                        __pad_lma = (__ewram_lma + SIZEOF (.ewram))

.sbss           0x02000000        0x0
                0x02000000                        __sbss_start__ = ABSOLUTE (.)
 *(.sbss*)
                0x02000000                        . = ALIGN (0x4)
                0x02000000                        __sbss_end__ = ABSOLUTE (.)
                0x02000000                        __end__ = ABSOLUTE (.)
                0x02000000                        __eheap_start = ABSOLUTE (.)

.pad            0x02000000        0x8 load address 0x0801314c
                0x02000000        0x4 LONG 0x52416b64
                0x02000004        0x4 LONG 0x4d
                0x02000008                        . = ALIGN (0x4)
                0x08013154                        __rom_end__ = (__pad_lma + SIZEOF (.pad))

.rel.dyn        0x02000008        0x0 load address 0x08013154
 .rel.iplt      0x02000008        0x0 D:/compiladores/devkitPro/devkitARM/bin/../lib/gcc/arm-none-eabi/15.1.0/../../../../arm-none-eabi/lib/thumb/gba_crt0.o

.stab
 *(.stab)

.stabstr
 *(.stabstr)

.stab.excl
 *(.stab.excl)

.stab.exclstr
 *(.stab.exclstr)

.stab.index
 *(.stab.index)

.stab.indexstr
 *(.stab.indexstr)

.comment        0x00000000       0x23
 *(.comment)
 .comment       0x00000000       0x23 D:/compiladores/devkitPro/devkitARM/bin/../lib/gcc/arm-none-eabi/15.1.0/thumb/crtbegin.o
                                 0x24 (size before relaxing)
 .comment       0x00000023       0x24 main.o
 .comment       0x00000023       0x24 D:/compiladores/devkitPro/libtonc/lib\libtonc.a(tonc_input.o)
 .comment       0x00000023       0x24 D:/compiladores/devkitPro/devkitARM/bin/../lib/gcc/arm-none-eabi/15.1.0/../../../../arm-none-eabi/lib/thumb\libg.a(libc_a-init.o)
 .comment       0x00000023       0x24 D:/compiladores/devkitPro/devkitARM/bin/../lib/gcc/arm-none-eabi/15.1.0/../../../../arm-none-eabi/lib/thumb\libg.a(libc_a-memcpy-stub.o)
 .comment       0x00000023       0x24 D:/compiladores/devkitPro/devkitARM/bin/../lib/gcc/arm-none-eabi/15.1.0/../../../../arm-none-eabi/lib/thumb\libsysbase.a(libsysbase_libsysbase_a-malloc_vars.o)
 .comment       0x00000023       0x24 D:/compiladores/devkitPro/devkitARM/bin/../lib/gcc/arm-none-eabi/15.1.0/thumb/crtend.o

.debug
 *(.debug)

.line
 *(.line)

.debug_srcinfo
 *(.debug_srcinfo)

.debug_sfnames
 *(.debug_sfnames)

.debug_aranges  0x00000000       0x20
 *(.debug_aranges)
 .debug_aranges
                0x00000000       0x20 main.o

.debug_pubnames
 *(.debug_pubnames)

.debug_info     0x00000000      0x30f
 *(.debug_info)
 .debug_info    0x00000000      0x30f main.o

.debug_abbrev   0x00000000      0x1ee
 *(.debug_abbrev)
 .debug_abbrev  0x00000000      0x1ee main.o

.debug_line     0x00000000      0x2dd
 *(.debug_line)
 .debug_line    0x00000000      0x2dd main.o

.debug_frame    0x00000000       0x38
 *(.debug_frame)
 .debug_frame   0x00000000       0x38 main.o

.debug_str      0x00000000      0x231
 *(.debug_str)
 .debug_str     0x00000000      0x231 main.o
                                0x283 (size before relaxing)

.debug_loc
 *(.debug_loc)

.debug_macinfo
 *(.debug_macinfo)

.debug_weaknames
 *(.debug_weaknames)

.debug_funcnames
 *(.debug_funcnames)

.debug_typenames
 *(.debug_typenames)

.debug_varnames
 *(.debug_varnames)

.stack          0x00080000        0x0
                0x00080000                        _stack = .
 *(.stack)

.note.gnu.arm.ident
 *(.note.gnu.arm.ident)

.ARM.attributes
                0x00000000       0x2c
 *(.ARM.attributes)
 .ARM.attributes
                0x00000000       0x20 D:/compiladores/devkitPro/devkitARM/bin/../lib/gcc/arm-none-eabi/15.1.0/../../../../arm-none-eabi/lib/thumb/gba_crt0.o
 .ARM.attributes
                0x00000020       0x1c D:/compiladores/devkitPro/devkitARM/bin/../lib/gcc/arm-none-eabi/15.1.0/thumb/crti.o
 .ARM.attributes
                0x0000003c       0x2a D:/compiladores/devkitPro/devkitARM/bin/../lib/gcc/arm-none-eabi/15.1.0/thumb/crtbegin.o
 .ARM.attributes
                0x00000066       0x26 main.o
 .ARM.attributes
                0x0000008c       0x2a D:/compiladores/devkitPro/libtonc/lib\libtonc.a(tonc_input.o)
 .ARM.attributes
                0x000000b6       0x1a D:/compiladores/devkitPro/libtonc/lib\libtonc.a(tonc_bios.o)
 .ARM.attributes
                0x000000d0       0x1c D:/compiladores/devkitPro/devkitARM/bin/../lib/gcc/arm-none-eabi/15.1.0/thumb\libgcc.a(_sync_none.o)
 .ARM.attributes
                0x000000ec       0x2a D:/compiladores/devkitPro/devkitARM/bin/../lib/gcc/arm-none-eabi/15.1.0/../../../../arm-none-eabi/lib/thumb\libg.a(libc_a-init.o)
 .ARM.attributes
                0x00000116       0x2a D:/compiladores/devkitPro/devkitARM/bin/../lib/gcc/arm-none-eabi/15.1.0/../../../../arm-none-eabi/lib/thumb\libg.a(libc_a-memcpy-stub.o)
 .ARM.attributes
                0x00000140       0x2a D:/compiladores/devkitPro/devkitARM/bin/../lib/gcc/arm-none-eabi/15.1.0/../../../../arm-none-eabi/lib/thumb\libsysbase.a(libsysbase_libsysbase_a-malloc_vars.o)
 .ARM.attributes
                0x0000016a       0x2a D:/compiladores/devkitPro/devkitARM/bin/../lib/gcc/arm-none-eabi/15.1.0/thumb/crtend.o
 .ARM.attributes
                0x00000194       0x1c D:/compiladores/devkitPro/devkitARM/bin/../lib/gcc/arm-none-eabi/15.1.0/thumb/crtn.o

/DISCARD/
 *(.note.GNU-stack)
LOAD D:/compiladores/devkitPro/devkitARM/bin/../lib/gcc/arm-none-eabi/15.1.0/../../../../arm-none-eabi/lib/thumb/gba_crt0.o
LOAD D:/compiladores/devkitPro/devkitARM/bin/../lib/gcc/arm-none-eabi/15.1.0/thumb/crti.o
LOAD D:/compiladores/devkitPro/devkitARM/bin/../lib/gcc/arm-none-eabi/15.1.0/thumb/crtbegin.o
LOAD main.o
LOAD D:/compiladores/devkitPro/libgba/lib\libmm.a
LOAD D:/compiladores/devkitPro/libgba/lib\libgba.a
LOAD D:/compiladores/devkitPro/libtonc/lib\libtonc.a
START GROUP
LOAD D:/compiladores/devkitPro/devkitARM/bin/../lib/gcc/arm-none-eabi/15.1.0/thumb\libgcc.a
LOAD D:/compiladores/devkitPro/devkitARM/bin/../lib/gcc/arm-none-eabi/15.1.0/../../../../arm-none-eabi/lib/thumb\libg.a
LOAD D:/compiladores/devkitPro/devkitARM/bin/../lib/gcc/arm-none-eabi/15.1.0/../../../../arm-none-eabi/lib/thumb\libc.a
LOAD D:/compiladores/devkitPro/devkitARM/bin/../lib/gcc/arm-none-eabi/15.1.0/../../../../arm-none-eabi/lib/thumb\libsysbase.a
END GROUP
LOAD D:/compiladores/devkitPro/devkitARM/bin/../lib/gcc/arm-none-eabi/15.1.0/thumb/crtend.o
LOAD D:/compiladores/devkitPro/devkitARM/bin/../lib/gcc/arm-none-eabi/15.1.0/thumb/crtn.o
OUTPUT(D:/proyectos/GBA_devkitPro/azuris/azuris.elf elf32-littlearm)
LOAD linker stubs

.debug_loclists
                0x00000000       0x7c
 .debug_loclists
                0x00000000       0x7c main.o

.debug_rnglists
                0x00000000       0x38
 .debug_rnglists
                0x00000000       0x38 main.o
