Archive member included to satisfy reference by file (symbol)

../../tonclib/lib/libtonc.a(tte_main.o)
                              hello.o (tte_write)
../../tonclib/lib/libtonc.a(tte_init_se.o)
                              hello.o (tte_init_se)
../../tonclib/lib/libtonc.a(se_drawg.o)
                              ../../tonclib/lib/libtonc.a(tte_init_se.o) (se_erase)
../../tonclib/lib/libtonc.a(tonc_bios.o)
                              ../../tonclib/lib/libtonc.a(tte_init_se.o) (BitUnPack)
../../tonclib/lib/libtonc.a(tonc_bios_ex.o)
                              ../../tonclib/lib/libtonc.a(tte_main.o) (VBlankIntrDelay)
../../tonclib/lib/libtonc.a(sys8.o)
                              hello.o (sys8Font)
../../tonclib/lib/libtonc.a(tonc_surface.o)
                              ../../tonclib/lib/libtonc.a(tte_init_se.o) (srf_init)
../../tonclib/lib/libtonc.a(tonc_sbmp16.o)
                              ../../tonclib/lib/libtonc.a(se_drawg.o) (sbmp16_rect)
../../tonclib/lib/libtonc.a(tonc_memcpy.o)
                              ../../tonclib/lib/libtonc.a(tonc_surface.o) (memcpy16)
../../tonclib/lib/libtonc.a(tonc_memset.o)
                              ../../tonclib/lib/libtonc.a(tonc_sbmp16.o) (memset16)
/opt/devkitpro/devkitARM/bin/../lib/gcc/arm-none-eabi/11.1.0/thumb/libgcc.a(_divsi3.o)
                              ../../tonclib/lib/libtonc.a(tte_main.o) (__aeabi_idiv)
/opt/devkitpro/devkitARM/bin/../lib/gcc/arm-none-eabi/11.1.0/thumb/libgcc.a(_dvmd_tls.o)
                              /opt/devkitpro/devkitARM/bin/../lib/gcc/arm-none-eabi/11.1.0/thumb/libgcc.a(_divsi3.o) (__aeabi_idiv0)
/opt/devkitpro/devkitARM/bin/../lib/gcc/arm-none-eabi/11.1.0/../../../../arm-none-eabi/lib/thumb/libc.a(lib_a-ctype_.o)
                              ../../tonclib/lib/libtonc.a(tte_main.o) (_ctype_)
/opt/devkitpro/devkitARM/bin/../lib/gcc/arm-none-eabi/11.1.0/../../../../arm-none-eabi/lib/thumb/libc.a(lib_a-init.o)
                              /opt/devkitpro/devkitARM/bin/../lib/gcc/arm-none-eabi/11.1.0/../../../../arm-none-eabi/lib/thumb/gba_crt0.o (__libc_init_array)
/opt/devkitpro/devkitARM/bin/../lib/gcc/arm-none-eabi/11.1.0/../../../../arm-none-eabi/lib/thumb/libc.a(lib_a-memset.o)
                              ../../tonclib/lib/libtonc.a(tte_main.o) (memset)
/opt/devkitpro/devkitARM/bin/../lib/gcc/arm-none-eabi/11.1.0/../../../../arm-none-eabi/lib/thumb/libc.a(lib_a-strtol.o)
                              ../../tonclib/lib/libtonc.a(tte_main.o) (strtol)
/opt/devkitpro/devkitARM/bin/../lib/gcc/arm-none-eabi/11.1.0/../../../../arm-none-eabi/lib/thumb/libc.a(lib_a-errno.o)
                              /opt/devkitpro/devkitARM/bin/../lib/gcc/arm-none-eabi/11.1.0/../../../../arm-none-eabi/lib/thumb/libc.a(lib_a-strtol.o) (__errno)
/opt/devkitpro/devkitARM/bin/../lib/gcc/arm-none-eabi/11.1.0/../../../../arm-none-eabi/lib/thumb/libsysbase.a(malloc_vars.o)
                              /opt/devkitpro/devkitARM/bin/../lib/gcc/arm-none-eabi/11.1.0/../../../../arm-none-eabi/lib/thumb/gba_crt0.o (fake_heap_end)
/opt/devkitpro/devkitARM/bin/../lib/gcc/arm-none-eabi/11.1.0/../../../../arm-none-eabi/lib/thumb/libsysbase.a(getreent.o)
                              /opt/devkitpro/devkitARM/bin/../lib/gcc/arm-none-eabi/11.1.0/../../../../arm-none-eabi/lib/thumb/libc.a(lib_a-strtol.o) (__getreent)
/opt/devkitpro/devkitARM/bin/../lib/gcc/arm-none-eabi/11.1.0/../../../../arm-none-eabi/lib/thumb/libsysbase.a(syscall_support.o)
                              /opt/devkitpro/devkitARM/bin/../lib/gcc/arm-none-eabi/11.1.0/../../../../arm-none-eabi/lib/thumb/libsysbase.a(getreent.o) (__syscalls)
/opt/devkitpro/devkitARM/bin/../lib/gcc/arm-none-eabi/11.1.0/thumb/libgcc.a(_udivsi3.o)
                              /opt/devkitpro/devkitARM/bin/../lib/gcc/arm-none-eabi/11.1.0/../../../../arm-none-eabi/lib/thumb/libc.a(lib_a-strtol.o) (__aeabi_uidivmod)
/opt/devkitpro/devkitARM/bin/../lib/gcc/arm-none-eabi/11.1.0/../../../../arm-none-eabi/lib/thumb/libc.a(lib_a-impure.o)
                              /opt/devkitpro/devkitARM/bin/../lib/gcc/arm-none-eabi/11.1.0/../../../../arm-none-eabi/lib/thumb/libsysbase.a(getreent.o) (_impure_ptr)

Discarded input sections

 .text          0x0000000000000000        0x0 /opt/devkitpro/devkitARM/bin/../lib/gcc/arm-none-eabi/11.1.0/../../../../arm-none-eabi/lib/thumb/gba_crt0.o
 .data          0x0000000000000000        0x0 /opt/devkitpro/devkitARM/bin/../lib/gcc/arm-none-eabi/11.1.0/../../../../arm-none-eabi/lib/thumb/gba_crt0.o
 .bss           0x0000000000000000        0x0 /opt/devkitpro/devkitARM/bin/../lib/gcc/arm-none-eabi/11.1.0/../../../../arm-none-eabi/lib/thumb/gba_crt0.o
 .text          0x0000000000000000        0x0 /opt/devkitpro/devkitARM/bin/../lib/gcc/arm-none-eabi/11.1.0/thumb/crti.o
 .data          0x0000000000000000        0x0 /opt/devkitpro/devkitARM/bin/../lib/gcc/arm-none-eabi/11.1.0/thumb/crti.o
 .bss           0x0000000000000000        0x0 /opt/devkitpro/devkitARM/bin/../lib/gcc/arm-none-eabi/11.1.0/thumb/crti.o
 .text          0x0000000000000000        0x0 /opt/devkitpro/devkitARM/bin/../lib/gcc/arm-none-eabi/11.1.0/thumb/crtbegin.o
 .data          0x0000000000000000        0x0 /opt/devkitpro/devkitARM/bin/../lib/gcc/arm-none-eabi/11.1.0/thumb/crtbegin.o
 .bss           0x0000000000000000        0x0 /opt/devkitpro/devkitARM/bin/../lib/gcc/arm-none-eabi/11.1.0/thumb/crtbegin.o
 .rodata.all_implied_fbits
                0x0000000000000000       0x24 /opt/devkitpro/devkitARM/bin/../lib/gcc/arm-none-eabi/11.1.0/thumb/crtbegin.o
 .data.__dso_handle
                0x0000000000000000        0x4 /opt/devkitpro/devkitARM/bin/../lib/gcc/arm-none-eabi/11.1.0/thumb/crtbegin.o
 .text          0x0000000000000000        0x0 hello.o
 .data          0x0000000000000000        0x0 hello.o
 .bss           0x0000000000000000        0x0 hello.o
 .data          0x0000000000000000        0x0 ../../tonclib/lib/libtonc.a(tte_init_se.o)
 .bss           0x0000000000000000        0x0 ../../tonclib/lib/libtonc.a(tte_init_se.o)
 .data          0x0000000000000000        0x0 ../../tonclib/lib/libtonc.a(se_drawg.o)
 .bss           0x0000000000000000        0x0 ../../tonclib/lib/libtonc.a(se_drawg.o)
 .data          0x0000000000000000        0x0 ../../tonclib/lib/libtonc.a(tonc_bios.o)
 .bss           0x0000000000000000        0x0 ../../tonclib/lib/libtonc.a(tonc_bios.o)
 .data          0x0000000000000000        0x0 ../../tonclib/lib/libtonc.a(tonc_bios_ex.o)
 .bss           0x0000000000000000        0x0 ../../tonclib/lib/libtonc.a(tonc_bios_ex.o)
 .text          0x0000000000000000        0x0 ../../tonclib/lib/libtonc.a(sys8.o)
 .data          0x0000000000000000        0x0 ../../tonclib/lib/libtonc.a(sys8.o)
 .bss           0x0000000000000000        0x0 ../../tonclib/lib/libtonc.a(sys8.o)
 .data          0x0000000000000000        0x0 ../../tonclib/lib/libtonc.a(tonc_surface.o)
 .bss           0x0000000000000000        0x0 ../../tonclib/lib/libtonc.a(tonc_surface.o)
 .data          0x0000000000000000        0x0 ../../tonclib/lib/libtonc.a(tonc_sbmp16.o)
 .bss           0x0000000000000000        0x0 ../../tonclib/lib/libtonc.a(tonc_sbmp16.o)
 .rodata.str1.4
                0x0000000000000000        0x6 ../../tonclib/lib/libtonc.a(tonc_sbmp16.o)
 .rodata        0x0000000000000000       0x3c ../../tonclib/lib/libtonc.a(tonc_sbmp16.o)
 .ewram         0x0000000000000000       0x14 ../../tonclib/lib/libtonc.a(tonc_sbmp16.o)
 .data          0x0000000000000000        0x0 ../../tonclib/lib/libtonc.a(tonc_memcpy.o)
 .bss           0x0000000000000000        0x0 ../../tonclib/lib/libtonc.a(tonc_memcpy.o)
 .data          0x0000000000000000        0x0 ../../tonclib/lib/libtonc.a(tonc_memset.o)
 .bss           0x0000000000000000        0x0 ../../tonclib/lib/libtonc.a(tonc_memset.o)
 .data          0x0000000000000000        0x0 /opt/devkitpro/devkitARM/bin/../lib/gcc/arm-none-eabi/11.1.0/thumb/libgcc.a(_divsi3.o)
 .bss           0x0000000000000000        0x0 /opt/devkitpro/devkitARM/bin/../lib/gcc/arm-none-eabi/11.1.0/thumb/libgcc.a(_divsi3.o)
 .data          0x0000000000000000        0x0 /opt/devkitpro/devkitARM/bin/../lib/gcc/arm-none-eabi/11.1.0/thumb/libgcc.a(_dvmd_tls.o)
 .bss           0x0000000000000000        0x0 /opt/devkitpro/devkitARM/bin/../lib/gcc/arm-none-eabi/11.1.0/thumb/libgcc.a(_dvmd_tls.o)
 .text          0x0000000000000000        0x0 /opt/devkitpro/devkitARM/bin/../lib/gcc/arm-none-eabi/11.1.0/../../../../arm-none-eabi/lib/thumb/libc.a(lib_a-ctype_.o)
 .data          0x0000000000000000        0x0 /opt/devkitpro/devkitARM/bin/../lib/gcc/arm-none-eabi/11.1.0/../../../../arm-none-eabi/lib/thumb/libc.a(lib_a-ctype_.o)
 .bss           0x0000000000000000        0x0 /opt/devkitpro/devkitARM/bin/../lib/gcc/arm-none-eabi/11.1.0/../../../../arm-none-eabi/lib/thumb/libc.a(lib_a-ctype_.o)
 .text.__set_ctype
                0x0000000000000000        0xc /opt/devkitpro/devkitARM/bin/../lib/gcc/arm-none-eabi/11.1.0/../../../../arm-none-eabi/lib/thumb/libc.a(lib_a-ctype_.o)
 .text          0x0000000000000000        0x0 /opt/devkitpro/devkitARM/bin/../lib/gcc/arm-none-eabi/11.1.0/../../../../arm-none-eabi/lib/thumb/libc.a(lib_a-init.o)
 .data          0x0000000000000000        0x0 /opt/devkitpro/devkitARM/bin/../lib/gcc/arm-none-eabi/11.1.0/../../../../arm-none-eabi/lib/thumb/libc.a(lib_a-init.o)
 .bss           0x0000000000000000        0x0 /opt/devkitpro/devkitARM/bin/../lib/gcc/arm-none-eabi/11.1.0/../../../../arm-none-eabi/lib/thumb/libc.a(lib_a-init.o)
 .text          0x0000000000000000        0x0 /opt/devkitpro/devkitARM/bin/../lib/gcc/arm-none-eabi/11.1.0/../../../../arm-none-eabi/lib/thumb/libc.a(lib_a-memset.o)
 .data          0x0000000000000000        0x0 /opt/devkitpro/devkitARM/bin/../lib/gcc/arm-none-eabi/11.1.0/../../../../arm-none-eabi/lib/thumb/libc.a(lib_a-memset.o)
 .bss           0x0000000000000000        0x0 /opt/devkitpro/devkitARM/bin/../lib/gcc/arm-none-eabi/11.1.0/../../../../arm-none-eabi/lib/thumb/libc.a(lib_a-memset.o)
 .text          0x0000000000000000        0x0 /opt/devkitpro/devkitARM/bin/../lib/gcc/arm-none-eabi/11.1.0/../../../../arm-none-eabi/lib/thumb/libc.a(lib_a-strtol.o)
 .data          0x0000000000000000        0x0 /opt/devkitpro/devkitARM/bin/../lib/gcc/arm-none-eabi/11.1.0/../../../../arm-none-eabi/lib/thumb/libc.a(lib_a-strtol.o)
 .bss           0x0000000000000000        0x0 /opt/devkitpro/devkitARM/bin/../lib/gcc/arm-none-eabi/11.1.0/../../../../arm-none-eabi/lib/thumb/libc.a(lib_a-strtol.o)
 .text._strtol_r
                0x0000000000000000       0x20 /opt/devkitpro/devkitARM/bin/../lib/gcc/arm-none-eabi/11.1.0/../../../../arm-none-eabi/lib/thumb/libc.a(lib_a-strtol.o)
 .text.strtol_l
                0x0000000000000000       0x30 /opt/devkitpro/devkitARM/bin/../lib/gcc/arm-none-eabi/11.1.0/../../../../arm-none-eabi/lib/thumb/libc.a(lib_a-strtol.o)
 .text          0x0000000000000000        0x0 /opt/devkitpro/devkitARM/bin/../lib/gcc/arm-none-eabi/11.1.0/../../../../arm-none-eabi/lib/thumb/libc.a(lib_a-errno.o)
 .data          0x0000000000000000        0x0 /opt/devkitpro/devkitARM/bin/../lib/gcc/arm-none-eabi/11.1.0/../../../../arm-none-eabi/lib/thumb/libc.a(lib_a-errno.o)
 .bss           0x0000000000000000        0x0 /opt/devkitpro/devkitARM/bin/../lib/gcc/arm-none-eabi/11.1.0/../../../../arm-none-eabi/lib/thumb/libc.a(lib_a-errno.o)
 .text          0x0000000000000000        0x0 /opt/devkitpro/devkitARM/bin/../lib/gcc/arm-none-eabi/11.1.0/../../../../arm-none-eabi/lib/thumb/libsysbase.a(malloc_vars.o)
 .data          0x0000000000000000        0x0 /opt/devkitpro/devkitARM/bin/../lib/gcc/arm-none-eabi/11.1.0/../../../../arm-none-eabi/lib/thumb/libsysbase.a(malloc_vars.o)
 .bss           0x0000000000000000        0x0 /opt/devkitpro/devkitARM/bin/../lib/gcc/arm-none-eabi/11.1.0/../../../../arm-none-eabi/lib/thumb/libsysbase.a(malloc_vars.o)
 .bss.fake_heap_start
                0x0000000000000000        0x4 /opt/devkitpro/devkitARM/bin/../lib/gcc/arm-none-eabi/11.1.0/../../../../arm-none-eabi/lib/thumb/libsysbase.a(malloc_vars.o)
 .text          0x0000000000000000        0x0 /opt/devkitpro/devkitARM/bin/../lib/gcc/arm-none-eabi/11.1.0/../../../../arm-none-eabi/lib/thumb/libsysbase.a(getreent.o)
 .data          0x0000000000000000        0x0 /opt/devkitpro/devkitARM/bin/../lib/gcc/arm-none-eabi/11.1.0/../../../../arm-none-eabi/lib/thumb/libsysbase.a(getreent.o)
 .bss           0x0000000000000000        0x0 /opt/devkitpro/devkitARM/bin/../lib/gcc/arm-none-eabi/11.1.0/../../../../arm-none-eabi/lib/thumb/libsysbase.a(getreent.o)
 .text          0x0000000000000000        0x0 /opt/devkitpro/devkitARM/bin/../lib/gcc/arm-none-eabi/11.1.0/../../../../arm-none-eabi/lib/thumb/libsysbase.a(syscall_support.o)
 .data          0x0000000000000000        0x0 /opt/devkitpro/devkitARM/bin/../lib/gcc/arm-none-eabi/11.1.0/../../../../arm-none-eabi/lib/thumb/libsysbase.a(syscall_support.o)
 .bss           0x0000000000000000        0x0 /opt/devkitpro/devkitARM/bin/../lib/gcc/arm-none-eabi/11.1.0/../../../../arm-none-eabi/lib/thumb/libsysbase.a(syscall_support.o)
 .text.__libc_lock_init
                0x0000000000000000       0x1c /opt/devkitpro/devkitARM/bin/../lib/gcc/arm-none-eabi/11.1.0/../../../../arm-none-eabi/lib/thumb/libsysbase.a(syscall_support.o)
 .text.__libc_lock_acquire
                0x0000000000000000       0x1c /opt/devkitpro/devkitARM/bin/../lib/gcc/arm-none-eabi/11.1.0/../../../../arm-none-eabi/lib/thumb/libsysbase.a(syscall_support.o)
 .text.__libc_lock_try_acquire
                0x0000000000000000       0x24 /opt/devkitpro/devkitARM/bin/../lib/gcc/arm-none-eabi/11.1.0/../../../../arm-none-eabi/lib/thumb/libsysbase.a(syscall_support.o)
 .text.__libc_lock_release
                0x0000000000000000       0x1c /opt/devkitpro/devkitARM/bin/../lib/gcc/arm-none-eabi/11.1.0/../../../../arm-none-eabi/lib/thumb/libsysbase.a(syscall_support.o)
 .text.__libc_lock_close
                0x0000000000000000       0x1c /opt/devkitpro/devkitARM/bin/../lib/gcc/arm-none-eabi/11.1.0/../../../../arm-none-eabi/lib/thumb/libsysbase.a(syscall_support.o)
 .text.__libc_lock_init_recursive
                0x0000000000000000       0x1c /opt/devkitpro/devkitARM/bin/../lib/gcc/arm-none-eabi/11.1.0/../../../../arm-none-eabi/lib/thumb/libsysbase.a(syscall_support.o)
 .text.__libc_lock_acquire_recursive
                0x0000000000000000       0x1c /opt/devkitpro/devkitARM/bin/../lib/gcc/arm-none-eabi/11.1.0/../../../../arm-none-eabi/lib/thumb/libsysbase.a(syscall_support.o)
 .text.__libc_lock_try_acquire_recursive
                0x0000000000000000       0x24 /opt/devkitpro/devkitARM/bin/../lib/gcc/arm-none-eabi/11.1.0/../../../../arm-none-eabi/lib/thumb/libsysbase.a(syscall_support.o)
 .text.__libc_lock_release_recursive
                0x0000000000000000       0x1c /opt/devkitpro/devkitARM/bin/../lib/gcc/arm-none-eabi/11.1.0/../../../../arm-none-eabi/lib/thumb/libsysbase.a(syscall_support.o)
 .text.__libc_lock_close_recursive
                0x0000000000000000       0x1c /opt/devkitpro/devkitARM/bin/../lib/gcc/arm-none-eabi/11.1.0/../../../../arm-none-eabi/lib/thumb/libsysbase.a(syscall_support.o)
 .data          0x0000000000000000        0x0 /opt/devkitpro/devkitARM/bin/../lib/gcc/arm-none-eabi/11.1.0/thumb/libgcc.a(_udivsi3.o)
 .bss           0x0000000000000000        0x0 /opt/devkitpro/devkitARM/bin/../lib/gcc/arm-none-eabi/11.1.0/thumb/libgcc.a(_udivsi3.o)
 .text          0x0000000000000000        0x0 /opt/devkitpro/devkitARM/bin/../lib/gcc/arm-none-eabi/11.1.0/../../../../arm-none-eabi/lib/thumb/libc.a(lib_a-impure.o)
 .data          0x0000000000000000        0x0 /opt/devkitpro/devkitARM/bin/../lib/gcc/arm-none-eabi/11.1.0/../../../../arm-none-eabi/lib/thumb/libc.a(lib_a-impure.o)
 .bss           0x0000000000000000        0x0 /opt/devkitpro/devkitARM/bin/../lib/gcc/arm-none-eabi/11.1.0/../../../../arm-none-eabi/lib/thumb/libc.a(lib_a-impure.o)
 .rodata._global_impure_ptr
                0x0000000000000000        0x4 /opt/devkitpro/devkitARM/bin/../lib/gcc/arm-none-eabi/11.1.0/../../../../arm-none-eabi/lib/thumb/libc.a(lib_a-impure.o)
 .text          0x0000000000000000        0x0 /opt/devkitpro/devkitARM/bin/../lib/gcc/arm-none-eabi/11.1.0/thumb/crtend.o
 .data          0x0000000000000000        0x0 /opt/devkitpro/devkitARM/bin/../lib/gcc/arm-none-eabi/11.1.0/thumb/crtend.o
 .bss           0x0000000000000000        0x0 /opt/devkitpro/devkitARM/bin/../lib/gcc/arm-none-eabi/11.1.0/thumb/crtend.o
 .rodata.all_implied_fbits
                0x0000000000000000       0x24 /opt/devkitpro/devkitARM/bin/../lib/gcc/arm-none-eabi/11.1.0/thumb/crtend.o
 .text          0x0000000000000000        0x0 /opt/devkitpro/devkitARM/bin/../lib/gcc/arm-none-eabi/11.1.0/thumb/crtn.o
 .data          0x0000000000000000        0x0 /opt/devkitpro/devkitARM/bin/../lib/gcc/arm-none-eabi/11.1.0/thumb/crtn.o
 .bss           0x0000000000000000        0x0 /opt/devkitpro/devkitARM/bin/../lib/gcc/arm-none-eabi/11.1.0/thumb/crtn.o

Memory Configuration

Name             Origin             Length             Attributes
rom              0x0000000008000000 0x0000000002000000
iwram            0x0000000003000000 0x0000000000008000
ewram            0x0000000002000000 0x0000000000040000
*default*        0x0000000000000000 0xffffffffffffffff

Linker script and memory map

                0x0000000008000000                __text_start = ORIGIN (rom)
                0x0000000002040000                __eheap_end = (ORIGIN (ewram) + LENGTH (ewram))
                0x0000000003000000                __iwram_start = ORIGIN (iwram)
                0x0000000003008000                __iwram_top = (ORIGIN (iwram) + LENGTH (iwram))
                0x0000000003007fa0                __sp_irq = (__iwram_top - 0x60)
                0x0000000003007f00                __sp_usr = (__sp_irq - 0xa0)
                0x0000000003007ff8                __irq_flags = 0x3007ff8
                0x0000000008000000                . = __text_start

.crt0           0x0000000008000000      0x210
 *(.crt0)
 .crt0          0x0000000008000000      0x210 /opt/devkitpro/devkitARM/bin/../lib/gcc/arm-none-eabi/11.1.0/../../../../arm-none-eabi/lib/thumb/gba_crt0.o
                0x0000000008000000                _start
                0x00000000080000c4                __boot_method
                0x00000000080000c5                __slave_number
                0x00000000080000e0                start_vector
                0x0000000008000210                . = ALIGN (0x4)

.init           0x0000000008000210        0xc
 *(SORT_NONE(.init))
 .init          0x0000000008000210        0x4 /opt/devkitpro/devkitARM/bin/../lib/gcc/arm-none-eabi/11.1.0/thumb/crti.o
                0x0000000008000210                _init
 .init          0x0000000008000214        0x8 /opt/devkitpro/devkitARM/bin/../lib/gcc/arm-none-eabi/11.1.0/thumb/crtn.o

.plt            0x000000000800021c        0x0
 *(.plt)
                0x000000000800021c                . = ALIGN (0x4)

.text           0x0000000008000220     0x19c8
 *(EXCLUDE_FILE(*.iwram*) .text*)
 .text.__do_global_dtors_aux
                0x0000000008000220       0x2c /opt/devkitpro/devkitARM/bin/../lib/gcc/arm-none-eabi/11.1.0/thumb/crtbegin.o
 .text.frame_dummy
                0x000000000800024c       0x24 /opt/devkitpro/devkitARM/bin/../lib/gcc/arm-none-eabi/11.1.0/thumb/crtbegin.o
 .text.startup  0x0000000008000270       0x48 hello.o
                0x0000000008000270                main
 .text          0x00000000080002b8      0x9b0 ../../tonclib/lib/libtonc.a(tte_main.o)
                0x00000000080002b8                dummy_drawg
                0x00000000080002bc                dummy_erase
                0x00000000080002c0                tte_set_context
                0x00000000080002d8                tte_set_color_attr
                0x00000000080002e8                tte_set_color_attrs
                0x0000000008000304                tte_set_color
                0x0000000008000324                tte_set_colors
                0x0000000008000364                tte_init_base
                0x00000000080003f4                utf8_decode_char
                0x00000000080004a8                tte_cmd_skip
                0x00000000080004b8                tte_cmd_next
                0x00000000080004f4                tte_putc
                0x0000000008000544                tte_erase_rect
                0x0000000008000560                tte_erase_screen
                0x0000000008000584                tte_erase_line
                0x00000000080005ac                tte_cmd_default
                0x0000000008000a60                tte_write
                0x0000000008000b48                tte_write_ex
                0x0000000008000b78                tte_get_text_size
                0x0000000008000c48                tte_set_margins
 .text          0x0000000008000c68      0x170 ../../tonclib/lib/libtonc.a(tte_init_se.o)
                0x0000000008000c68                tte_init_se
 .text          0x0000000008000dd8      0x15c ../../tonclib/lib/libtonc.a(se_drawg.o)
                0x0000000008000dd8                se_erase
                0x0000000008000e04                se_drawg_w8h8
                0x0000000008000e30                se_drawg_w8h16
                0x0000000008000e6c                se_drawg
                0x0000000008000ed0                se_drawg_s
 .text          0x0000000008000f34       0x8c ../../tonclib/lib/libtonc.a(tonc_bios.o)
                0x0000000008000f34                SoftReset
                0x0000000008000f38                RegisterRamReset
                0x0000000008000f3c                Halt
                0x0000000008000f40                Stop
                0x0000000008000f44                IntrWait
                0x0000000008000f48                VBlankIntrWait
                0x0000000008000f4c                Div
                0x0000000008000f50                DivArm
                0x0000000008000f54                Sqrt
                0x0000000008000f58                ArcTan
                0x0000000008000f5c                ArcTan2
                0x0000000008000f60                CpuSet
                0x0000000008000f64                CpuFastSet
                0x0000000008000f68                BiosCheckSum
                0x0000000008000f6c                BgAffineSet
                0x0000000008000f70                ObjAffineSet
                0x0000000008000f74                BitUnPack
                0x0000000008000f78                LZ77UnCompWram
                0x0000000008000f7c                LZ77UnCompVram
                0x0000000008000f80                HuffUnComp
                0x0000000008000f84                RLUnCompWram
                0x0000000008000f88                RLUnCompVram
                0x0000000008000f8c                Diff8bitUnFilterWram
                0x0000000008000f90                Diff8bitUnFilterVram
                0x0000000008000f94                Diff16bitUnFilter
                0x0000000008000f98                SoundBias
                0x0000000008000f9c                SoundDriverInit
                0x0000000008000fa0                SoundDriverMode
                0x0000000008000fa4                SoundDriverMain
                0x0000000008000fa8                SoundDriverVSync
                0x0000000008000fac                SoundChannelClear
                0x0000000008000fb0                MidiKey2Freq
                0x0000000008000fb4                MultiBoot
                0x0000000008000fb8                SoundDriverVSyncOff
                0x0000000008000fbc                SoundDriverVSyncOn
 .text          0x0000000008000fc0       0x54 ../../tonclib/lib/libtonc.a(tonc_bios_ex.o)
                0x0000000008000fc0                VBlankIntrDelay
                0x0000000008000fd0                DivSafe
                0x0000000008000fe4                Mod
                0x0000000008000fec                DivAbs
                0x0000000008000ff4                DivArmMod
                0x0000000008000ffc                DivArmAbs
                0x0000000008001004                CpuFastFill
 .text          0x0000000008001014      0x148 ../../tonclib/lib/libtonc.a(tonc_surface.o)
                0x0000000008001014                srf_init
                0x00000000080010d4                srf_pal_copy
                0x00000000080010fc                srf_get_ptr
 .text          0x000000000800115c      0x4d0 ../../tonclib/lib/libtonc.a(tonc_sbmp16.o)
                0x000000000800115c                sbmp16_get_pixel
                0x000000000800116c                sbmp16_plot
                0x0000000008001180                sbmp16_vline
                0x00000000080011bc                sbmp16_line
                0x0000000008001280                sbmp16_hline
                0x00000000080012b0                sbmp16_blit
                0x0000000008001400                sbmp16_frame
                0x0000000008001488                sbmp16_rect
                0x00000000080014ec                sbmp16_floodfill_internal
                0x0000000008001604                sbmp16_floodfill
 .text          0x000000000800162c       0x44 ../../tonclib/lib/libtonc.a(tonc_memcpy.o)
                0x000000000800162c                memcpy16
 .text          0x0000000008001670       0x3c ../../tonclib/lib/libtonc.a(tonc_memset.o)
                0x0000000008001670                memset16
 .text          0x00000000080016ac      0x150 /opt/devkitpro/devkitARM/bin/../lib/gcc/arm-none-eabi/11.1.0/thumb/libgcc.a(_divsi3.o)
                0x00000000080016ac                __aeabi_idiv
                0x00000000080016ac                __divsi3
                0x00000000080017dc                __aeabi_idivmod
 .text          0x00000000080017fc        0x4 /opt/devkitpro/devkitARM/bin/../lib/gcc/arm-none-eabi/11.1.0/thumb/libgcc.a(_dvmd_tls.o)
                0x00000000080017fc                __aeabi_ldiv0
                0x00000000080017fc                __aeabi_idiv0
 .text.__libc_init_array
                0x0000000008001800       0x50 /opt/devkitpro/devkitARM/bin/../lib/gcc/arm-none-eabi/11.1.0/../../../../arm-none-eabi/lib/thumb/libc.a(lib_a-init.o)
                0x0000000008001800                __libc_init_array
 .text.memset   0x0000000008001850       0xb0 /opt/devkitpro/devkitARM/bin/../lib/gcc/arm-none-eabi/11.1.0/../../../../arm-none-eabi/lib/thumb/libc.a(lib_a-memset.o)
                0x0000000008001850                memset
 .text._strtol_l.part.0
                0x0000000008001900      0x144 /opt/devkitpro/devkitARM/bin/../lib/gcc/arm-none-eabi/11.1.0/../../../../arm-none-eabi/lib/thumb/libc.a(lib_a-strtol.o)
 .text.strtol   0x0000000008001a44       0x30 /opt/devkitpro/devkitARM/bin/../lib/gcc/arm-none-eabi/11.1.0/../../../../arm-none-eabi/lib/thumb/libc.a(lib_a-strtol.o)
                0x0000000008001a44                strtol
 .text.__errno  0x0000000008001a74        0xc /opt/devkitpro/devkitARM/bin/../lib/gcc/arm-none-eabi/11.1.0/../../../../arm-none-eabi/lib/thumb/libc.a(lib_a-errno.o)
                0x0000000008001a74                __errno
 .text.__getreent
                0x0000000008001a80       0x28 /opt/devkitpro/devkitARM/bin/../lib/gcc/arm-none-eabi/11.1.0/../../../../arm-none-eabi/lib/thumb/libsysbase.a(getreent.o)
                0x0000000008001a80                __getreent
 .text          0x0000000008001aa8      0x11c /opt/devkitpro/devkitARM/bin/../lib/gcc/arm-none-eabi/11.1.0/thumb/libgcc.a(_udivsi3.o)
                0x0000000008001aa8                __udivsi3
                0x0000000008001aa8                __aeabi_uidiv
                0x0000000008001ba4                __aeabi_uidivmod
 *fill*         0x0000000008001bc4        0x4 ff
 .text.__stub   0x0000000008001bc8       0x1c linker stubs
 *(.gnu.linkonce.t.*)
 *(.text.*personality*)
 *(.gnu.warning)
 *(.glue_7t)
 .glue_7t       0x0000000008001be8        0x0 linker stubs
 *(.glue_7)
 .glue_7        0x0000000008001be8        0x0 linker stubs
 *(.vfp11_veneer)
 .vfp11_veneer  0x0000000008001be8        0x0 linker stubs
                0x0000000008001be8                . = ALIGN (0x4)
                0x0000000008001be8                __text_end = .

.v4_bx          0x0000000008001be8        0x0
 .v4_bx         0x0000000008001be8        0x0 linker stubs

.iplt           0x0000000008001be8        0x0
 .iplt          0x0000000008001be8        0x0 /opt/devkitpro/devkitARM/bin/../lib/gcc/arm-none-eabi/11.1.0/../../../../arm-none-eabi/lib/thumb/gba_crt0.o

.fini           0x0000000008001be8        0xc
 *(.fini)
 .fini          0x0000000008001be8        0x4 /opt/devkitpro/devkitARM/bin/../lib/gcc/arm-none-eabi/11.1.0/thumb/crti.o
                0x0000000008001be8                _fini
 .fini          0x0000000008001bec        0x8 /opt/devkitpro/devkitARM/bin/../lib/gcc/arm-none-eabi/11.1.0/thumb/crtn.o
                0x0000000008001bf4                . = ALIGN (0x4)

.rodata         0x0000000008001bf4      0x5a4
 *(.rodata)
 .rodata        0x0000000008001bf4      0x150 ../../tonclib/lib/libtonc.a(tte_main.o)
 .rodata        0x0000000008001d44      0x318 ../../tonclib/lib/libtonc.a(sys8.o)
                0x0000000008001d44                sys8Font
                0x0000000008001d5c                sys8Glyphs
 .rodata        0x000000000800205c       0x1c ../../tonclib/lib/libtonc.a(tonc_surface.o)
 *all.rodata*(*)
 *(.roda)
 *(.rodata.*)
 .rodata.str1.4
                0x0000000008002078       0x19 hello.o
 *fill*         0x0000000008002091        0x3 ff
 .rodata._ctype_
                0x0000000008002094      0x101 /opt/devkitpro/devkitARM/bin/../lib/gcc/arm-none-eabi/11.1.0/../../../../arm-none-eabi/lib/thumb/libc.a(lib_a-ctype_.o)
                0x0000000008002094                _ctype_
 *(.gnu.linkonce.r*)
                0x0000000008002198                . = ALIGN (0x4)
 *fill*         0x0000000008002195        0x3 ff

.ARM.extab
 *(.ARM.extab* .gnu.linkonce.armextab.*)
                0x0000000008002198                __exidx_start = .

.ARM.exidx
 *(.ARM.exidx* .gnu.linkonce.armexidx.*)
                0x0000000008002198                __exidx_end = .

.ctors          0x0000000008002198        0x0
 *crtbegin.o(.ctors)
 *(EXCLUDE_FILE(*crtend.o) .ctors)
 *(SORT_BY_NAME(.ctors.*))
 *(.ctors)
                0x0000000008002198                . = ALIGN (0x4)

.dtors          0x0000000008002198        0x0
 *crtbegin.o(.dtors)
 *(EXCLUDE_FILE(*crtend.o) .dtors)
 *(SORT_BY_NAME(.dtors.*))
 *(.dtors)
                0x0000000008002198                . = ALIGN (0x4)

.eh_frame       0x0000000008002198        0x4
 *(.eh_frame)
 .eh_frame      0x0000000008002198        0x0 /opt/devkitpro/devkitARM/bin/../lib/gcc/arm-none-eabi/11.1.0/thumb/crtbegin.o
 .eh_frame      0x0000000008002198        0x4 /opt/devkitpro/devkitARM/bin/../lib/gcc/arm-none-eabi/11.1.0/thumb/crtend.o
                0x000000000800219c                . = ALIGN (0x4)

.gcc_except_table
                0x000000000800219c        0x0
 *(.gcc_except_table)
                0x000000000800219c                . = ALIGN (0x4)
                0x000000000800219c                __iwram_lma = .

.iwram          0x0000000003000000       0x84 load address 0x000000000800219c
                0x0000000003000000                __iwram_start__ = ABSOLUTE (.)
 *(.iwram .iwram*)
 .iwram         0x0000000003000000       0x38 ../../tonclib/lib/libtonc.a(tonc_memcpy.o)
                0x0000000003000000                memcpy32
 .iwram         0x0000000003000038       0x4c ../../tonclib/lib/libtonc.a(tonc_memset.o)
                0x0000000003000038                memset32
 *iwram.*(.text* .data*)
                0x0000000003000084                . = ALIGN (0x4)
                0x0000000003000084                __iwram_end__ = ABSOLUTE (.)
                0x0000000008002220                __data_lma = (__iwram_lma + SIZEOF (.iwram))

.rel.dyn        0x0000000003000084        0x0 load address 0x0000000008002220
 .rel.iplt      0x0000000003000084        0x0 /opt/devkitpro/devkitARM/bin/../lib/gcc/arm-none-eabi/11.1.0/../../../../arm-none-eabi/lib/thumb/gba_crt0.o

.bss            0x0000000003000084       0xb0
                0x0000000003000084                __bss_start = ABSOLUTE (.)
                0x0000000003000084                __bss_start__ = ABSOLUTE (.)
 *(.dynbss)
 *(.gnu.linkonce.b*)
 *(.bss*)
 .bss.completed.1
                0x0000000003000084        0x1 /opt/devkitpro/devkitARM/bin/../lib/gcc/arm-none-eabi/11.1.0/thumb/crtbegin.o
 *fill*         0x0000000003000085        0x3 
 .bss.object.0  0x0000000003000088       0x18 /opt/devkitpro/devkitARM/bin/../lib/gcc/arm-none-eabi/11.1.0/thumb/crtbegin.o
 .bss           0x00000000030000a0       0x48 ../../tonclib/lib/libtonc.a(tte_main.o)
                0x00000000030000a0                __tte_main_context
 .bss.fake_heap_end
                0x00000000030000e8        0x4 /opt/devkitpro/devkitARM/bin/../lib/gcc/arm-none-eabi/11.1.0/../../../../arm-none-eabi/lib/thumb/libsysbase.a(malloc_vars.o)
                0x00000000030000e8                fake_heap_end
 .bss.__syscalls
                0x00000000030000ec       0x48 /opt/devkitpro/devkitARM/bin/../lib/gcc/arm-none-eabi/11.1.0/../../../../arm-none-eabi/lib/thumb/libsysbase.a(syscall_support.o)
                0x00000000030000ec                __syscalls
 *(COMMON)
                0x0000000003000134                . = ALIGN (0x4)
                0x0000000003000134                __bss_end__ = ABSOLUTE (.)

.data           0x0000000003000134      0x46c load address 0x0000000008002220
                0x0000000003000134                __data_start__ = ABSOLUTE (.)
 *(.data*)
 .data          0x0000000003000134        0x4 ../../tonclib/lib/libtonc.a(tte_main.o)
                0x0000000003000134                gp_tte_context
 .data._impure_ptr
                0x0000000003000138        0x4 /opt/devkitpro/devkitARM/bin/../lib/gcc/arm-none-eabi/11.1.0/../../../../arm-none-eabi/lib/thumb/libc.a(lib_a-impure.o)
                0x0000000003000138                _impure_ptr
 *fill*         0x000000000300013c        0x4 ff
 .data.impure_data
                0x0000000003000140      0x460 /opt/devkitpro/devkitARM/bin/../lib/gcc/arm-none-eabi/11.1.0/../../../../arm-none-eabi/lib/thumb/libc.a(lib_a-impure.o)
 *(.gnu.linkonce.d*)
                0x00000000030005a0                . = ALIGN (0x4)
                0x000000000800268c                __preinit_lma = (__data_lma + SIZEOF (.data))

.igot.plt       0x00000000030005a0        0x0 load address 0x000000000800268c
 .igot.plt      0x00000000030005a0        0x0 /opt/devkitpro/devkitARM/bin/../lib/gcc/arm-none-eabi/11.1.0/../../../../arm-none-eabi/lib/thumb/gba_crt0.o

.preinit_array  0x00000000030005a0        0x0 load address 0x000000000800268c
                0x00000000030005a0                __preinit_array_start = ABSOLUTE (.)
 *(.preinit_array)
                0x00000000030005a0                __preinit_array_end = ABSOLUTE (.)
                0x000000000800268c                __init_lma = (__preinit_lma + SIZEOF (.preinit_array))

.init_array     0x00000000030005a0        0x4 load address 0x000000000800268c
                0x00000000030005a0                __init_array_start = ABSOLUTE (.)
 *(SORT_BY_NAME(.init_array.*))
 *(.init_array)
 .init_array    0x00000000030005a0        0x4 /opt/devkitpro/devkitARM/bin/../lib/gcc/arm-none-eabi/11.1.0/thumb/crtbegin.o
                0x00000000030005a4                __init_array_end = ABSOLUTE (.)
                0x0000000008002690                __fini_lma = (__init_lma + SIZEOF (.init_array))

.fini_array     0x00000000030005a4        0x4 load address 0x0000000008002690
                0x00000000030005a4                __fini_array_start = ABSOLUTE (.)
 *(SORT_BY_NAME(.fini_array.*))
 *(.fini_array)
 .fini_array    0x00000000030005a4        0x4 /opt/devkitpro/devkitARM/bin/../lib/gcc/arm-none-eabi/11.1.0/thumb/crtbegin.o
                0x00000000030005a8                __fini_array_end = ABSOLUTE (.)
                0x0000000008002694                __jcr_lma = (__fini_lma + SIZEOF (.fini_array))

.jcr            0x00000000030005a8        0x0 load address 0x0000000008002694
 *(.jcr)
                0x00000000030005a8                __data_end__ = ABSOLUTE (.)
                0x0000000008002694                __iwram_overlay_lma = (__jcr_lma + SIZEOF (.jcr))
                0x00000000030005a8                __iwram_overlay_start = .

.iwram0         0x00000000030005a8        0x0 load address 0x0000000008002694
 *(.iwram0)
                0x00000000030005a8                . = ALIGN (0x4)
                0x0000000008002694                PROVIDE (__load_start_iwram0 = LOADADDR (.iwram0))
                0x0000000008002694                PROVIDE (__load_stop_iwram0 = (LOADADDR (.iwram0) + SIZEOF (.iwram0)))

.iwram1         0x00000000030005a8        0x0
 *(.iwram1)
                0x00000000030005a8                . = ALIGN (0x4)
                [!provide]                        PROVIDE (__load_start_iwram1 = LOADADDR (.iwram1))
                [!provide]                        PROVIDE (__load_stop_iwram1 = (LOADADDR (.iwram1) + SIZEOF (.iwram1)))

.iwram2         0x00000000030005a8        0x0
 *(.iwram2)
                0x00000000030005a8                . = ALIGN (0x4)
                [!provide]                        PROVIDE (__load_start_iwram2 = LOADADDR (.iwram2))
                [!provide]                        PROVIDE (__load_stop_iwram2 = (LOADADDR (.iwram2) + SIZEOF (.iwram2)))

.iwram3         0x00000000030005a8        0x0
 *(.iwram3)
                0x00000000030005a8                . = ALIGN (0x4)
                [!provide]                        PROVIDE (__load_start_iwram3 = LOADADDR (.iwram3))
                [!provide]                        PROVIDE (__load_stop_iwram3 = (LOADADDR (.iwram3) + SIZEOF (.iwram3)))

.iwram4         0x00000000030005a8        0x0
 *(.iwram4)
                0x00000000030005a8                . = ALIGN (0x4)
                [!provide]                        PROVIDE (__load_start_iwram4 = LOADADDR (.iwram4))
                [!provide]                        PROVIDE (__load_stop_iwram4 = (LOADADDR (.iwram4) + SIZEOF (.iwram4)))

.iwram5         0x00000000030005a8        0x0
 *(.iwram5)
                0x00000000030005a8                . = ALIGN (0x4)
                [!provide]                        PROVIDE (__load_start_iwram5 = LOADADDR (.iwram5))
                [!provide]                        PROVIDE (__load_stop_iwram5 = (LOADADDR (.iwram5) + SIZEOF (.iwram5)))

.iwram6         0x00000000030005a8        0x0
 *(.iwram6)
                0x00000000030005a8                . = ALIGN (0x4)
                [!provide]                        PROVIDE (__load_start_iwram6 = LOADADDR (.iwram6))
                [!provide]                        PROVIDE (__load_stop_iwram6 = (LOADADDR (.iwram6) + SIZEOF (.iwram6)))

.iwram7         0x00000000030005a8        0x0
 *(.iwram7)
                0x00000000030005a8                . = ALIGN (0x4)
                [!provide]                        PROVIDE (__load_start_iwram7 = LOADADDR (.iwram7))
                [!provide]                        PROVIDE (__load_stop_iwram7 = (LOADADDR (.iwram7) + SIZEOF (.iwram7)))

.iwram8         0x00000000030005a8        0x0
 *(.iwram8)
                0x00000000030005a8                . = ALIGN (0x4)
                [!provide]                        PROVIDE (__load_start_iwram8 = LOADADDR (.iwram8))
                [!provide]                        PROVIDE (__load_stop_iwram8 = (LOADADDR (.iwram8) + SIZEOF (.iwram8)))

.iwram9         0x00000000030005a8        0x0
 *(.iwram9)
                0x00000000030005a8                . = ALIGN (0x4)
                [!provide]                        PROVIDE (__load_start_iwram9 = LOADADDR (.iwram9))
                [!provide]                        PROVIDE (__load_stop_iwram9 = (LOADADDR (.iwram9) + SIZEOF (.iwram9)))
                0x00000000030005a8                __iwram_overlay_end = .
                0x0000000008002694                __ewram_lma = (__iwram_overlay_lma + (__iwram_overlay_end - __iwram_overlay_start))
                0x00000000030005a8                __iheap_start = .
                0x0000000002000000                __ewram_start = ORIGIN (ewram)

.ewram          0x0000000002000000        0x0 load address 0x0000000008002694
 *(.ewram*)
                0x0000000002000000                . = ALIGN (0x4)
                0x0000000002000000                __ewram_end = ABSOLUTE (.)
                0x0000000008002694                __pad_lma = (__ewram_lma + SIZEOF (.ewram))

.sbss           0x0000000002000000        0x0
                0x0000000002000000                __sbss_start__ = ABSOLUTE (.)
 *(.sbss*)
                0x0000000002000000                . = ALIGN (0x4)
                0x0000000002000000                __sbss_end__ = ABSOLUTE (.)
                0x0000000002000000                __end__ = ABSOLUTE (.)
                0x0000000002000000                __eheap_start = ABSOLUTE (.)

.pad            0x0000000002000000        0x8 load address 0x0000000008002694
                0x0000000002000000        0x4 LONG 0x52416b64
                0x0000000002000004        0x4 LONG 0x4d
                0x0000000002000008                . = ALIGN (0x4)
                0x000000000800269c                __rom_end__ = (__pad_lma + SIZEOF (.pad))

.stab
 *(.stab)

.stabstr
 *(.stabstr)

.stab.excl
 *(.stab.excl)

.stab.exclstr
 *(.stab.exclstr)

.stab.index
 *(.stab.index)

.stab.indexstr
 *(.stab.indexstr)

.comment        0x0000000000000000       0x23
 *(.comment)
 .comment       0x0000000000000000       0x23 /opt/devkitpro/devkitARM/bin/../lib/gcc/arm-none-eabi/11.1.0/thumb/crtbegin.o
                                         0x24 (size before relaxing)
 .comment       0x0000000000000023       0x24 hello.o
 .comment       0x0000000000000023       0x24 ../../tonclib/lib/libtonc.a(tte_main.o)
 .comment       0x0000000000000023       0x24 ../../tonclib/lib/libtonc.a(tte_init_se.o)
 .comment       0x0000000000000023       0x24 ../../tonclib/lib/libtonc.a(se_drawg.o)
 .comment       0x0000000000000023       0x24 ../../tonclib/lib/libtonc.a(tonc_surface.o)
 .comment       0x0000000000000023       0x24 ../../tonclib/lib/libtonc.a(tonc_sbmp16.o)
 .comment       0x0000000000000023       0x24 /opt/devkitpro/devkitARM/bin/../lib/gcc/arm-none-eabi/11.1.0/../../../../arm-none-eabi/lib/thumb/libc.a(lib_a-ctype_.o)
 .comment       0x0000000000000023       0x24 /opt/devkitpro/devkitARM/bin/../lib/gcc/arm-none-eabi/11.1.0/../../../../arm-none-eabi/lib/thumb/libc.a(lib_a-init.o)
 .comment       0x0000000000000023       0x24 /opt/devkitpro/devkitARM/bin/../lib/gcc/arm-none-eabi/11.1.0/../../../../arm-none-eabi/lib/thumb/libc.a(lib_a-memset.o)
 .comment       0x0000000000000023       0x24 /opt/devkitpro/devkitARM/bin/../lib/gcc/arm-none-eabi/11.1.0/../../../../arm-none-eabi/lib/thumb/libc.a(lib_a-strtol.o)
 .comment       0x0000000000000023       0x24 /opt/devkitpro/devkitARM/bin/../lib/gcc/arm-none-eabi/11.1.0/../../../../arm-none-eabi/lib/thumb/libc.a(lib_a-errno.o)
 .comment       0x0000000000000023       0x24 /opt/devkitpro/devkitARM/bin/../lib/gcc/arm-none-eabi/11.1.0/../../../../arm-none-eabi/lib/thumb/libsysbase.a(malloc_vars.o)
 .comment       0x0000000000000023       0x24 /opt/devkitpro/devkitARM/bin/../lib/gcc/arm-none-eabi/11.1.0/../../../../arm-none-eabi/lib/thumb/libsysbase.a(getreent.o)
 .comment       0x0000000000000023       0x24 /opt/devkitpro/devkitARM/bin/../lib/gcc/arm-none-eabi/11.1.0/../../../../arm-none-eabi/lib/thumb/libsysbase.a(syscall_support.o)
 .comment       0x0000000000000023       0x24 /opt/devkitpro/devkitARM/bin/../lib/gcc/arm-none-eabi/11.1.0/../../../../arm-none-eabi/lib/thumb/libc.a(lib_a-impure.o)
 .comment       0x0000000000000023       0x24 /opt/devkitpro/devkitARM/bin/../lib/gcc/arm-none-eabi/11.1.0/thumb/crtend.o

.debug
 *(.debug)

.line
 *(.line)

.debug_srcinfo
 *(.debug_srcinfo)

.debug_sfnames
 *(.debug_sfnames)

.debug_aranges
 *(.debug_aranges)

.debug_pubnames
 *(.debug_pubnames)

.debug_info
 *(.debug_info)

.debug_abbrev
 *(.debug_abbrev)

.debug_line
 *(.debug_line)

.debug_frame
 *(.debug_frame)

.debug_str
 *(.debug_str)

.debug_loc
 *(.debug_loc)

.debug_macinfo
 *(.debug_macinfo)

.debug_weaknames
 *(.debug_weaknames)

.debug_funcnames
 *(.debug_funcnames)

.debug_typenames
 *(.debug_typenames)

.debug_varnames
 *(.debug_varnames)

.stack          0x0000000000080000        0x0
                0x0000000000080000                _stack = .
 *(.stack)

.note.gnu.arm.ident
 *(.note.gnu.arm.ident)

.ARM.attributes
                0x0000000000000000       0x2c
 *(.ARM.attributes)
 .ARM.attributes
                0x0000000000000000       0x20 /opt/devkitpro/devkitARM/bin/../lib/gcc/arm-none-eabi/11.1.0/../../../../arm-none-eabi/lib/thumb/gba_crt0.o
 .ARM.attributes
                0x0000000000000020       0x1c /opt/devkitpro/devkitARM/bin/../lib/gcc/arm-none-eabi/11.1.0/thumb/crti.o
 .ARM.attributes
                0x000000000000003c       0x2a /opt/devkitpro/devkitARM/bin/../lib/gcc/arm-none-eabi/11.1.0/thumb/crtbegin.o
 .ARM.attributes
                0x0000000000000066       0x2a hello.o
 .ARM.attributes
                0x0000000000000090       0x2a ../../tonclib/lib/libtonc.a(tte_main.o)
 .ARM.attributes
                0x00000000000000ba       0x2a ../../tonclib/lib/libtonc.a(tte_init_se.o)
 .ARM.attributes
                0x00000000000000e4       0x2a ../../tonclib/lib/libtonc.a(se_drawg.o)
 .ARM.attributes
                0x000000000000010e       0x1a ../../tonclib/lib/libtonc.a(tonc_bios.o)
 .ARM.attributes
                0x0000000000000128       0x1a ../../tonclib/lib/libtonc.a(tonc_bios_ex.o)
 .ARM.attributes
                0x0000000000000142       0x1a ../../tonclib/lib/libtonc.a(sys8.o)
 .ARM.attributes
                0x000000000000015c       0x2a ../../tonclib/lib/libtonc.a(tonc_surface.o)
 .ARM.attributes
                0x0000000000000186       0x2a ../../tonclib/lib/libtonc.a(tonc_sbmp16.o)
 .ARM.attributes
                0x00000000000001b0       0x1a ../../tonclib/lib/libtonc.a(tonc_memcpy.o)
 .ARM.attributes
                0x00000000000001ca       0x1a ../../tonclib/lib/libtonc.a(tonc_memset.o)
 .ARM.attributes
                0x00000000000001e4       0x1c /opt/devkitpro/devkitARM/bin/../lib/gcc/arm-none-eabi/11.1.0/thumb/libgcc.a(_divsi3.o)
 .ARM.attributes
                0x0000000000000200       0x1c /opt/devkitpro/devkitARM/bin/../lib/gcc/arm-none-eabi/11.1.0/thumb/libgcc.a(_dvmd_tls.o)
 .ARM.attributes
                0x000000000000021c       0x2a /opt/devkitpro/devkitARM/bin/../lib/gcc/arm-none-eabi/11.1.0/../../../../arm-none-eabi/lib/thumb/libc.a(lib_a-ctype_.o)
 .ARM.attributes
                0x0000000000000246       0x2a /opt/devkitpro/devkitARM/bin/../lib/gcc/arm-none-eabi/11.1.0/../../../../arm-none-eabi/lib/thumb/libc.a(lib_a-init.o)
 .ARM.attributes
                0x0000000000000270       0x2a /opt/devkitpro/devkitARM/bin/../lib/gcc/arm-none-eabi/11.1.0/../../../../arm-none-eabi/lib/thumb/libc.a(lib_a-memset.o)
 .ARM.attributes
                0x000000000000029a       0x2a /opt/devkitpro/devkitARM/bin/../lib/gcc/arm-none-eabi/11.1.0/../../../../arm-none-eabi/lib/thumb/libc.a(lib_a-strtol.o)
 .ARM.attributes
                0x00000000000002c4       0x2a /opt/devkitpro/devkitARM/bin/../lib/gcc/arm-none-eabi/11.1.0/../../../../arm-none-eabi/lib/thumb/libc.a(lib_a-errno.o)
 .ARM.attributes
                0x00000000000002ee       0x30 /opt/devkitpro/devkitARM/bin/../lib/gcc/arm-none-eabi/11.1.0/../../../../arm-none-eabi/lib/thumb/libsysbase.a(malloc_vars.o)
 .ARM.attributes
                0x000000000000031e       0x2a /opt/devkitpro/devkitARM/bin/../lib/gcc/arm-none-eabi/11.1.0/../../../../arm-none-eabi/lib/thumb/libsysbase.a(getreent.o)
 .ARM.attributes
                0x0000000000000348       0x2a /opt/devkitpro/devkitARM/bin/../lib/gcc/arm-none-eabi/11.1.0/../../../../arm-none-eabi/lib/thumb/libsysbase.a(syscall_support.o)
 .ARM.attributes
                0x0000000000000372       0x1c /opt/devkitpro/devkitARM/bin/../lib/gcc/arm-none-eabi/11.1.0/thumb/libgcc.a(_udivsi3.o)
 .ARM.attributes
                0x000000000000038e       0x30 /opt/devkitpro/devkitARM/bin/../lib/gcc/arm-none-eabi/11.1.0/../../../../arm-none-eabi/lib/thumb/libc.a(lib_a-impure.o)
 .ARM.attributes
                0x00000000000003be       0x30 /opt/devkitpro/devkitARM/bin/../lib/gcc/arm-none-eabi/11.1.0/thumb/crtend.o
 .ARM.attributes
                0x00000000000003ee       0x1c /opt/devkitpro/devkitARM/bin/../lib/gcc/arm-none-eabi/11.1.0/thumb/crtn.o

/DISCARD/
 *(.note.GNU-stack)
LOAD /opt/devkitpro/devkitARM/bin/../lib/gcc/arm-none-eabi/11.1.0/../../../../arm-none-eabi/lib/thumb/gba_crt0.o
LOAD /opt/devkitpro/devkitARM/bin/../lib/gcc/arm-none-eabi/11.1.0/thumb/crti.o
LOAD /opt/devkitpro/devkitARM/bin/../lib/gcc/arm-none-eabi/11.1.0/thumb/crtbegin.o
LOAD hello.o
LOAD ../../tonclib/lib/libtonc.a
START GROUP
LOAD /opt/devkitpro/devkitARM/bin/../lib/gcc/arm-none-eabi/11.1.0/thumb/libgcc.a
LOAD /opt/devkitpro/devkitARM/bin/../lib/gcc/arm-none-eabi/11.1.0/../../../../arm-none-eabi/lib/thumb/libc.a
LOAD /opt/devkitpro/devkitARM/bin/../lib/gcc/arm-none-eabi/11.1.0/../../../../arm-none-eabi/lib/thumb/libsysbase.a
END GROUP
LOAD /opt/devkitpro/devkitARM/bin/../lib/gcc/arm-none-eabi/11.1.0/thumb/crtend.o
LOAD /opt/devkitpro/devkitARM/bin/../lib/gcc/arm-none-eabi/11.1.0/thumb/crtn.o
OUTPUT(hello.elf elf32-littlearm)
LOAD linker stubs
